******************************************************************************
                  TI ARM Linker PC v20.2.5                     
******************************************************************************
>> Linked Sun Sep 19 19:45:45 2021

OUTPUT FILE NAME:   <FreeRTOS.out>
ENTRY POINT SYMBOL: "_c_int00_noargs"  address: 000042a9


MEMORY CONFIGURATION

         name            origin    length      used     unused   attr    fill
----------------------  --------  ---------  --------  --------  ----  --------
  FLASH                 00000000   00040000  0000451c  0003bae4  R  X
  SRAM                  20000000   00008000  0000519c  00002e64  RW X


SEGMENT ALLOCATION MAP

run origin  load origin   length   init length attrs members
----------  ----------- ---------- ----------- ----- -------
00000000    00000000    00004520   00004520    r-x
  00000000    00000000    0000026c   0000026c    r-- .intvecs
  0000026c    0000026c    00004168   00004168    r-x .text
  000043d4    000043d4    00000108   00000108    r-- .const
  000044e0    000044e0    00000040   00000040    r-- .cinit
20000000    20000000    0000519c   00000000    rw-
  20000000    20000000    00004f50   00000000    rw- .bss
  20004f50    20004f50    00000200   00000000    rw- .stack
  20005150    20005150    0000004c   00000000    rw- .data


SECTION ALLOCATION MAP

 output                                  attributes/
section   page    origin      length       input sections
--------  ----  ----------  ----------   ----------------
.intvecs   0    00000000    0000026c     
                  00000000    0000026c     tm4c123gh6pm_startup_ccs.obj (.intvecs)

.text      0    0000026c    00004168     
                  0000026c    000023b4     tasks.obj (.text)
                  00002620    00000d84     queue.obj (.text)
                  000033a4    0000031c     main.obj (.text)
                  000036c0    000001d8     heap_2.obj (.text)
                  00003898    000001c8     port.obj (.text)
                  00003a60    0000016c     driverlib.lib : gpio.obj (.text:GPIOPadConfigSet)
                  00003bcc    00000132     list.obj (.text)
                  00003cfe    00000002     --HOLE-- [fill = 0]
                  00003d00    00000118     driverlib.lib : sysctl.obj (.text:SysCtlClockGet)
                  00003e18    000000f4                   : sysctl.obj (.text:SysCtlClockSet)
                  00003f0c    000000da     portasm.obj (.text)
                  00003fe6    0000009c     rtsv7M4_T_le_v4SPD16_eabi.lib : memcpy_t2.asm.obj (.text)
                  00004082    0000007a                                   : memset_t2.asm.obj (.text)
                  000040fc    00000068                                   : copy_decompress_lzss.c.obj (.text:decompress:lzss:__TI_decompress_lzss)
                  00004164    0000004c     driverlib.lib : gpio.obj (.text:GPIOPinConfigure)
                  000041b0    00000046                   : uart.obj (.text:UARTConfigSetExpClk)
                  000041f6    00000002     --HOLE-- [fill = 0]
                  000041f8    00000044     rtsv7M4_T_le_v4SPD16_eabi.lib : autoinit.c.obj (.text:__TI_auto_init_nobinit_nopinit:__TI_auto_init_nobinit_nopinit)
                  0000423c    00000038     driverlib.lib : sysctl.obj (.text:SysCtlPeripheralReady)
                  00004274    00000034                   : sysctl.obj (.text:SysCtlPeripheralEnable)
                  000042a8    00000034     rtsv7M4_T_le_v4SPD16_eabi.lib : boot_cortex_m.c.obj (.text:_c_int00_noargs:_c_int00_noargs)
                  000042dc    0000002c     driverlib.lib : gpio.obj (.text:GPIODirModeSet)
                  00004308    00000020                   : uart.obj (.text:UARTDisable)
                  00004328    0000001a                   : gpio.obj (.text:GPIOPinTypeGPIOOutput)
                  00004342    00000002     --HOLE-- [fill = 0]
                  00004344    00000018                   : gpio.obj (.text:GPIOUnlockPin)
                  0000435c    00000016                   : gpio.obj (.text:GPIOPinTypeUART)
                  00004372    00000014                   : uart.obj (.text:UARTEnable)
                  00004386    0000000e     rtsv7M4_T_le_v4SPD16_eabi.lib : copy_decompress_none.c.obj (.text:decompress:none:__TI_decompress_none)
                  00004394    0000000c                                   : copy_zero_init.c.obj (.text:decompress:ZI:__TI_zero_init)
                  000043a0    0000000c     tm4c123gh6pm_startup_ccs.obj (.text)
                  000043ac    0000000a     driverlib.lib : uart.obj (.text:UARTCharGet)
                  000043b6    0000000a                   : uart.obj (.text:UARTCharPut)
                  000043c0    00000006                   : gpio.obj (.text:GPIOPinWrite)
                  000043c6    00000006                   : sysctl.obj (.text:SysCtlDelay)
                  000043cc    00000004     rtsv7M4_T_le_v4SPD16_eabi.lib : pre_init.c.obj (.text:_system_pre_init)
                  000043d0    00000004                                   : exit.c.obj (.text:abort:abort)

.const     0    000043d4    00000108     
                  000043d4    00000090     driverlib.lib : gpio.obj (.const:g_pui32GPIOBaseAddrs)
                  00004464    0000006c                   : sysctl.obj (.const:g_pui32Xtals)
                  000044d0    00000008     port.obj (.const)
                  000044d8    00000004     tasks.obj (.const)

.cinit     0    000044e0    00000040     
                  000044e0    0000001b     (.cinit..data.load) [load image, compression = lzss]
                  000044fb    00000001     --HOLE-- [fill = 0]
                  000044fc    0000000c     (__TI_handler_table)
                  00004508    00000008     (.cinit..bss.load) [load image, compression = zero_init]
                  00004510    00000010     (__TI_cinit_table)

.init_array 
*          0    00000000    00000000     UNINITIALIZED

.bss       0    20000000    00004f50     UNINITIALIZED
                  20000000    00004e20     heap_2.obj (.bss:ucHeap)
                  20004e20    00000064     tasks.obj (.bss:pxReadyTasksLists)
                  20004e84    00000050     (.common:xQueueRegistry)
                  20004ed4    00000014     tasks.obj (.bss:xDelayedTaskList1)
                  20004ee8    00000014     tasks.obj (.bss:xDelayedTaskList2)
                  20004efc    00000014     tasks.obj (.bss:xPendingReadyList)
                  20004f10    00000014     tasks.obj (.bss:xSuspendedTaskList)
                  20004f24    00000014     tasks.obj (.bss:xTasksWaitingTermination)
                  20004f38    00000008     tasks.obj (.bss)
                  20004f40    00000008     heap_2.obj (.bss:xEnd)
                  20004f48    00000008     heap_2.obj (.bss:xStart)

.data      0    20005150    0000004c     UNINITIALIZED
                  20005150    00000034     tasks.obj (.data)
                  20005184    0000000c     port.obj (.data)
                  20005190    00000008     heap_2.obj (.data)
                  20005198    00000004     main.obj (.data)

.stack     0    20004f50    00000200     UNINITIALIZED
                  20004f50    00000004     rtsv7M4_T_le_v4SPD16_eabi.lib : boot_cortex_m.c.obj (.stack)
                  20004f54    000001fc     --HOLE--

__llvm_prf_cnts 
*          0    20000000    00000000     UNINITIALIZED

MODULE SUMMARY

       Module                         code    ro data   rw data
       ------                         ----    -------   -------
    .\
       heap_2.obj                     472     0         20024  
       tasks.obj                      9140    4         260    
       queue.obj                      3460    0         80     
       main.obj                       796     0         4      
       tm4c123gh6pm_startup_ccs.obj   12      620       0      
       port.obj                       456     8         12     
       list.obj                       306     0         0      
       portasm.obj                    218     0         0      
    +--+------------------------------+-------+---------+---------+
       Total:                         14860   632       20380  
                                                               
    C:/ti/TivaWare_C_Series-2.2.0.295/driverlib/ccs/Debug/driverlib.lib
       sysctl.obj                     638     108       0      
       gpio.obj                       562     144       0      
       uart.obj                       142     0         0      
    +--+------------------------------+-------+---------+---------+
       Total:                         1342    252       0      
                                                               
    C:\ti\ccs1040\ccs\tools\compiler\ti-cgt-arm_20.2.5.LTS\lib\rtsv7M4_T_le_v4SPD16_eabi.lib
       memcpy_t2.asm.obj              156     0         0      
       memset_t2.asm.obj              122     0         0      
       copy_decompress_lzss.c.obj     104     0         0      
       autoinit.c.obj                 68      0         0      
       boot_cortex_m.c.obj            52      0         0      
       copy_decompress_none.c.obj     14      0         0      
       copy_zero_init.c.obj           12      0         0      
       exit.c.obj                     4       0         0      
       pre_init.c.obj                 4       0         0      
    +--+------------------------------+-------+---------+---------+
       Total:                         536     0         0      
                                                               
       Stack:                         0       0         512    
       Linker Generated:              0       63        0      
    +--+------------------------------+-------+---------+---------+
       Grand Total:                   16738   947       20892  


LINKER GENERATED COPY TABLES

__TI_cinit_table @ 00004510 records: 2, size/record: 8, table size: 16
	.data: load addr=000044e0, load size=0000001b bytes, run addr=20005150, run size=0000004c bytes, compression=lzss
	.bss: load addr=00004508, load size=00000008 bytes, run addr=20000000, run size=00004f50 bytes, compression=zero_init


LINKER GENERATED HANDLER TABLE

__TI_handler_table @ 000044fc records: 3, size/record: 4, table size: 12
	index: 0, handler: __TI_decompress_lzss
	index: 1, handler: __TI_decompress_none
	index: 2, handler: __TI_zero_init


GLOBAL SYMBOLS: SORTED ALPHABETICALLY BY Name 

address   name                               
-------   ----                               
000043d1  C$$EXIT                            
000042dd  GPIODirModeSet                     
00003a61  GPIOPadConfigSet                   
00004165  GPIOPinConfigure                   
00004329  GPIOPinTypeGPIOOutput              
0000435d  GPIOPinTypeUART                    
000043c1  GPIOPinWrite                       
00004345  GPIOUnlockPin                      
000033a7  PORTF_Init                         
000043a1  ResetISR                           
00003d01  SysCtlClockGet                     
00003e19  SysCtlClockSet                     
000043c7  SysCtlDelay                        
00004275  SysCtlPeripheralEnable             
0000423d  SysCtlPeripheralReady              
000033a5  SystemInit                         
000033cb  UART0_Init                         
000043ad  UARTCharGet                        
000043b7  UARTCharPut                        
000041b1  UARTConfigSetExpClk                
00004309  UARTDisable                        
00004373  UARTEnable                         
0000341f  UART_receiveString                 
0000346b  UART_sendString                    
20005150  __STACK_END                        
00000200  __STACK_SIZE                       
20005150  __STACK_TOP                        
00004510  __TI_CINIT_Base                    
00004520  __TI_CINIT_Limit                   
000044fc  __TI_Handler_Table_Base            
00004508  __TI_Handler_Table_Limit           
000041f9  __TI_auto_init_nobinit_nopinit     
000040fd  __TI_decompress_lzss               
00004387  __TI_decompress_none               
ffffffff  __TI_pprof_out_hndl                
ffffffff  __TI_prof_data_size                
ffffffff  __TI_prof_data_start               
00000000  __TI_static_base__                 
00004395  __TI_zero_init                     
00004083  __aeabi_memclr                     
00004083  __aeabi_memclr4                    
00004083  __aeabi_memclr8                    
00003fe7  __aeabi_memcpy                     
00003fe7  __aeabi_memcpy4                    
00003fe7  __aeabi_memcpy8                    
00004085  __aeabi_memset                     
00004085  __aeabi_memset4                    
00004085  __aeabi_memset8                    
ffffffff  __binit__                          
ffffffff  __c_args__                         
UNDEFED   __mpu_init                         
20004f50  __stack                            
20000000  __start___llvm_prf_cnts            
20000000  __stop___llvm_prf_cnts             
000042a9  _c_int00_noargs                    
UNDEFED   _system_post_cinit                 
000043cd  _system_pre_init                   
000043d1  abort                              
ffffffff  binit                              
00000655  eTaskGetState                      
00000000  g_pfnVectors                       
00003555  main                               
00003fe7  memcpy                             
0000408b  memset                             
00003317  pcQueueGetName                     
00000e19  pcTaskGetName                      
000036c1  pvPortMalloc                       
00001e1f  pvTaskIncrementMutexHeldCount      
20005150  pxCurrentTCB                       
00003899  pxPortInitialiseStack              
00003043  ucQueueGetQueueType                
000044d0  ulMaxSyscallInterruptPriority      
00003f1d  ulPortGetIPSR                      
00001e45  ulTaskGenericNotifyTake            
000024d3  ulTaskGenericNotifyValueClear      
00003cb7  uxListRemove                       
00003023  uxQueueGetQueueNumber              
00002fc1  uxQueueMessagesWaiting             
00002ff7  uxQueueMessagesWaitingFromISR      
00002fd7  uxQueueSpacesAvailable             
00000e0d  uxTaskGetNumberOfTasks             
00001a65  uxTaskGetStackHighWaterMark        
00000fa9  uxTaskGetSystemState               
000017d1  uxTaskGetTaskNumber                
00000719  uxTaskPriorityGet                  
00000741  uxTaskPriorityGetFromISR           
00001df9  uxTaskResetEventItemValue          
000044d8  uxTopUsedPriority                  
00003bcd  vListInitialise                    
00003bfd  vListInitialiseItem                
00003c49  vListInsert                        
00003c0d  vListInsertEnd                     
00003fd9  vPortEnableVFP                     
00003997  vPortEndScheduler                  
00003999  vPortEnterCritical                 
000039b9  vPortExitCritical                  
000037d9  vPortFree                          
0000383d  vPortInitialiseBlocks              
00003f95  vPortSVCHandler                    
000039f5  vPortSetupTimerInterrupt           
00003fb5  vPortStartFirstTask                
00003a0f  vPortValidateInterruptPriority     
000032a9  vQueueAddToRegistry                
0000300d  vQueueDelete                       
00003031  vQueueSetQueueNumber               
00003357  vQueueUnregisterQueue              
0000349f  vTask1                             
00003507  vTask2                             
00000601  vTaskDelay                         
000004c7  vTaskDelete                        
00000be1  vTaskEndScheduler                  
00002321  vTaskGenericNotifyGiveFromISR      
000018d5  vTaskGetInfo                       
000016fb  vTaskInternalSetTimeOutState       
000017c5  vTaskMissedYield                   
000013d1  vTaskPlaceOnEventList              
00001401  vTaskPlaceOnUnorderedEventList     
00001d05  vTaskPriorityDisinheritAfterTimeout
0000078d  vTaskPrioritySet                   
000015c1  vTaskRemoveFromUnorderedEventList  
000009ef  vTaskResume                        
000017f1  vTaskSetTaskNumber                 
000016dd  vTaskSetTimeOutState               
00000b97  vTaskStartScheduler                
000008dd  vTaskSuspend                       
00000bfd  vTaskSuspendAll                    
0000134d  vTaskSwitchContext                 
00003837  xPortGetFreeHeapSize               
00003f35  xPortPendSVHandler                 
00003903  xPortStartScheduler                
000039cf  xPortSysTickHandler                
20005198  xQueue1                            
0000287d  xQueueCreateCountingSemaphore      
000027cd  xQueueCreateMutex                  
000026f3  xQueueGenericCreate                
00002621  xQueueGenericReset                 
000028ad  xQueueGenericSend                  
000029e3  xQueueGenericSendFromISR           
00002a89  xQueueGiveFromISR                  
000027f9  xQueueGiveMutexRecursive           
0000323d  xQueueIsQueueEmptyFromISR          
00003283  xQueueIsQueueFullFromISR           
00002da5  xQueuePeek                         
00002f6b  xQueuePeekFromISR                  
00002b21  xQueueReceive                      
00002ecd  xQueueReceiveFromISR               
20004e84  xQueueRegistry                     
00002c45  xQueueSemaphoreTake                
00002835  xQueueTakeMutexRecursive           
000010a1  xTaskAbortDelay                    
00001081  xTaskCatchUpTicks                  
00001719  xTaskCheckForTimeOut               
0000026d  xTaskCreate                        
00000553  xTaskDelayUntil                    
00001fb5  xTaskGenericNotify                 
0000213d  xTaskGenericNotifyFromISR          
00002489  xTaskGenericNotifyStateClear       
00001eeb  xTaskGenericNotifyWait             
00001ad1  xTaskGetCurrentTaskHandle          
00000f25  xTaskGetHandle                     
0000107b  xTaskGetIdleTaskHandle             
00001af1  xTaskGetSchedulerState             
00000db9  xTaskGetTickCount                  
00000dd9  xTaskGetTickCountFromISR           
00001181  xTaskIncrementTick                 
00001c31  xTaskPriorityDisinherit            
00001b31  xTaskPriorityInherit               
0000146d  xTaskRemoveFromEventList           
00000c19  xTaskResumeAll                     
00000abd  xTaskResumeFromISR                 


GLOBAL SYMBOLS: SORTED BY Symbol Address 

address   name                               
-------   ----                               
00000000  __TI_static_base__                 
00000000  g_pfnVectors                       
00000200  __STACK_SIZE                       
0000026d  xTaskCreate                        
000004c7  vTaskDelete                        
00000553  xTaskDelayUntil                    
00000601  vTaskDelay                         
00000655  eTaskGetState                      
00000719  uxTaskPriorityGet                  
00000741  uxTaskPriorityGetFromISR           
0000078d  vTaskPrioritySet                   
000008dd  vTaskSuspend                       
000009ef  vTaskResume                        
00000abd  xTaskResumeFromISR                 
00000b97  vTaskStartScheduler                
00000be1  vTaskEndScheduler                  
00000bfd  vTaskSuspendAll                    
00000c19  xTaskResumeAll                     
00000db9  xTaskGetTickCount                  
00000dd9  xTaskGetTickCountFromISR           
00000e0d  uxTaskGetNumberOfTasks             
00000e19  pcTaskGetName                      
00000f25  xTaskGetHandle                     
00000fa9  uxTaskGetSystemState               
0000107b  xTaskGetIdleTaskHandle             
00001081  xTaskCatchUpTicks                  
000010a1  xTaskAbortDelay                    
00001181  xTaskIncrementTick                 
0000134d  vTaskSwitchContext                 
000013d1  vTaskPlaceOnEventList              
00001401  vTaskPlaceOnUnorderedEventList     
0000146d  xTaskRemoveFromEventList           
000015c1  vTaskRemoveFromUnorderedEventList  
000016dd  vTaskSetTimeOutState               
000016fb  vTaskInternalSetTimeOutState       
00001719  xTaskCheckForTimeOut               
000017c5  vTaskMissedYield                   
000017d1  uxTaskGetTaskNumber                
000017f1  vTaskSetTaskNumber                 
000018d5  vTaskGetInfo                       
00001a65  uxTaskGetStackHighWaterMark        
00001ad1  xTaskGetCurrentTaskHandle          
00001af1  xTaskGetSchedulerState             
00001b31  xTaskPriorityInherit               
00001c31  xTaskPriorityDisinherit            
00001d05  vTaskPriorityDisinheritAfterTimeout
00001df9  uxTaskResetEventItemValue          
00001e1f  pvTaskIncrementMutexHeldCount      
00001e45  ulTaskGenericNotifyTake            
00001eeb  xTaskGenericNotifyWait             
00001fb5  xTaskGenericNotify                 
0000213d  xTaskGenericNotifyFromISR          
00002321  vTaskGenericNotifyGiveFromISR      
00002489  xTaskGenericNotifyStateClear       
000024d3  ulTaskGenericNotifyValueClear      
00002621  xQueueGenericReset                 
000026f3  xQueueGenericCreate                
000027cd  xQueueCreateMutex                  
000027f9  xQueueGiveMutexRecursive           
00002835  xQueueTakeMutexRecursive           
0000287d  xQueueCreateCountingSemaphore      
000028ad  xQueueGenericSend                  
000029e3  xQueueGenericSendFromISR           
00002a89  xQueueGiveFromISR                  
00002b21  xQueueReceive                      
00002c45  xQueueSemaphoreTake                
00002da5  xQueuePeek                         
00002ecd  xQueueReceiveFromISR               
00002f6b  xQueuePeekFromISR                  
00002fc1  uxQueueMessagesWaiting             
00002fd7  uxQueueSpacesAvailable             
00002ff7  uxQueueMessagesWaitingFromISR      
0000300d  vQueueDelete                       
00003023  uxQueueGetQueueNumber              
00003031  vQueueSetQueueNumber               
00003043  ucQueueGetQueueType                
0000323d  xQueueIsQueueEmptyFromISR          
00003283  xQueueIsQueueFullFromISR           
000032a9  vQueueAddToRegistry                
00003317  pcQueueGetName                     
00003357  vQueueUnregisterQueue              
000033a5  SystemInit                         
000033a7  PORTF_Init                         
000033cb  UART0_Init                         
0000341f  UART_receiveString                 
0000346b  UART_sendString                    
0000349f  vTask1                             
00003507  vTask2                             
00003555  main                               
000036c1  pvPortMalloc                       
000037d9  vPortFree                          
00003837  xPortGetFreeHeapSize               
0000383d  vPortInitialiseBlocks              
00003899  pxPortInitialiseStack              
00003903  xPortStartScheduler                
00003997  vPortEndScheduler                  
00003999  vPortEnterCritical                 
000039b9  vPortExitCritical                  
000039cf  xPortSysTickHandler                
000039f5  vPortSetupTimerInterrupt           
00003a0f  vPortValidateInterruptPriority     
00003a61  GPIOPadConfigSet                   
00003bcd  vListInitialise                    
00003bfd  vListInitialiseItem                
00003c0d  vListInsertEnd                     
00003c49  vListInsert                        
00003cb7  uxListRemove                       
00003d01  SysCtlClockGet                     
00003e19  SysCtlClockSet                     
00003f1d  ulPortGetIPSR                      
00003f35  xPortPendSVHandler                 
00003f95  vPortSVCHandler                    
00003fb5  vPortStartFirstTask                
00003fd9  vPortEnableVFP                     
00003fe7  __aeabi_memcpy                     
00003fe7  __aeabi_memcpy4                    
00003fe7  __aeabi_memcpy8                    
00003fe7  memcpy                             
00004083  __aeabi_memclr                     
00004083  __aeabi_memclr4                    
00004083  __aeabi_memclr8                    
00004085  __aeabi_memset                     
00004085  __aeabi_memset4                    
00004085  __aeabi_memset8                    
0000408b  memset                             
000040fd  __TI_decompress_lzss               
00004165  GPIOPinConfigure                   
000041b1  UARTConfigSetExpClk                
000041f9  __TI_auto_init_nobinit_nopinit     
0000423d  SysCtlPeripheralReady              
00004275  SysCtlPeripheralEnable             
000042a9  _c_int00_noargs                    
000042dd  GPIODirModeSet                     
00004309  UARTDisable                        
00004329  GPIOPinTypeGPIOOutput              
00004345  GPIOUnlockPin                      
0000435d  GPIOPinTypeUART                    
00004373  UARTEnable                         
00004387  __TI_decompress_none               
00004395  __TI_zero_init                     
000043a1  ResetISR                           
000043ad  UARTCharGet                        
000043b7  UARTCharPut                        
000043c1  GPIOPinWrite                       
000043c7  SysCtlDelay                        
000043cd  _system_pre_init                   
000043d1  C$$EXIT                            
000043d1  abort                              
000044d0  ulMaxSyscallInterruptPriority      
000044d8  uxTopUsedPriority                  
000044fc  __TI_Handler_Table_Base            
00004508  __TI_Handler_Table_Limit           
00004510  __TI_CINIT_Base                    
00004520  __TI_CINIT_Limit                   
20000000  __start___llvm_prf_cnts            
20000000  __stop___llvm_prf_cnts             
20004e84  xQueueRegistry                     
20004f50  __stack                            
20005150  __STACK_END                        
20005150  __STACK_TOP                        
20005150  pxCurrentTCB                       
20005198  xQueue1                            
ffffffff  __TI_pprof_out_hndl                
ffffffff  __TI_prof_data_size                
ffffffff  __TI_prof_data_start               
ffffffff  __binit__                          
ffffffff  __c_args__                         
ffffffff  binit                              
UNDEFED   __mpu_init                         
UNDEFED   _system_post_cinit                 

[170 symbols]
