<html>
<body>
<pre>
<h1>µVision Build Log</h1>
<h2>Project:</h2>
G:\Working Directories\Kiel\demo\GPIO_demo\GPIO_2\GPIO_2.uvproj
Project File Date:  09/17/2021

<h2>Output:</h2>
Build target 'Target 1'
compiling main.c...
linking...
Program Size: Code=916 RO-data=636 RW-data=0 ZI-data=608  
".\GPIO_2.axf" - 0 Error(s), 0 Warning(s).
Load "G:\\Working Directories\\Kiel\\demo\\GPIO_demo\\GPIO_2\\GPIO_2.axf" 
Connecting: Mode=JTAG, Speed=1000000Hz
Erase Done.
Programming Done.
Verify OK.
</pre>
</body>
</html>
