******************************************************************************
                  TI ARM Linker PC v20.2.5                     
******************************************************************************
>> Linked Fri Sep 17 15:19:17 2021

OUTPUT FILE NAME:   <TivaWare_Task.out>
ENTRY POINT SYMBOL: "_c_int00_noinit_noargs"  address: 00000765


MEMORY CONFIGURATION

         name            origin    length      used     unused   attr    fill
----------------------  --------  ---------  --------  --------  ----  --------
  FLASH                 00000000   00040000  00000882  0003f77e  R  X
  SRAM                  20000000   00008000  00000200  00007e00  RW X


SEGMENT ALLOCATION MAP

run origin  load origin   length   init length attrs members
----------  ----------- ---------- ----------- ----- -------
00000000    00000000    00000888   00000888    r-x
  00000000    00000000    0000026c   0000026c    r-- .intvecs
  00000270    00000270    000005aa   000005aa    r-x .text
  0000081c    0000081c    0000006c   0000006c    r-- .const
20000000    20000000    00000200   00000000    rw-
  20000000    20000000    00000200   00000000    rw- .stack


SECTION ALLOCATION MAP

 output                                  attributes/
section   page    origin      length       input sections
--------  ----  ----------  ----------   ----------------
.intvecs   0    00000000    0000026c     
                  00000000    0000026c     tm4c123gh6pm_startup_ccs.obj (.intvecs)

.text      0    00000270    000005aa     
                  00000270    00000190     main.obj (.text)
                  00000400    0000016c     driverlib.lib : gpio.obj (.text:GPIOPadConfigSet)
                  0000056c    00000118                   : sysctl.obj (.text:SysCtlClockGet)
                  00000684    00000046                   : uart.obj (.text:UARTConfigSetExpClk)
                  000006ca    00000002     --HOLE-- [fill = 0]
                  000006cc    00000038                   : sysctl.obj (.text:SysCtlPeripheralReady)
                  00000704    00000034                   : sysctl.obj (.text:SysCtlPeripheralEnable)
                  00000738    0000002c                   : gpio.obj (.text:GPIODirModeSet)
                  00000764    0000002c     rtsv7M4_T_le_v4SPD16_eabi.lib : boot_cortex_m.c.obj (.text:_c_int00_noinit_noargs:_c_int00_noinit_noargs)
                  00000790    00000020     driverlib.lib : uart.obj (.text:UARTDisable)
                  000007b0    0000001a                   : gpio.obj (.text:GPIOPinTypeGPIOOutput)
                  000007ca    00000006                   : gpio.obj (.text:GPIOPinWrite)
                  000007d0    0000001a     tm4c123gh6pm_startup_ccs.obj (.text)
                  000007ea    00000014     driverlib.lib : uart.obj (.text:UARTEnable)
                  000007fe    0000000a                   : uart.obj (.text:UARTCharGet)
                  00000808    0000000a                   : uart.obj (.text:UARTCharPut)
                  00000812    00000004     rtsv7M4_T_le_v4SPD16_eabi.lib : pre_init.c.obj (.text:_system_pre_init)
                  00000816    00000004                                   : exit.c.obj (.text:abort:abort)

.const     0    0000081c    0000006c     
                  0000081c    0000006c     driverlib.lib : sysctl.obj (.const:g_pui32Xtals)

.cinit     0    00000000    00000000     UNINITIALIZED

.init_array 
*          0    00000000    00000000     UNINITIALIZED

.stack     0    20000000    00000200     UNINITIALIZED
                  20000000    00000004     rtsv7M4_T_le_v4SPD16_eabi.lib : boot_cortex_m.c.obj (.stack)
                  20000004    000001fc     --HOLE--

__llvm_prf_cnts 
*          0    20000000    00000000     UNINITIALIZED

MODULE SUMMARY

       Module                         code   ro data   rw data
       ------                         ----   -------   -------
    .\
       tm4c123gh6pm_startup_ccs.obj   26     620       0      
       main.obj                       400    0         0      
    +--+------------------------------+------+---------+---------+
       Total:                         426    620       0      
                                                              
    C:/ti/TivaWare_C_Series-2.2.0.295/driverlib/ccs/Debug/driverlib.lib
       sysctl.obj                     388    108       0      
       gpio.obj                       440    0         0      
       uart.obj                       142    0         0      
    +--+------------------------------+------+---------+---------+
       Total:                         970    108       0      
                                                              
    C:\ti\ccs1040\ccs\tools\compiler\ti-cgt-arm_20.2.5.LTS\lib\rtsv7M4_T_le_v4SPD16_eabi.lib
       boot_cortex_m.c.obj            44     0         0      
       exit.c.obj                     4      0         0      
       pre_init.c.obj                 4      0         0      
    +--+------------------------------+------+---------+---------+
       Total:                         52     0         0      
                                                              
       Stack:                         0      0         512    
    +--+------------------------------+------+---------+---------+
       Grand Total:                   1448   728       512    


GLOBAL SYMBOLS: SORTED ALPHABETICALLY BY Name 

address   name                   
-------   ----                   
00000817  C$$EXIT                
00000739  GPIODirModeSet         
00000401  GPIOPadConfigSet       
000007b1  GPIOPinTypeGPIOOutput  
000007cb  GPIOPinWrite           
000002a1  PORTF_Init             
000007d1  ResetISR               
0000056d  SysCtlClockGet         
00000705  SysCtlPeripheralEnable 
000006cd  SysCtlPeripheralReady  
00000271  UART0_Init             
000007ff  UARTCharGet            
00000809  UARTCharPut            
00000685  UARTConfigSetExpClk    
00000791  UARTDisable            
000007eb  UARTEnable             
00000321  UART_receiveString     
000002d9  UART_recieveByte       
000002c1  UART_sendByte          
000002e9  UART_sendString        
20000200  __STACK_END            
00000200  __STACK_SIZE           
20000200  __STACK_TOP            
ffffffff  __TI_pprof_out_hndl    
ffffffff  __TI_prof_data_size    
ffffffff  __TI_prof_data_start   
00000000  __TI_static_base__     
ffffffff  __binit__              
ffffffff  __c_args__             
UNDEFED   __mpu_init             
20000000  __stack                
20000000  __start___llvm_prf_cnts
20000000  __stop___llvm_prf_cnts 
00000765  _c_int00_noinit_noargs 
00000813  _system_pre_init       
00000817  abort                  
ffffffff  binit                  
00000000  g_pfnVectors           
00000369  main                   


GLOBAL SYMBOLS: SORTED BY Symbol Address 

address   name                   
-------   ----                   
00000000  __TI_static_base__     
00000000  g_pfnVectors           
00000200  __STACK_SIZE           
00000271  UART0_Init             
000002a1  PORTF_Init             
000002c1  UART_sendByte          
000002d9  UART_recieveByte       
000002e9  UART_sendString        
00000321  UART_receiveString     
00000369  main                   
00000401  GPIOPadConfigSet       
0000056d  SysCtlClockGet         
00000685  UARTConfigSetExpClk    
000006cd  SysCtlPeripheralReady  
00000705  SysCtlPeripheralEnable 
00000739  GPIODirModeSet         
00000765  _c_int00_noinit_noargs 
00000791  UARTDisable            
000007b1  GPIOPinTypeGPIOOutput  
000007cb  GPIOPinWrite           
000007d1  ResetISR               
000007eb  UARTEnable             
000007ff  UARTCharGet            
00000809  UARTCharPut            
00000813  _system_pre_init       
00000817  C$$EXIT                
00000817  abort                  
20000000  __stack                
20000000  __start___llvm_prf_cnts
20000000  __stop___llvm_prf_cnts 
20000200  __STACK_END            
20000200  __STACK_TOP            
ffffffff  __TI_pprof_out_hndl    
ffffffff  __TI_prof_data_size    
ffffffff  __TI_prof_data_start   
ffffffff  __binit__              
ffffffff  __c_args__             
ffffffff  binit                  
UNDEFED   __mpu_init             

[39 symbols]
