<?xml version="1.0" encoding="ISO-8859-1" ?>
<link_info>
   <banner>TI ARM Linker PC v20.2.5.LTS</banner>
   <copyright>Copyright (c) 1996-2018 Texas Instruments Incorporated</copyright>
   <link_time>0x6156d47f</link_time>
   <link_errors>0x0</link_errors>
   <output_file>FreeRTOS_EX_1.out</output_file>
   <entry_point>
      <name>_c_int00_noargs</name>
      <address>0x4d75</address>
   </entry_point>
   <input_file_list>
      <input_file id="fl-2">
         <path>.\</path>
         <kind>object</kind>
         <file>heap_2.obj</file>
         <name>heap_2.obj</name>
      </input_file>
      <input_file id="fl-3">
         <path>.\</path>
         <kind>object</kind>
         <file>list.obj</file>
         <name>list.obj</name>
      </input_file>
      <input_file id="fl-4">
         <path>.\</path>
         <kind>object</kind>
         <file>main.obj</file>
         <name>main.obj</name>
      </input_file>
      <input_file id="fl-5">
         <path>.\</path>
         <kind>object</kind>
         <file>port.obj</file>
         <name>port.obj</name>
      </input_file>
      <input_file id="fl-6">
         <path>.\</path>
         <kind>object</kind>
         <file>portasm.obj</file>
         <name>portasm.obj</name>
      </input_file>
      <input_file id="fl-7">
         <path>.\</path>
         <kind>object</kind>
         <file>queue.obj</file>
         <name>queue.obj</name>
      </input_file>
      <input_file id="fl-8">
         <path>.\</path>
         <kind>object</kind>
         <file>tasks.obj</file>
         <name>tasks.obj</name>
      </input_file>
      <input_file id="fl-9">
         <path>.\</path>
         <kind>object</kind>
         <file>timers.obj</file>
         <name>timers.obj</name>
      </input_file>
      <input_file id="fl-a">
         <path>.\</path>
         <kind>object</kind>
         <file>tm4c123gh6pm_startup_ccs.obj</file>
         <name>tm4c123gh6pm_startup_ccs.obj</name>
      </input_file>
      <input_file id="fl-f">
         <kind>object</kind>
         <file>&lt;internal&gt;</file>
         <name>&lt;internal&gt;</name>
      </input_file>
      <input_file id="fl-10">
         <path>C:\ti\TivaWare_C_Series-2.2.0.295\driverlib\ccs\Debug\</path>
         <kind>archive</kind>
         <file>driverlib.lib</file>
         <name>gpio.obj</name>
      </input_file>
      <input_file id="fl-11">
         <path>C:\ti\TivaWare_C_Series-2.2.0.295\driverlib\ccs\Debug\</path>
         <kind>archive</kind>
         <file>driverlib.lib</file>
         <name>interrupt.obj</name>
      </input_file>
      <input_file id="fl-12">
         <path>C:\ti\TivaWare_C_Series-2.2.0.295\driverlib\ccs\Debug\</path>
         <kind>archive</kind>
         <file>driverlib.lib</file>
         <name>sysctl.obj</name>
      </input_file>
      <input_file id="fl-13">
         <path>C:\ti\TivaWare_C_Series-2.2.0.295\driverlib\ccs\Debug\</path>
         <kind>archive</kind>
         <file>driverlib.lib</file>
         <name>uart.obj</name>
      </input_file>
      <input_file id="fl-14">
         <path>C:\ti\TivaWare_C_Series-2.2.0.295\driverlib\ccs\Debug\</path>
         <kind>archive</kind>
         <file>driverlib.lib</file>
         <name>cpu.obj</name>
      </input_file>
      <input_file id="fl-ca">
         <path>C:\ti\ccs1040\ccs\tools\compiler\ti-cgt-arm_20.2.5.LTS\lib\</path>
         <kind>archive</kind>
         <file>rtsv7M4_T_le_v4SPD16_eabi.lib</file>
         <name>memcpy_t2.asm.obj</name>
      </input_file>
      <input_file id="fl-cb">
         <path>C:\ti\ccs1040\ccs\tools\compiler\ti-cgt-arm_20.2.5.LTS\lib\</path>
         <kind>archive</kind>
         <file>rtsv7M4_T_le_v4SPD16_eabi.lib</file>
         <name>memset_t2.asm.obj</name>
      </input_file>
      <input_file id="fl-cc">
         <path>C:\ti\ccs1040\ccs\tools\compiler\ti-cgt-arm_20.2.5.LTS\lib\</path>
         <kind>archive</kind>
         <file>rtsv7M4_T_le_v4SPD16_eabi.lib</file>
         <name>copy_zero_init.c.obj</name>
      </input_file>
      <input_file id="fl-cd">
         <path>C:\ti\ccs1040\ccs\tools\compiler\ti-cgt-arm_20.2.5.LTS\lib\</path>
         <kind>archive</kind>
         <file>rtsv7M4_T_le_v4SPD16_eabi.lib</file>
         <name>copy_decompress_none.c.obj</name>
      </input_file>
      <input_file id="fl-ce">
         <path>C:\ti\ccs1040\ccs\tools\compiler\ti-cgt-arm_20.2.5.LTS\lib\</path>
         <kind>archive</kind>
         <file>rtsv7M4_T_le_v4SPD16_eabi.lib</file>
         <name>copy_decompress_lzss.c.obj</name>
      </input_file>
      <input_file id="fl-cf">
         <path>C:\ti\ccs1040\ccs\tools\compiler\ti-cgt-arm_20.2.5.LTS\lib\</path>
         <kind>archive</kind>
         <file>rtsv7M4_T_le_v4SPD16_eabi.lib</file>
         <name>boot_cortex_m.c.obj</name>
      </input_file>
      <input_file id="fl-d0">
         <path>C:\ti\ccs1040\ccs\tools\compiler\ti-cgt-arm_20.2.5.LTS\lib\</path>
         <kind>archive</kind>
         <file>rtsv7M4_T_le_v4SPD16_eabi.lib</file>
         <name>autoinit.c.obj</name>
      </input_file>
      <input_file id="fl-d1">
         <path>C:\ti\ccs1040\ccs\tools\compiler\ti-cgt-arm_20.2.5.LTS\lib\</path>
         <kind>archive</kind>
         <file>rtsv7M4_T_le_v4SPD16_eabi.lib</file>
         <name>pre_init.c.obj</name>
      </input_file>
      <input_file id="fl-d2">
         <path>C:\ti\ccs1040\ccs\tools\compiler\ti-cgt-arm_20.2.5.LTS\lib\</path>
         <kind>archive</kind>
         <file>rtsv7M4_T_le_v4SPD16_eabi.lib</file>
         <name>cpy_tbl.c.obj</name>
      </input_file>
      <input_file id="fl-d3">
         <path>C:\ti\ccs1040\ccs\tools\compiler\ti-cgt-arm_20.2.5.LTS\lib\</path>
         <kind>archive</kind>
         <file>rtsv7M4_T_le_v4SPD16_eabi.lib</file>
         <name>exit.c.obj</name>
      </input_file>
      <input_file id="fl-d4">
         <path>C:\ti\ccs1040\ccs\tools\compiler\ti-cgt-arm_20.2.5.LTS\lib\</path>
         <kind>archive</kind>
         <file>rtsv7M4_T_le_v4SPD16_eabi.lib</file>
         <name>_lock.c.obj</name>
      </input_file>
      <input_file id="fl-d5">
         <path>C:\ti\ccs1040\ccs\tools\compiler\ti-cgt-arm_20.2.5.LTS\lib\</path>
         <kind>archive</kind>
         <file>rtsv7M4_T_le_v4SPD16_eabi.lib</file>
         <name>args_main.c.obj</name>
      </input_file>
   </input_file_list>
   <object_component_list>
      <object_component id="oc-12">
         <name>.intvecs</name>
         <load_address>0x0</load_address>
         <run_address>0x0</run_address>
         <size>0x26c</size>
         <input_file_ref idref="fl-a"/>
      </object_component>
      <object_component id="oc-85">
         <name>.text</name>
         <load_address>0x26c</load_address>
         <run_address>0x26c</run_address>
         <size>0x2450</size>
         <input_file_ref idref="fl-8"/>
      </object_component>
      <object_component id="oc-11e">
         <name>.text</name>
         <load_address>0x26bc</load_address>
         <run_address>0x26bc</run_address>
         <size>0xde4</size>
         <input_file_ref idref="fl-7"/>
      </object_component>
      <object_component id="oc-106">
         <name>.text</name>
         <load_address>0x34a0</load_address>
         <run_address>0x34a0</run_address>
         <size>0x6a4</size>
         <input_file_ref idref="fl-9"/>
      </object_component>
      <object_component id="oc-38">
         <name>.text</name>
         <load_address>0x3b44</load_address>
         <run_address>0x3b44</run_address>
         <size>0x510</size>
         <input_file_ref idref="fl-4"/>
      </object_component>
      <object_component id="oc-17f">
         <name>.text</name>
         <load_address>0x4054</load_address>
         <run_address>0x4054</run_address>
         <size>0x1d8</size>
         <input_file_ref idref="fl-2"/>
      </object_component>
      <object_component id="oc-32">
         <name>.text</name>
         <load_address>0x422c</load_address>
         <run_address>0x422c</run_address>
         <size>0x1c8</size>
         <input_file_ref idref="fl-5"/>
      </object_component>
      <object_component id="oc-ca">
         <name>.text:GPIOPadConfigSet</name>
         <load_address>0x43f4</load_address>
         <run_address>0x43f4</run_address>
         <size>0x16c</size>
         <input_file_ref idref="fl-10"/>
      </object_component>
      <object_component id="oc-185">
         <name>.text</name>
         <load_address>0x4560</load_address>
         <run_address>0x4560</run_address>
         <size>0x132</size>
         <input_file_ref idref="fl-3"/>
      </object_component>
      <object_component id="oc-ee">
         <name>.text:SysCtlClockGet</name>
         <load_address>0x4694</load_address>
         <run_address>0x4694</run_address>
         <size>0x118</size>
         <input_file_ref idref="fl-12"/>
      </object_component>
      <object_component id="oc-124">
         <name>.text:SysCtlClockSet</name>
         <load_address>0x47ac</load_address>
         <run_address>0x47ac</run_address>
         <size>0xf4</size>
         <input_file_ref idref="fl-12"/>
      </object_component>
      <object_component id="oc-2d">
         <name>.text</name>
         <load_address>0x48a0</load_address>
         <run_address>0x48a0</run_address>
         <size>0xda</size>
         <input_file_ref idref="fl-6"/>
      </object_component>
      <object_component id="oc-4c">
         <name>.text</name>
         <load_address>0x497a</load_address>
         <run_address>0x497a</run_address>
         <size>0x9c</size>
         <input_file_ref idref="fl-ca"/>
      </object_component>
      <object_component id="oc-15d">
         <name>.text</name>
         <load_address>0x4a16</load_address>
         <run_address>0x4a16</run_address>
         <size>0x7a</size>
         <input_file_ref idref="fl-cb"/>
      </object_component>
      <object_component id="oc-1e5">
         <name>.text:IntEnable</name>
         <load_address>0x4a90</load_address>
         <run_address>0x4a90</run_address>
         <size>0x68</size>
         <input_file_ref idref="fl-11"/>
      </object_component>
      <object_component id="oc-15">
         <name>.text:decompress:lzss:__TI_decompress_lzss</name>
         <load_address>0x4af8</load_address>
         <run_address>0x4af8</run_address>
         <size>0x68</size>
         <input_file_ref idref="fl-ce"/>
      </object_component>
      <object_component id="oc-dc">
         <name>.text:GPIOIntTypeSet</name>
         <load_address>0x4b60</load_address>
         <run_address>0x4b60</run_address>
         <size>0x58</size>
         <input_file_ref idref="fl-10"/>
      </object_component>
      <object_component id="oc-e2">
         <name>.text:GPIOPinConfigure</name>
         <load_address>0x4bb8</load_address>
         <run_address>0x4bb8</run_address>
         <size>0x4c</size>
         <input_file_ref idref="fl-10"/>
      </object_component>
      <object_component id="oc-f4">
         <name>.text:UARTConfigSetExpClk</name>
         <load_address>0x4c04</load_address>
         <run_address>0x4c04</run_address>
         <size>0x46</size>
         <input_file_ref idref="fl-13"/>
      </object_component>
      <object_component id="oc-1d9">
         <name>.text:_GPIOIntNumberGet</name>
         <load_address>0x4c4c</load_address>
         <run_address>0x4c4c</run_address>
         <size>0x44</size>
         <input_file_ref idref="fl-10"/>
      </object_component>
      <object_component id="oc-251">
         <name>.text:__TI_auto_init_nobinit_nopinit:__TI_auto_init_nobinit_nopinit</name>
         <load_address>0x4c90</load_address>
         <run_address>0x4c90</run_address>
         <size>0x44</size>
         <input_file_ref idref="fl-d0"/>
      </object_component>
      <object_component id="oc-b2">
         <name>.text:SysCtlPeripheralReady</name>
         <load_address>0x4cd4</load_address>
         <run_address>0x4cd4</run_address>
         <size>0x38</size>
         <input_file_ref idref="fl-12"/>
      </object_component>
      <object_component id="oc-1df">
         <name>.text:IntRegister</name>
         <load_address>0x4d0c</load_address>
         <run_address>0x4d0c</run_address>
         <size>0x34</size>
         <input_file_ref idref="fl-11"/>
      </object_component>
      <object_component id="oc-ac">
         <name>.text:SysCtlPeripheralEnable</name>
         <load_address>0x4d40</load_address>
         <run_address>0x4d40</run_address>
         <size>0x34</size>
         <input_file_ref idref="fl-12"/>
      </object_component>
      <object_component id="oc-6a">
         <name>.text:_c_int00_noargs:_c_int00_noargs</name>
         <load_address>0x4d74</load_address>
         <run_address>0x4d74</run_address>
         <size>0x34</size>
         <input_file_ref idref="fl-cf"/>
      </object_component>
      <object_component id="oc-1cf">
         <name>.text:GPIODirModeSet</name>
         <load_address>0x4da8</load_address>
         <run_address>0x4da8</run_address>
         <size>0x2c</size>
         <input_file_ref idref="fl-10"/>
      </object_component>
      <object_component id="oc-1f6">
         <name>.text:UARTDisable</name>
         <load_address>0x4dd4</load_address>
         <run_address>0x4dd4</run_address>
         <size>0x20</size>
         <input_file_ref idref="fl-13"/>
      </object_component>
      <object_component id="oc-be">
         <name>.text:GPIOPinTypeGPIOOutput</name>
         <load_address>0x4df4</load_address>
         <run_address>0x4df4</run_address>
         <size>0x1a</size>
         <input_file_ref idref="fl-10"/>
      </object_component>
      <object_component id="oc-d6">
         <name>.text:GPIOIntRegister</name>
         <load_address>0x4e0e</load_address>
         <run_address>0x4e0e</run_address>
         <size>0x18</size>
         <input_file_ref idref="fl-10"/>
      </object_component>
      <object_component id="oc-b8">
         <name>.text:GPIOUnlockPin</name>
         <load_address>0x4e28</load_address>
         <run_address>0x4e28</run_address>
         <size>0x18</size>
         <input_file_ref idref="fl-10"/>
      </object_component>
      <object_component id="oc-c4">
         <name>.text:GPIOPinTypeGPIOInput</name>
         <load_address>0x4e40</load_address>
         <run_address>0x4e40</run_address>
         <size>0x16</size>
         <input_file_ref idref="fl-10"/>
      </object_component>
      <object_component id="oc-e8">
         <name>.text:GPIOPinTypeUART</name>
         <load_address>0x4e56</load_address>
         <run_address>0x4e56</run_address>
         <size>0x16</size>
         <input_file_ref idref="fl-10"/>
      </object_component>
      <object_component id="oc-fa">
         <name>.text:UARTEnable</name>
         <load_address>0x4e6c</load_address>
         <run_address>0x4e6c</run_address>
         <size>0x14</size>
         <input_file_ref idref="fl-13"/>
      </object_component>
      <object_component id="oc-100">
         <name>.text:GPIOIntStatus</name>
         <load_address>0x4e80</load_address>
         <run_address>0x4e80</run_address>
         <size>0xe</size>
         <input_file_ref idref="fl-10"/>
      </object_component>
      <object_component id="oc-1b">
         <name>.text:decompress:none:__TI_decompress_none</name>
         <load_address>0x4e8e</load_address>
         <run_address>0x4e8e</run_address>
         <size>0xe</size>
         <input_file_ref idref="fl-cd"/>
      </object_component>
      <object_component id="oc-d0">
         <name>.text:GPIOIntEnable</name>
         <load_address>0x4e9c</load_address>
         <run_address>0x4e9c</run_address>
         <size>0xc</size>
         <input_file_ref idref="fl-10"/>
      </object_component>
      <object_component id="oc-5e">
         <name>.text:decompress:ZI:__TI_zero_init</name>
         <load_address>0x4ea8</load_address>
         <run_address>0x4ea8</run_address>
         <size>0xc</size>
         <input_file_ref idref="fl-cc"/>
      </object_component>
      <object_component id="oc-27">
         <name>.text</name>
         <load_address>0x4eb4</load_address>
         <run_address>0x4eb4</run_address>
         <size>0xc</size>
         <input_file_ref idref="fl-a"/>
      </object_component>
      <object_component id="oc-a0">
         <name>.text:UARTCharGet</name>
         <load_address>0x4ec0</load_address>
         <run_address>0x4ec0</run_address>
         <size>0xa</size>
         <input_file_ref idref="fl-13"/>
      </object_component>
      <object_component id="oc-a6">
         <name>.text:UARTCharPut</name>
         <load_address>0x4eca</load_address>
         <run_address>0x4eca</run_address>
         <size>0xa</size>
         <input_file_ref idref="fl-13"/>
      </object_component>
      <object_component id="oc-112">
         <name>.text:GPIOIntClear</name>
         <load_address>0x4ed4</load_address>
         <run_address>0x4ed4</run_address>
         <size>0x6</size>
         <input_file_ref idref="fl-10"/>
      </object_component>
      <object_component id="oc-118">
         <name>.text:GPIOPinRead</name>
         <load_address>0x4eda</load_address>
         <run_address>0x4eda</run_address>
         <size>0x6</size>
         <input_file_ref idref="fl-10"/>
      </object_component>
      <object_component id="oc-10c">
         <name>.text:GPIOPinWrite</name>
         <load_address>0x4ee0</load_address>
         <run_address>0x4ee0</run_address>
         <size>0x6</size>
         <input_file_ref idref="fl-10"/>
      </object_component>
      <object_component id="oc-228">
         <name>.text:SysCtlDelay</name>
         <load_address>0x4ee6</load_address>
         <run_address>0x4ee6</run_address>
         <size>0x6</size>
         <input_file_ref idref="fl-12"/>
      </object_component>
      <object_component id="oc-163">
         <name>.text:_system_pre_init</name>
         <load_address>0x4eec</load_address>
         <run_address>0x4eec</run_address>
         <size>0x4</size>
         <input_file_ref idref="fl-d1"/>
      </object_component>
      <object_component id="oc-245">
         <name>.text:abort:abort</name>
         <load_address>0x4ef0</load_address>
         <run_address>0x4ef0</run_address>
         <size>0x4</size>
         <input_file_ref idref="fl-d3"/>
      </object_component>
      <object_component id="oc-2d7">
         <name>.const:g_ppui32GPIOIntMapSnowflake</name>
         <load_address>0x4ef4</load_address>
         <run_address>0x4ef4</run_address>
         <size>0xd8</size>
         <input_file_ref idref="fl-10"/>
      </object_component>
      <object_component id="oc-2d4">
         <name>.const:g_ppui32GPIOIntMapBlizzard</name>
         <load_address>0x4fcc</load_address>
         <run_address>0x4fcc</run_address>
         <size>0xc0</size>
         <input_file_ref idref="fl-10"/>
      </object_component>
      <object_component id="oc-1ed">
         <name>.const:g_pui32GPIOBaseAddrs</name>
         <load_address>0x508c</load_address>
         <run_address>0x508c</run_address>
         <size>0x90</size>
         <input_file_ref idref="fl-10"/>
      </object_component>
      <object_component id="oc-1f2">
         <name>.const:g_pui32Xtals</name>
         <load_address>0x511c</load_address>
         <run_address>0x511c</run_address>
         <size>0x6c</size>
         <input_file_ref idref="fl-12"/>
      </object_component>
      <object_component id="oc-2e0">
         <name>.const:g_pui32EnRegs</name>
         <load_address>0x5188</load_address>
         <run_address>0x5188</run_address>
         <size>0x14</size>
         <input_file_ref idref="fl-11"/>
      </object_component>
      <object_component id="oc-82">
         <name>.const</name>
         <load_address>0x519c</load_address>
         <run_address>0x519c</run_address>
         <size>0x8</size>
         <input_file_ref idref="fl-5"/>
      </object_component>
      <object_component id="oc-19a">
         <name>.const</name>
         <load_address>0x51a4</load_address>
         <run_address>0x51a4</run_address>
         <size>0x4</size>
         <input_file_ref idref="fl-8"/>
      </object_component>
      <object_component id="oc-38a">
         <name>.cinit..data.load</name>
         <load_address>0x51a8</load_address>
         <run_address>0x51a8</run_address>
         <size>0x29</size>
      </object_component>
      <object_component id="oc-387">
         <name>__TI_handler_table</name>
         <load_address>0x51d4</load_address>
         <run_address>0x51d4</run_address>
         <size>0xc</size>
      </object_component>
      <object_component id="oc-38b">
         <name>.cinit..bss.load</name>
         <load_address>0x51e0</load_address>
         <run_address>0x51e0</run_address>
         <size>0x8</size>
      </object_component>
      <object_component id="oc-389">
         <name>.cinit..vtable.load</name>
         <load_address>0x51e8</load_address>
         <run_address>0x51e8</run_address>
         <size>0x8</size>
      </object_component>
      <object_component id="oc-388">
         <name>__TI_cinit_table</name>
         <load_address>0x51f0</load_address>
         <run_address>0x51f0</run_address>
         <size>0x18</size>
      </object_component>
      <object_component id="oc-2db">
         <name>.vtable</name>
         <uninitialized>true</uninitialized>
         <run_address>0x20000000</run_address>
         <size>0x26c</size>
         <input_file_ref idref="fl-11"/>
      </object_component>
      <object_component id="oc-294">
         <name>.data</name>
         <load_address>0x20005458</load_address>
         <run_address>0x20005458</run_address>
         <size>0x8</size>
         <input_file_ref idref="fl-2"/>
      </object_component>
      <object_component id="oc-130">
         <name>.data:milli_seconds</name>
         <load_address>0x20005440</load_address>
         <run_address>0x20005440</run_address>
         <size>0xa</size>
         <input_file_ref idref="fl-4"/>
      </object_component>
      <object_component id="oc-12d">
         <name>.data</name>
         <load_address>0x2000544a</load_address>
         <run_address>0x2000544a</run_address>
         <size>0x1</size>
         <input_file_ref idref="fl-4"/>
      </object_component>
      <object_component id="oc-8c">
         <name>.data</name>
         <load_address>0x20005434</load_address>
         <run_address>0x20005434</run_address>
         <size>0xc</size>
         <input_file_ref idref="fl-5"/>
      </object_component>
      <object_component id="oc-7f">
         <name>.data</name>
         <load_address>0x20005400</load_address>
         <run_address>0x20005400</run_address>
         <size>0x34</size>
         <input_file_ref idref="fl-8"/>
      </object_component>
      <object_component id="oc-1ff">
         <name>.data</name>
         <load_address>0x2000544c</load_address>
         <run_address>0x2000544c</run_address>
         <size>0xa</size>
         <input_file_ref idref="fl-9"/>
      </object_component>
      <object_component id="oc-29d">
         <name>.bss:ucHeap</name>
         <uninitialized>true</uninitialized>
         <run_address>0x2000026c</run_address>
         <size>0x4e20</size>
         <input_file_ref idref="fl-2"/>
      </object_component>
      <object_component id="oc-297">
         <name>.bss:xStart</name>
         <uninitialized>true</uninitialized>
         <run_address>0x200051e4</run_address>
         <size>0x8</size>
         <input_file_ref idref="fl-2"/>
      </object_component>
      <object_component id="oc-29a">
         <name>.bss:xEnd</name>
         <uninitialized>true</uninitialized>
         <run_address>0x200051dc</run_address>
         <size>0x8</size>
         <input_file_ref idref="fl-2"/>
      </object_component>
      <object_component id="oc-18b">
         <name>.bss:pxReadyTasksLists</name>
         <uninitialized>true</uninitialized>
         <run_address>0x2000508c</run_address>
         <size>0x64</size>
         <input_file_ref idref="fl-8"/>
      </object_component>
      <object_component id="oc-19d">
         <name>.bss:xDelayedTaskList1</name>
         <uninitialized>true</uninitialized>
         <run_address>0x20005168</run_address>
         <size>0x14</size>
         <input_file_ref idref="fl-8"/>
      </object_component>
      <object_component id="oc-1a0">
         <name>.bss:xDelayedTaskList2</name>
         <uninitialized>true</uninitialized>
         <run_address>0x2000517c</run_address>
         <size>0x14</size>
         <input_file_ref idref="fl-8"/>
      </object_component>
      <object_component id="oc-191">
         <name>.bss</name>
         <uninitialized>true</uninitialized>
         <run_address>0x200051cc</run_address>
         <size>0x8</size>
         <input_file_ref idref="fl-8"/>
      </object_component>
      <object_component id="oc-197">
         <name>.bss:xPendingReadyList</name>
         <uninitialized>true</uninitialized>
         <run_address>0x20005190</run_address>
         <size>0x14</size>
         <input_file_ref idref="fl-8"/>
      </object_component>
      <object_component id="oc-18e">
         <name>.bss:xTasksWaitingTermination</name>
         <uninitialized>true</uninitialized>
         <run_address>0x200051b8</run_address>
         <size>0x14</size>
         <input_file_ref idref="fl-8"/>
      </object_component>
      <object_component id="oc-194">
         <name>.bss:xSuspendedTaskList</name>
         <uninitialized>true</uninitialized>
         <run_address>0x200051a4</run_address>
         <size>0x14</size>
         <input_file_ref idref="fl-8"/>
      </object_component>
      <object_component id="oc-205">
         <name>.bss:xActiveTimerList1</name>
         <uninitialized>true</uninitialized>
         <run_address>0x20005140</run_address>
         <size>0x14</size>
         <input_file_ref idref="fl-9"/>
      </object_component>
      <object_component id="oc-208">
         <name>.bss:xActiveTimerList2</name>
         <uninitialized>true</uninitialized>
         <run_address>0x20005154</run_address>
         <size>0x14</size>
         <input_file_ref idref="fl-9"/>
      </object_component>
      <object_component id="oc-202">
         <name>.bss</name>
         <uninitialized>true</uninitialized>
         <run_address>0x200051d4</run_address>
         <size>0x8</size>
         <input_file_ref idref="fl-9"/>
      </object_component>
      <object_component id="oc-133">
         <name>.common:xQueue1</name>
         <uninitialized>true</uninitialized>
         <run_address>0x200051f4</run_address>
         <size>0x4</size>
      </object_component>
      <object_component id="oc-134">
         <name>.common:First_Handle</name>
         <uninitialized>true</uninitialized>
         <run_address>0x200051ec</run_address>
         <size>0x4</size>
      </object_component>
      <object_component id="oc-135">
         <name>.common:Second_Handle</name>
         <uninitialized>true</uninitialized>
         <run_address>0x200051f0</run_address>
         <size>0x4</size>
      </object_component>
      <object_component id="oc-12a">
         <name>.common:xTimer</name>
         <uninitialized>true</uninitialized>
         <run_address>0x200051f8</run_address>
         <size>0x4</size>
      </object_component>
      <object_component id="oc-21a">
         <name>.common:xQueueRegistry</name>
         <uninitialized>true</uninitialized>
         <run_address>0x200050f0</run_address>
         <size>0x50</size>
      </object_component>
      <object_component id="oc-24">
         <name>.stack</name>
         <uninitialized>true</uninitialized>
         <run_address>0x20005200</run_address>
         <size>0x4</size>
         <input_file_ref idref="fl-cf"/>
      </object_component>
      <object_component id="oc-38d">
         <name>.stack</name>
         <uninitialized>true</uninitialized>
         <run_address>0x20005200</run_address>
         <size>0x0</size>
      </object_component>
      <object_component id="oc-1bc">
         <name>.debug_info</name>
         <load_address>0x0</load_address>
         <run_address>0x0</run_address>
         <size>0x416</size>
         <input_file_ref idref="fl-2"/>
      </object_component>
      <object_component id="oc-29e">
         <name>.debug_info</name>
         <load_address>0x416</load_address>
         <run_address>0x416</run_address>
         <size>0xda</size>
         <input_file_ref idref="fl-2"/>
      </object_component>
      <object_component id="oc-298">
         <name>.debug_info</name>
         <load_address>0x4f0</load_address>
         <run_address>0x4f0</run_address>
         <size>0xda</size>
         <input_file_ref idref="fl-2"/>
      </object_component>
      <object_component id="oc-29b">
         <name>.debug_info</name>
         <load_address>0x5ca</load_address>
         <run_address>0x5ca</run_address>
         <size>0xd6</size>
         <input_file_ref idref="fl-2"/>
      </object_component>
      <object_component id="oc-295">
         <name>.debug_info</name>
         <load_address>0x6a0</load_address>
         <run_address>0x6a0</run_address>
         <size>0xf4</size>
         <input_file_ref idref="fl-2"/>
      </object_component>
      <object_component id="oc-180">
         <name>.debug_info</name>
         <load_address>0x794</load_address>
         <run_address>0x794</run_address>
         <size>0x555</size>
         <input_file_ref idref="fl-2"/>
      </object_component>
      <object_component id="oc-1ad">
         <name>.debug_info</name>
         <load_address>0xce9</load_address>
         <run_address>0xce9</run_address>
         <size>0x315</size>
         <input_file_ref idref="fl-2"/>
      </object_component>
      <object_component id="oc-223">
         <name>.debug_info</name>
         <load_address>0xffe</load_address>
         <run_address>0xffe</run_address>
         <size>0x110</size>
         <input_file_ref idref="fl-2"/>
      </object_component>
      <object_component id="oc-143">
         <name>.debug_info</name>
         <load_address>0x110e</load_address>
         <run_address>0x110e</run_address>
         <size>0x26b</size>
         <input_file_ref idref="fl-2"/>
      </object_component>
      <object_component id="oc-28f">
         <name>.debug_info</name>
         <load_address>0x1379</load_address>
         <run_address>0x1379</run_address>
         <size>0x476</size>
         <input_file_ref idref="fl-2"/>
      </object_component>
      <object_component id="oc-2b5">
         <name>.debug_info</name>
         <load_address>0x17ef</load_address>
         <run_address>0x17ef</run_address>
         <size>0x62</size>
         <input_file_ref idref="fl-2"/>
      </object_component>
      <object_component id="oc-47">
         <name>.debug_info</name>
         <load_address>0x1851</load_address>
         <run_address>0x1851</run_address>
         <size>0x84</size>
         <input_file_ref idref="fl-2"/>
      </object_component>
      <object_component id="oc-91">
         <name>.debug_info</name>
         <load_address>0x18d5</load_address>
         <run_address>0x18d5</run_address>
         <size>0x2c</size>
         <input_file_ref idref="fl-2"/>
      </object_component>
      <object_component id="oc-1bd">
         <name>.debug_info</name>
         <load_address>0x1901</load_address>
         <run_address>0x1901</run_address>
         <size>0x2a4</size>
         <input_file_ref idref="fl-2"/>
      </object_component>
      <object_component id="oc-9b">
         <name>.debug_info</name>
         <load_address>0x1ba5</load_address>
         <run_address>0x1ba5</run_address>
         <size>0xbb</size>
         <input_file_ref idref="fl-2"/>
      </object_component>
      <object_component id="oc-96">
         <name>.debug_info</name>
         <load_address>0x1c60</load_address>
         <run_address>0x1c60</run_address>
         <size>0x53</size>
         <input_file_ref idref="fl-2"/>
      </object_component>
      <object_component id="oc-1b2">
         <name>.debug_info</name>
         <load_address>0x1cb3</load_address>
         <run_address>0x1cb3</run_address>
         <size>0x14c</size>
         <input_file_ref idref="fl-2"/>
      </object_component>
      <object_component id="oc-2a2">
         <name>.debug_info</name>
         <load_address>0x1dff</load_address>
         <run_address>0x1dff</run_address>
         <size>0x382</size>
         <input_file_ref idref="fl-3"/>
      </object_component>
      <object_component id="oc-186">
         <name>.debug_info</name>
         <load_address>0x2181</load_address>
         <run_address>0x2181</run_address>
         <size>0x452</size>
         <input_file_ref idref="fl-3"/>
      </object_component>
      <object_component id="oc-12b">
         <name>.debug_info</name>
         <load_address>0x25d3</load_address>
         <run_address>0x25d3</run_address>
         <size>0xbd5</size>
         <input_file_ref idref="fl-4"/>
      </object_component>
      <object_component id="oc-131">
         <name>.debug_info</name>
         <load_address>0x31a8</load_address>
         <run_address>0x31a8</run_address>
         <size>0xe7</size>
         <input_file_ref idref="fl-4"/>
      </object_component>
      <object_component id="oc-12e">
         <name>.debug_info</name>
         <load_address>0x328f</load_address>
         <run_address>0x328f</run_address>
         <size>0xe8</size>
         <input_file_ref idref="fl-4"/>
      </object_component>
      <object_component id="oc-3a">
         <name>.debug_info</name>
         <load_address>0x3377</load_address>
         <run_address>0x3377</run_address>
         <size>0xa94</size>
         <input_file_ref idref="fl-4"/>
      </object_component>
      <object_component id="oc-1b7">
         <name>.debug_info</name>
         <load_address>0x3e0b</load_address>
         <run_address>0x3e0b</run_address>
         <size>0x476</size>
         <input_file_ref idref="fl-4"/>
      </object_component>
      <object_component id="oc-22c">
         <name>.debug_info</name>
         <load_address>0x4281</load_address>
         <run_address>0x4281</run_address>
         <size>0x4f</size>
         <input_file_ref idref="fl-4"/>
      </object_component>
      <object_component id="oc-13c">
         <name>.debug_info</name>
         <load_address>0x42d0</load_address>
         <run_address>0x42d0</run_address>
         <size>0x8b</size>
         <input_file_ref idref="fl-4"/>
      </object_component>
      <object_component id="oc-137">
         <name>.debug_info</name>
         <load_address>0x435b</load_address>
         <run_address>0x435b</run_address>
         <size>0x4f</size>
         <input_file_ref idref="fl-4"/>
      </object_component>
      <object_component id="oc-1a8">
         <name>.debug_info</name>
         <load_address>0x43aa</load_address>
         <run_address>0x43aa</run_address>
         <size>0x53</size>
         <input_file_ref idref="fl-4"/>
      </object_component>
      <object_component id="oc-90">
         <name>.debug_info</name>
         <load_address>0x43fd</load_address>
         <run_address>0x43fd</run_address>
         <size>0x453</size>
         <input_file_ref idref="fl-5"/>
      </object_component>
      <object_component id="oc-83">
         <name>.debug_info</name>
         <load_address>0x4850</load_address>
         <run_address>0x4850</run_address>
         <size>0x14f</size>
         <input_file_ref idref="fl-5"/>
      </object_component>
      <object_component id="oc-8d">
         <name>.debug_info</name>
         <load_address>0x499f</load_address>
         <run_address>0x499f</run_address>
         <size>0x15a</size>
         <input_file_ref idref="fl-5"/>
      </object_component>
      <object_component id="oc-35">
         <name>.debug_info</name>
         <load_address>0x4af9</load_address>
         <run_address>0x4af9</run_address>
         <size>0x63a</size>
         <input_file_ref idref="fl-5"/>
      </object_component>
      <object_component id="oc-2e">
         <name>.debug_info</name>
         <load_address>0x5133</load_address>
         <run_address>0x5133</run_address>
         <size>0x238</size>
         <input_file_ref idref="fl-6"/>
      </object_component>
      <object_component id="oc-21b">
         <name>.debug_info</name>
         <load_address>0x536b</load_address>
         <run_address>0x536b</run_address>
         <size>0x8f6</size>
         <input_file_ref idref="fl-7"/>
      </object_component>
      <object_component id="oc-11f">
         <name>.debug_info</name>
         <load_address>0x5c61</load_address>
         <run_address>0x5c61</run_address>
         <size>0x34d6</size>
         <input_file_ref idref="fl-7"/>
      </object_component>
      <object_component id="oc-2f5">
         <name>.debug_info</name>
         <load_address>0x9137</load_address>
         <run_address>0x9137</run_address>
         <size>0x23f</size>
         <input_file_ref idref="fl-7"/>
      </object_component>
      <object_component id="oc-21e">
         <name>.debug_info</name>
         <load_address>0x9376</load_address>
         <run_address>0x9376</run_address>
         <size>0x46</size>
         <input_file_ref idref="fl-7"/>
      </object_component>
      <object_component id="oc-285">
         <name>.debug_info</name>
         <load_address>0x93bc</load_address>
         <run_address>0x93bc</run_address>
         <size>0x35</size>
         <input_file_ref idref="fl-7"/>
      </object_component>
      <object_component id="oc-177">
         <name>.debug_info</name>
         <load_address>0x93f1</load_address>
         <run_address>0x93f1</run_address>
         <size>0x7fa</size>
         <input_file_ref idref="fl-8"/>
      </object_component>
      <object_component id="oc-80">
         <name>.debug_info</name>
         <load_address>0x9beb</load_address>
         <run_address>0x9beb</run_address>
         <size>0x347</size>
         <input_file_ref idref="fl-8"/>
      </object_component>
      <object_component id="oc-18c">
         <name>.debug_info</name>
         <load_address>0x9f32</load_address>
         <run_address>0x9f32</run_address>
         <size>0xf0</size>
         <input_file_ref idref="fl-8"/>
      </object_component>
      <object_component id="oc-19e">
         <name>.debug_info</name>
         <load_address>0xa022</load_address>
         <run_address>0xa022</run_address>
         <size>0xf0</size>
         <input_file_ref idref="fl-8"/>
      </object_component>
      <object_component id="oc-1a1">
         <name>.debug_info</name>
         <load_address>0xa112</load_address>
         <run_address>0xa112</run_address>
         <size>0xf0</size>
         <input_file_ref idref="fl-8"/>
      </object_component>
      <object_component id="oc-192">
         <name>.debug_info</name>
         <load_address>0xa202</load_address>
         <run_address>0xa202</run_address>
         <size>0x133</size>
         <input_file_ref idref="fl-8"/>
      </object_component>
      <object_component id="oc-198">
         <name>.debug_info</name>
         <load_address>0xa335</load_address>
         <run_address>0xa335</run_address>
         <size>0xf0</size>
         <input_file_ref idref="fl-8"/>
      </object_component>
      <object_component id="oc-18f">
         <name>.debug_info</name>
         <load_address>0xa425</load_address>
         <run_address>0xa425</run_address>
         <size>0xfe</size>
         <input_file_ref idref="fl-8"/>
      </object_component>
      <object_component id="oc-195">
         <name>.debug_info</name>
         <load_address>0xa523</load_address>
         <run_address>0xa523</run_address>
         <size>0xf2</size>
         <input_file_ref idref="fl-8"/>
      </object_component>
      <object_component id="oc-19b">
         <name>.debug_info</name>
         <load_address>0xa615</load_address>
         <run_address>0xa615</run_address>
         <size>0xf1</size>
         <input_file_ref idref="fl-8"/>
      </object_component>
      <object_component id="oc-86">
         <name>.debug_info</name>
         <load_address>0xa706</load_address>
         <run_address>0xa706</run_address>
         <size>0x55cb</size>
         <input_file_ref idref="fl-8"/>
      </object_component>
      <object_component id="oc-178">
         <name>.debug_info</name>
         <load_address>0xfcd1</load_address>
         <run_address>0xfcd1</run_address>
         <size>0x30c</size>
         <input_file_ref idref="fl-8"/>
      </object_component>
      <object_component id="oc-28a">
         <name>.debug_info</name>
         <load_address>0xffdd</load_address>
         <run_address>0xffdd</run_address>
         <size>0x15a</size>
         <input_file_ref idref="fl-8"/>
      </object_component>
      <object_component id="oc-211">
         <name>.debug_info</name>
         <load_address>0x10137</load_address>
         <run_address>0x10137</run_address>
         <size>0x861</size>
         <input_file_ref idref="fl-9"/>
      </object_component>
      <object_component id="oc-206">
         <name>.debug_info</name>
         <load_address>0x10998</load_address>
         <run_address>0x10998</run_address>
         <size>0xf0</size>
         <input_file_ref idref="fl-9"/>
      </object_component>
      <object_component id="oc-209">
         <name>.debug_info</name>
         <load_address>0x10a88</load_address>
         <run_address>0x10a88</run_address>
         <size>0xf0</size>
         <input_file_ref idref="fl-9"/>
      </object_component>
      <object_component id="oc-203">
         <name>.debug_info</name>
         <load_address>0x10b78</load_address>
         <run_address>0x10b78</run_address>
         <size>0x128</size>
         <input_file_ref idref="fl-9"/>
      </object_component>
      <object_component id="oc-200">
         <name>.debug_info</name>
         <load_address>0x10ca0</load_address>
         <run_address>0x10ca0</run_address>
         <size>0x114</size>
         <input_file_ref idref="fl-9"/>
      </object_component>
      <object_component id="oc-109">
         <name>.debug_info</name>
         <load_address>0x10db4</load_address>
         <run_address>0x10db4</run_address>
         <size>0x1d21</size>
         <input_file_ref idref="fl-9"/>
      </object_component>
      <object_component id="oc-212">
         <name>.debug_info</name>
         <load_address>0x12ad5</load_address>
         <run_address>0x12ad5</run_address>
         <size>0x1ce</size>
         <input_file_ref idref="fl-9"/>
      </object_component>
      <object_component id="oc-20c">
         <name>.debug_info</name>
         <load_address>0x12ca3</load_address>
         <run_address>0x12ca3</run_address>
         <size>0x46</size>
         <input_file_ref idref="fl-9"/>
      </object_component>
      <object_component id="oc-40">
         <name>.debug_info</name>
         <load_address>0x12ce9</load_address>
         <run_address>0x12ce9</run_address>
         <size>0x35c</size>
         <input_file_ref idref="fl-a"/>
      </object_component>
      <object_component id="oc-13">
         <name>.debug_info</name>
         <load_address>0x13045</load_address>
         <run_address>0x13045</run_address>
         <size>0xf5</size>
         <input_file_ref idref="fl-a"/>
      </object_component>
      <object_component id="oc-28">
         <name>.debug_info</name>
         <load_address>0x1313a</load_address>
         <run_address>0x1313a</run_address>
         <size>0x271</size>
         <input_file_ref idref="fl-a"/>
      </object_component>
      <object_component id="oc-1ce">
         <name>.debug_info</name>
         <load_address>0x133ab</load_address>
         <run_address>0x133ab</run_address>
         <size>0x3e4</size>
         <input_file_ref idref="fl-10"/>
      </object_component>
      <object_component id="oc-2d5">
         <name>.debug_info</name>
         <load_address>0x1378f</load_address>
         <run_address>0x1378f</run_address>
         <size>0x170</size>
         <input_file_ref idref="fl-10"/>
      </object_component>
      <object_component id="oc-2d8">
         <name>.debug_info</name>
         <load_address>0x138ff</load_address>
         <run_address>0x138ff</run_address>
         <size>0x172</size>
         <input_file_ref idref="fl-10"/>
      </object_component>
      <object_component id="oc-1ee">
         <name>.debug_info</name>
         <load_address>0x13a71</load_address>
         <run_address>0x13a71</run_address>
         <size>0x164</size>
         <input_file_ref idref="fl-10"/>
      </object_component>
      <object_component id="oc-bc">
         <name>.debug_info</name>
         <load_address>0x13bd5</load_address>
         <run_address>0x13bd5</run_address>
         <size>0x284</size>
         <input_file_ref idref="fl-10"/>
      </object_component>
      <object_component id="oc-110">
         <name>.debug_info</name>
         <load_address>0x13e59</load_address>
         <run_address>0x13e59</run_address>
         <size>0x2ac</size>
         <input_file_ref idref="fl-10"/>
      </object_component>
      <object_component id="oc-1d3">
         <name>.debug_info</name>
         <load_address>0x14105</load_address>
         <run_address>0x14105</run_address>
         <size>0x2bc</size>
         <input_file_ref idref="fl-10"/>
      </object_component>
      <object_component id="oc-ce">
         <name>.debug_info</name>
         <load_address>0x143c1</load_address>
         <run_address>0x143c1</run_address>
         <size>0x31f</size>
         <input_file_ref idref="fl-10"/>
      </object_component>
      <object_component id="oc-ec">
         <name>.debug_info</name>
         <load_address>0x146e0</load_address>
         <run_address>0x146e0</run_address>
         <size>0x29b</size>
         <input_file_ref idref="fl-10"/>
      </object_component>
      <object_component id="oc-c2">
         <name>.debug_info</name>
         <load_address>0x1497b</load_address>
         <run_address>0x1497b</run_address>
         <size>0x2c0</size>
         <input_file_ref idref="fl-10"/>
      </object_component>
      <object_component id="oc-c8">
         <name>.debug_info</name>
         <load_address>0x14c3b</load_address>
         <run_address>0x14c3b</run_address>
         <size>0x2a5</size>
         <input_file_ref idref="fl-10"/>
      </object_component>
      <object_component id="oc-11c">
         <name>.debug_info</name>
         <load_address>0x14ee0</load_address>
         <run_address>0x14ee0</run_address>
         <size>0x284</size>
         <input_file_ref idref="fl-10"/>
      </object_component>
      <object_component id="oc-e6">
         <name>.debug_info</name>
         <load_address>0x15164</load_address>
         <run_address>0x15164</run_address>
         <size>0x289</size>
         <input_file_ref idref="fl-10"/>
      </object_component>
      <object_component id="oc-1dd">
         <name>.debug_info</name>
         <load_address>0x153ed</load_address>
         <run_address>0x153ed</run_address>
         <size>0x2a1</size>
         <input_file_ref idref="fl-10"/>
      </object_component>
      <object_component id="oc-e0">
         <name>.debug_info</name>
         <load_address>0x1568e</load_address>
         <run_address>0x1568e</run_address>
         <size>0x2c4</size>
         <input_file_ref idref="fl-10"/>
      </object_component>
      <object_component id="oc-104">
         <name>.debug_info</name>
         <load_address>0x15952</load_address>
         <run_address>0x15952</run_address>
         <size>0x288</size>
         <input_file_ref idref="fl-10"/>
      </object_component>
      <object_component id="oc-da">
         <name>.debug_info</name>
         <load_address>0x15bda</load_address>
         <run_address>0x15bda</run_address>
         <size>0x2d8</size>
         <input_file_ref idref="fl-10"/>
      </object_component>
      <object_component id="oc-d4">
         <name>.debug_info</name>
         <load_address>0x15eb2</load_address>
         <run_address>0x15eb2</run_address>
         <size>0x298</size>
         <input_file_ref idref="fl-10"/>
      </object_component>
      <object_component id="oc-116">
         <name>.debug_info</name>
         <load_address>0x1614a</load_address>
         <run_address>0x1614a</run_address>
         <size>0x296</size>
         <input_file_ref idref="fl-10"/>
      </object_component>
      <object_component id="oc-2c1">
         <name>.debug_info</name>
         <load_address>0x163e0</load_address>
         <run_address>0x163e0</run_address>
         <size>0x26b</size>
         <input_file_ref idref="fl-10"/>
      </object_component>
      <object_component id="oc-2ba">
         <name>.debug_info</name>
         <load_address>0x1664b</load_address>
         <run_address>0x1664b</run_address>
         <size>0x297</size>
         <input_file_ref idref="fl-10"/>
      </object_component>
      <object_component id="oc-2cc">
         <name>.debug_info</name>
         <load_address>0x168e2</load_address>
         <run_address>0x168e2</run_address>
         <size>0xef</size>
         <input_file_ref idref="fl-10"/>
      </object_component>
      <object_component id="oc-1c3">
         <name>.debug_info</name>
         <load_address>0x169d1</load_address>
         <run_address>0x169d1</run_address>
         <size>0xbb</size>
         <input_file_ref idref="fl-10"/>
      </object_component>
      <object_component id="oc-2df">
         <name>.debug_info</name>
         <load_address>0x16a8c</load_address>
         <run_address>0x16a8c</run_address>
         <size>0x3b7</size>
         <input_file_ref idref="fl-11"/>
      </object_component>
      <object_component id="oc-2e1">
         <name>.debug_info</name>
         <load_address>0x16e43</load_address>
         <run_address>0x16e43</run_address>
         <size>0x15b</size>
         <input_file_ref idref="fl-11"/>
      </object_component>
      <object_component id="oc-2dc">
         <name>.debug_info</name>
         <load_address>0x16f9e</load_address>
         <run_address>0x16f9e</run_address>
         <size>0x160</size>
         <input_file_ref idref="fl-11"/>
      </object_component>
      <object_component id="oc-1e0">
         <name>.debug_info</name>
         <load_address>0x170fe</load_address>
         <run_address>0x170fe</run_address>
         <size>0x2ca</size>
         <input_file_ref idref="fl-11"/>
      </object_component>
      <object_component id="oc-1e6">
         <name>.debug_info</name>
         <load_address>0x173c8</load_address>
         <run_address>0x173c8</run_address>
         <size>0x271</size>
         <input_file_ref idref="fl-11"/>
      </object_component>
      <object_component id="oc-1cb">
         <name>.debug_info</name>
         <load_address>0x17639</load_address>
         <run_address>0x17639</run_address>
         <size>0x441</size>
         <input_file_ref idref="fl-12"/>
      </object_component>
      <object_component id="oc-1f3">
         <name>.debug_info</name>
         <load_address>0x17a7a</load_address>
         <run_address>0x17a7a</run_address>
         <size>0x156</size>
         <input_file_ref idref="fl-12"/>
      </object_component>
      <object_component id="oc-b4">
         <name>.debug_info</name>
         <load_address>0x17bd0</load_address>
         <run_address>0x17bd0</run_address>
         <size>0x288</size>
         <input_file_ref idref="fl-12"/>
      </object_component>
      <object_component id="oc-af">
         <name>.debug_info</name>
         <load_address>0x17e58</load_address>
         <run_address>0x17e58</run_address>
         <size>0x286</size>
         <input_file_ref idref="fl-12"/>
      </object_component>
      <object_component id="oc-127">
         <name>.debug_info</name>
         <load_address>0x180de</load_address>
         <run_address>0x180de</run_address>
         <size>0x2e4</size>
         <input_file_ref idref="fl-12"/>
      </object_component>
      <object_component id="oc-f1">
         <name>.debug_info</name>
         <load_address>0x183c2</load_address>
         <run_address>0x183c2</run_address>
         <size>0x2be</size>
         <input_file_ref idref="fl-12"/>
      </object_component>
      <object_component id="oc-2c8">
         <name>.debug_info</name>
         <load_address>0x18680</load_address>
         <run_address>0x18680</run_address>
         <size>0x51</size>
         <input_file_ref idref="fl-12"/>
      </object_component>
      <object_component id="oc-1c8">
         <name>.debug_info</name>
         <load_address>0x186d1</load_address>
         <run_address>0x186d1</run_address>
         <size>0x3cb</size>
         <input_file_ref idref="fl-13"/>
      </object_component>
      <object_component id="oc-fb">
         <name>.debug_info</name>
         <load_address>0x18a9c</load_address>
         <run_address>0x18a9c</run_address>
         <size>0x250</size>
         <input_file_ref idref="fl-13"/>
      </object_component>
      <object_component id="oc-1f7">
         <name>.debug_info</name>
         <load_address>0x18cec</load_address>
         <run_address>0x18cec</run_address>
         <size>0x252</size>
         <input_file_ref idref="fl-13"/>
      </object_component>
      <object_component id="oc-f5">
         <name>.debug_info</name>
         <load_address>0x18f3e</load_address>
         <run_address>0x18f3e</run_address>
         <size>0x32f</size>
         <input_file_ref idref="fl-13"/>
      </object_component>
      <object_component id="oc-a7">
         <name>.debug_info</name>
         <load_address>0x1926d</load_address>
         <run_address>0x1926d</run_address>
         <size>0x27c</size>
         <input_file_ref idref="fl-13"/>
      </object_component>
      <object_component id="oc-a1">
         <name>.debug_info</name>
         <load_address>0x194e9</load_address>
         <run_address>0x194e9</run_address>
         <size>0x256</size>
         <input_file_ref idref="fl-13"/>
      </object_component>
      <object_component id="oc-4e">
         <name>.debug_info</name>
         <load_address>0x1973f</load_address>
         <run_address>0x1973f</run_address>
         <size>0x119</size>
         <input_file_ref idref="fl-ca"/>
      </object_component>
      <object_component id="oc-15e">
         <name>.debug_info</name>
         <load_address>0x19858</load_address>
         <run_address>0x19858</run_address>
         <size>0x147</size>
         <input_file_ref idref="fl-cb"/>
      </object_component>
      <object_component id="oc-15c">
         <name>.debug_info</name>
         <load_address>0x1999f</load_address>
         <run_address>0x1999f</run_address>
         <size>0x2d4</size>
         <input_file_ref idref="fl-cc"/>
      </object_component>
      <object_component id="oc-60">
         <name>.debug_info</name>
         <load_address>0x19c73</load_address>
         <run_address>0x19c73</run_address>
         <size>0x1b5</size>
         <input_file_ref idref="fl-cc"/>
      </object_component>
      <object_component id="oc-157">
         <name>.debug_info</name>
         <load_address>0x19e28</load_address>
         <run_address>0x19e28</run_address>
         <size>0x46</size>
         <input_file_ref idref="fl-cc"/>
      </object_component>
      <object_component id="oc-23c">
         <name>.debug_info</name>
         <load_address>0x19e6e</load_address>
         <run_address>0x19e6e</run_address>
         <size>0x2c</size>
         <input_file_ref idref="fl-cc"/>
      </object_component>
      <object_component id="oc-57">
         <name>.debug_info</name>
         <load_address>0x19e9a</load_address>
         <run_address>0x19e9a</run_address>
         <size>0x2a8</size>
         <input_file_ref idref="fl-cd"/>
      </object_component>
      <object_component id="oc-1f">
         <name>.debug_info</name>
         <load_address>0x1a142</load_address>
         <run_address>0x1a142</run_address>
         <size>0x1ea</size>
         <input_file_ref idref="fl-cd"/>
      </object_component>
      <object_component id="oc-52">
         <name>.debug_info</name>
         <load_address>0x1a32c</load_address>
         <run_address>0x1a32c</run_address>
         <size>0x46</size>
         <input_file_ref idref="fl-cd"/>
      </object_component>
      <object_component id="oc-14f">
         <name>.debug_info</name>
         <load_address>0x1a372</load_address>
         <run_address>0x1a372</run_address>
         <size>0x2c</size>
         <input_file_ref idref="fl-cd"/>
      </object_component>
      <object_component id="oc-14d">
         <name>.debug_info</name>
         <load_address>0x1a39e</load_address>
         <run_address>0x1a39e</run_address>
         <size>0x29e</size>
         <input_file_ref idref="fl-ce"/>
      </object_component>
      <object_component id="oc-16">
         <name>.debug_info</name>
         <load_address>0x1a63c</load_address>
         <run_address>0x1a63c</run_address>
         <size>0x250</size>
         <input_file_ref idref="fl-ce"/>
      </object_component>
      <object_component id="oc-42">
         <name>.debug_info</name>
         <load_address>0x1a88c</load_address>
         <run_address>0x1a88c</run_address>
         <size>0x60</size>
         <input_file_ref idref="fl-ce"/>
      </object_component>
      <object_component id="oc-235">
         <name>.debug_info</name>
         <load_address>0x1a8ec</load_address>
         <run_address>0x1a8ec</run_address>
         <size>0x46</size>
         <input_file_ref idref="fl-ce"/>
      </object_component>
      <object_component id="oc-148">
         <name>.debug_info</name>
         <load_address>0x1a932</load_address>
         <run_address>0x1a932</run_address>
         <size>0x39</size>
         <input_file_ref idref="fl-ce"/>
      </object_component>
      <object_component id="oc-25">
         <name>.debug_info</name>
         <load_address>0x1a96b</load_address>
         <run_address>0x1a96b</run_address>
         <size>0x10b</size>
         <input_file_ref idref="fl-cf"/>
      </object_component>
      <object_component id="oc-6c">
         <name>.debug_info</name>
         <load_address>0x1aa76</load_address>
         <run_address>0x1aa76</run_address>
         <size>0x1a9</size>
         <input_file_ref idref="fl-cf"/>
      </object_component>
      <object_component id="oc-305">
         <name>.debug_info</name>
         <load_address>0x1ac1f</load_address>
         <run_address>0x1ac1f</run_address>
         <size>0x4b3</size>
         <input_file_ref idref="fl-d0"/>
      </object_component>
      <object_component id="oc-254">
         <name>.debug_info</name>
         <load_address>0x1b0d2</load_address>
         <run_address>0x1b0d2</run_address>
         <size>0x1a6</size>
         <input_file_ref idref="fl-d0"/>
      </object_component>
      <object_component id="oc-33e">
         <name>.debug_info</name>
         <load_address>0x1b278</load_address>
         <run_address>0x1b278</run_address>
         <size>0x39</size>
         <input_file_ref idref="fl-d0"/>
      </object_component>
      <object_component id="oc-352">
         <name>.debug_info</name>
         <load_address>0x1b2b1</load_address>
         <run_address>0x1b2b1</run_address>
         <size>0x39</size>
         <input_file_ref idref="fl-d0"/>
      </object_component>
      <object_component id="oc-343">
         <name>.debug_info</name>
         <load_address>0x1b2ea</load_address>
         <run_address>0x1b2ea</run_address>
         <size>0x39</size>
         <input_file_ref idref="fl-d0"/>
      </object_component>
      <object_component id="oc-348">
         <name>.debug_info</name>
         <load_address>0x1b323</load_address>
         <run_address>0x1b323</run_address>
         <size>0xcd</size>
         <input_file_ref idref="fl-d0"/>
      </object_component>
      <object_component id="oc-164">
         <name>.debug_info</name>
         <load_address>0x1b3f0</load_address>
         <run_address>0x1b3f0</run_address>
         <size>0x153</size>
         <input_file_ref idref="fl-d1"/>
      </object_component>
      <object_component id="oc-246">
         <name>.debug_info</name>
         <load_address>0x1b543</load_address>
         <run_address>0x1b543</run_address>
         <size>0x122</size>
         <input_file_ref idref="fl-d3"/>
      </object_component>
      <object_component id="oc-38e">
         <name>.debug_info</name>
         <load_address>0x1b665</load_address>
         <run_address>0x1b665</run_address>
         <size>0xac</size>
      </object_component>
      <object_component id="oc-2b4">
         <name>.debug_line</name>
         <load_address>0x0</load_address>
         <run_address>0x0</run_address>
         <size>0x2d</size>
         <input_file_ref idref="fl-2"/>
      </object_component>
      <object_component id="oc-321">
         <name>.debug_line</name>
         <load_address>0x2d</load_address>
         <run_address>0x2d</run_address>
         <size>0x2f</size>
         <input_file_ref idref="fl-2"/>
      </object_component>
      <object_component id="oc-31d">
         <name>.debug_line</name>
         <load_address>0x5c</load_address>
         <run_address>0x5c</run_address>
         <size>0x2f</size>
         <input_file_ref idref="fl-2"/>
      </object_component>
      <object_component id="oc-31f">
         <name>.debug_line</name>
         <load_address>0x8b</load_address>
         <run_address>0x8b</run_address>
         <size>0x2f</size>
         <input_file_ref idref="fl-2"/>
      </object_component>
      <object_component id="oc-31b">
         <name>.debug_line</name>
         <load_address>0xba</load_address>
         <run_address>0xba</run_address>
         <size>0x2f</size>
         <input_file_ref idref="fl-2"/>
      </object_component>
      <object_component id="oc-184">
         <name>.debug_line</name>
         <load_address>0xe9</load_address>
         <run_address>0xe9</run_address>
         <size>0x106</size>
         <input_file_ref idref="fl-2"/>
      </object_component>
      <object_component id="oc-1b0">
         <name>.debug_line</name>
         <load_address>0x1ef</load_address>
         <run_address>0x1ef</run_address>
         <size>0x2d</size>
         <input_file_ref idref="fl-2"/>
      </object_component>
      <object_component id="oc-226">
         <name>.debug_line</name>
         <load_address>0x21c</load_address>
         <run_address>0x21c</run_address>
         <size>0x6b</size>
         <input_file_ref idref="fl-2"/>
      </object_component>
      <object_component id="oc-146">
         <name>.debug_line</name>
         <load_address>0x287</load_address>
         <run_address>0x287</run_address>
         <size>0x6f</size>
         <input_file_ref idref="fl-2"/>
      </object_component>
      <object_component id="oc-292">
         <name>.debug_line</name>
         <load_address>0x2f6</load_address>
         <run_address>0x2f6</run_address>
         <size>0x31</size>
         <input_file_ref idref="fl-2"/>
      </object_component>
      <object_component id="oc-2b8">
         <name>.debug_line</name>
         <load_address>0x327</load_address>
         <run_address>0x327</run_address>
         <size>0x2f</size>
         <input_file_ref idref="fl-2"/>
      </object_component>
      <object_component id="oc-4a">
         <name>.debug_line</name>
         <load_address>0x356</load_address>
         <run_address>0x356</run_address>
         <size>0x20</size>
         <input_file_ref idref="fl-2"/>
      </object_component>
      <object_component id="oc-94">
         <name>.debug_line</name>
         <load_address>0x376</load_address>
         <run_address>0x376</run_address>
         <size>0x31</size>
         <input_file_ref idref="fl-2"/>
      </object_component>
      <object_component id="oc-1c0">
         <name>.debug_line</name>
         <load_address>0x3a7</load_address>
         <run_address>0x3a7</run_address>
         <size>0x73</size>
         <input_file_ref idref="fl-2"/>
      </object_component>
      <object_component id="oc-9e">
         <name>.debug_line</name>
         <load_address>0x41a</load_address>
         <run_address>0x41a</run_address>
         <size>0x70</size>
         <input_file_ref idref="fl-2"/>
      </object_component>
      <object_component id="oc-99">
         <name>.debug_line</name>
         <load_address>0x48a</load_address>
         <run_address>0x48a</run_address>
         <size>0x32</size>
         <input_file_ref idref="fl-2"/>
      </object_component>
      <object_component id="oc-1b5">
         <name>.debug_line</name>
         <load_address>0x4bc</load_address>
         <run_address>0x4bc</run_address>
         <size>0x2d</size>
         <input_file_ref idref="fl-2"/>
      </object_component>
      <object_component id="oc-323">
         <name>.debug_line</name>
         <load_address>0x4e9</load_address>
         <run_address>0x4e9</run_address>
         <size>0x20</size>
         <input_file_ref idref="fl-3"/>
      </object_component>
      <object_component id="oc-189">
         <name>.debug_line</name>
         <load_address>0x509</load_address>
         <run_address>0x509</run_address>
         <size>0xe0</size>
         <input_file_ref idref="fl-3"/>
      </object_component>
      <object_component id="oc-22b">
         <name>.debug_line</name>
         <load_address>0x5e9</load_address>
         <run_address>0x5e9</run_address>
         <size>0xfb</size>
         <input_file_ref idref="fl-4"/>
      </object_component>
      <object_component id="oc-234">
         <name>.debug_line</name>
         <load_address>0x6e4</load_address>
         <run_address>0x6e4</run_address>
         <size>0x2d</size>
         <input_file_ref idref="fl-4"/>
      </object_component>
      <object_component id="oc-232">
         <name>.debug_line</name>
         <load_address>0x711</load_address>
         <run_address>0x711</run_address>
         <size>0x2d</size>
         <input_file_ref idref="fl-4"/>
      </object_component>
      <object_component id="oc-39">
         <name>.debug_line</name>
         <load_address>0x73e</load_address>
         <run_address>0x73e</run_address>
         <size>0x1df</size>
         <input_file_ref idref="fl-4"/>
      </object_component>
      <object_component id="oc-1ba">
         <name>.debug_line</name>
         <load_address>0x91d</load_address>
         <run_address>0x91d</run_address>
         <size>0x31</size>
         <input_file_ref idref="fl-4"/>
      </object_component>
      <object_component id="oc-22f">
         <name>.debug_line</name>
         <load_address>0x94e</load_address>
         <run_address>0x94e</run_address>
         <size>0x2e</size>
         <input_file_ref idref="fl-4"/>
      </object_component>
      <object_component id="oc-13f">
         <name>.debug_line</name>
         <load_address>0x97c</load_address>
         <run_address>0x97c</run_address>
         <size>0x20</size>
         <input_file_ref idref="fl-4"/>
      </object_component>
      <object_component id="oc-13a">
         <name>.debug_line</name>
         <load_address>0x99c</load_address>
         <run_address>0x99c</run_address>
         <size>0x2f</size>
         <input_file_ref idref="fl-4"/>
      </object_component>
      <object_component id="oc-1ab">
         <name>.debug_line</name>
         <load_address>0x9cb</load_address>
         <run_address>0x9cb</run_address>
         <size>0x6b</size>
         <input_file_ref idref="fl-4"/>
      </object_component>
      <object_component id="oc-1a7">
         <name>.debug_line</name>
         <load_address>0xa36</load_address>
         <run_address>0xa36</run_address>
         <size>0x3a</size>
         <input_file_ref idref="fl-5"/>
      </object_component>
      <object_component id="oc-17e">
         <name>.debug_line</name>
         <load_address>0xa70</load_address>
         <run_address>0xa70</run_address>
         <size>0x2d</size>
         <input_file_ref idref="fl-5"/>
      </object_component>
      <object_component id="oc-1a5">
         <name>.debug_line</name>
         <load_address>0xa9d</load_address>
         <run_address>0xa9d</run_address>
         <size>0x2d</size>
         <input_file_ref idref="fl-5"/>
      </object_component>
      <object_component id="oc-34">
         <name>.debug_line</name>
         <load_address>0xaca</load_address>
         <run_address>0xaca</run_address>
         <size>0x160</size>
         <input_file_ref idref="fl-5"/>
      </object_component>
      <object_component id="oc-31">
         <name>.debug_line</name>
         <load_address>0xc2a</load_address>
         <run_address>0xc2a</run_address>
         <size>0xc2</size>
         <input_file_ref idref="fl-6"/>
      </object_component>
      <object_component id="oc-2f4">
         <name>.debug_line</name>
         <load_address>0xcec</load_address>
         <run_address>0xcec</run_address>
         <size>0x6b</size>
         <input_file_ref idref="fl-7"/>
      </object_component>
      <object_component id="oc-122">
         <name>.debug_line</name>
         <load_address>0xd57</load_address>
         <run_address>0xd57</run_address>
         <size>0x896</size>
         <input_file_ref idref="fl-7"/>
      </object_component>
      <object_component id="oc-2f8">
         <name>.debug_line</name>
         <load_address>0x15ed</load_address>
         <run_address>0x15ed</run_address>
         <size>0x2e</size>
         <input_file_ref idref="fl-7"/>
      </object_component>
      <object_component id="oc-221">
         <name>.debug_line</name>
         <load_address>0x161b</load_address>
         <run_address>0x161b</run_address>
         <size>0x2e</size>
         <input_file_ref idref="fl-7"/>
      </object_component>
      <object_component id="oc-288">
         <name>.debug_line</name>
         <load_address>0x1649</load_address>
         <run_address>0x1649</run_address>
         <size>0x74</size>
         <input_file_ref idref="fl-7"/>
      </object_component>
      <object_component id="oc-284">
         <name>.debug_line</name>
         <load_address>0x16bd</load_address>
         <run_address>0x16bd</run_address>
         <size>0xaa</size>
         <input_file_ref idref="fl-8"/>
      </object_component>
      <object_component id="oc-176">
         <name>.debug_line</name>
         <load_address>0x1767</load_address>
         <run_address>0x1767</run_address>
         <size>0x2e</size>
         <input_file_ref idref="fl-8"/>
      </object_component>
      <object_component id="oc-2a4">
         <name>.debug_line</name>
         <load_address>0x1795</load_address>
         <run_address>0x1795</run_address>
         <size>0x2e</size>
         <input_file_ref idref="fl-8"/>
      </object_component>
      <object_component id="oc-2b0">
         <name>.debug_line</name>
         <load_address>0x17c3</load_address>
         <run_address>0x17c3</run_address>
         <size>0x2e</size>
         <input_file_ref idref="fl-8"/>
      </object_component>
      <object_component id="oc-2b2">
         <name>.debug_line</name>
         <load_address>0x17f1</load_address>
         <run_address>0x17f1</run_address>
         <size>0x2e</size>
         <input_file_ref idref="fl-8"/>
      </object_component>
      <object_component id="oc-2a8">
         <name>.debug_line</name>
         <load_address>0x181f</load_address>
         <run_address>0x181f</run_address>
         <size>0x2e</size>
         <input_file_ref idref="fl-8"/>
      </object_component>
      <object_component id="oc-2ac">
         <name>.debug_line</name>
         <load_address>0x184d</load_address>
         <run_address>0x184d</run_address>
         <size>0x2e</size>
         <input_file_ref idref="fl-8"/>
      </object_component>
      <object_component id="oc-2a6">
         <name>.debug_line</name>
         <load_address>0x187b</load_address>
         <run_address>0x187b</run_address>
         <size>0x2e</size>
         <input_file_ref idref="fl-8"/>
      </object_component>
      <object_component id="oc-2aa">
         <name>.debug_line</name>
         <load_address>0x18a9</load_address>
         <run_address>0x18a9</run_address>
         <size>0x2e</size>
         <input_file_ref idref="fl-8"/>
      </object_component>
      <object_component id="oc-2ae">
         <name>.debug_line</name>
         <load_address>0x18d7</load_address>
         <run_address>0x18d7</run_address>
         <size>0x2e</size>
         <input_file_ref idref="fl-8"/>
      </object_component>
      <object_component id="oc-8a">
         <name>.debug_line</name>
         <load_address>0x1905</load_address>
         <run_address>0x1905</run_address>
         <size>0xe41</size>
         <input_file_ref idref="fl-8"/>
      </object_component>
      <object_component id="oc-17b">
         <name>.debug_line</name>
         <load_address>0x2746</load_address>
         <run_address>0x2746</run_address>
         <size>0x2d</size>
         <input_file_ref idref="fl-8"/>
      </object_component>
      <object_component id="oc-28d">
         <name>.debug_line</name>
         <load_address>0x2773</load_address>
         <run_address>0x2773</run_address>
         <size>0x2e</size>
         <input_file_ref idref="fl-8"/>
      </object_component>
      <object_component id="oc-2f2">
         <name>.debug_line</name>
         <load_address>0x27a1</load_address>
         <run_address>0x27a1</run_address>
         <size>0x6b</size>
         <input_file_ref idref="fl-9"/>
      </object_component>
      <object_component id="oc-2ee">
         <name>.debug_line</name>
         <load_address>0x280c</load_address>
         <run_address>0x280c</run_address>
         <size>0x2f</size>
         <input_file_ref idref="fl-9"/>
      </object_component>
      <object_component id="oc-2f0">
         <name>.debug_line</name>
         <load_address>0x283b</load_address>
         <run_address>0x283b</run_address>
         <size>0x2f</size>
         <input_file_ref idref="fl-9"/>
      </object_component>
      <object_component id="oc-2ec">
         <name>.debug_line</name>
         <load_address>0x286a</load_address>
         <run_address>0x286a</run_address>
         <size>0x2f</size>
         <input_file_ref idref="fl-9"/>
      </object_component>
      <object_component id="oc-2ea">
         <name>.debug_line</name>
         <load_address>0x2899</load_address>
         <run_address>0x2899</run_address>
         <size>0x2f</size>
         <input_file_ref idref="fl-9"/>
      </object_component>
      <object_component id="oc-10b">
         <name>.debug_line</name>
         <load_address>0x28c8</load_address>
         <run_address>0x28c8</run_address>
         <size>0x479</size>
         <input_file_ref idref="fl-9"/>
      </object_component>
      <object_component id="oc-215">
         <name>.debug_line</name>
         <load_address>0x2d41</load_address>
         <run_address>0x2d41</run_address>
         <size>0x2f</size>
         <input_file_ref idref="fl-9"/>
      </object_component>
      <object_component id="oc-20f">
         <name>.debug_line</name>
         <load_address>0x2d70</load_address>
         <run_address>0x2d70</run_address>
         <size>0x2f</size>
         <input_file_ref idref="fl-9"/>
      </object_component>
      <object_component id="oc-142">
         <name>.debug_line</name>
         <load_address>0x2d9f</load_address>
         <run_address>0x2d9f</run_address>
         <size>0x41</size>
         <input_file_ref idref="fl-a"/>
      </object_component>
      <object_component id="oc-3f">
         <name>.debug_line</name>
         <load_address>0x2de0</load_address>
         <run_address>0x2de0</run_address>
         <size>0x41</size>
         <input_file_ref idref="fl-a"/>
      </object_component>
      <object_component id="oc-2b">
         <name>.debug_line</name>
         <load_address>0x2e21</load_address>
         <run_address>0x2e21</run_address>
         <size>0xa1</size>
         <input_file_ref idref="fl-a"/>
      </object_component>
      <object_component id="oc-2d2">
         <name>.debug_line</name>
         <load_address>0x2ec2</load_address>
         <run_address>0x2ec2</run_address>
         <size>0x82</size>
         <input_file_ref idref="fl-10"/>
      </object_component>
      <object_component id="oc-325">
         <name>.debug_line</name>
         <load_address>0x2f44</load_address>
         <run_address>0x2f44</run_address>
         <size>0x7d</size>
         <input_file_ref idref="fl-10"/>
      </object_component>
      <object_component id="oc-327">
         <name>.debug_line</name>
         <load_address>0x2fc1</load_address>
         <run_address>0x2fc1</run_address>
         <size>0x7d</size>
         <input_file_ref idref="fl-10"/>
      </object_component>
      <object_component id="oc-2e5">
         <name>.debug_line</name>
         <load_address>0x303e</load_address>
         <run_address>0x303e</run_address>
         <size>0x7d</size>
         <input_file_ref idref="fl-10"/>
      </object_component>
      <object_component id="oc-bb">
         <name>.debug_line</name>
         <load_address>0x30bb</load_address>
         <run_address>0x30bb</run_address>
         <size>0x93</size>
         <input_file_ref idref="fl-10"/>
      </object_component>
      <object_component id="oc-10f">
         <name>.debug_line</name>
         <load_address>0x314e</load_address>
         <run_address>0x314e</run_address>
         <size>0x92</size>
         <input_file_ref idref="fl-10"/>
      </object_component>
      <object_component id="oc-1d2">
         <name>.debug_line</name>
         <load_address>0x31e0</load_address>
         <run_address>0x31e0</run_address>
         <size>0x95</size>
         <input_file_ref idref="fl-10"/>
      </object_component>
      <object_component id="oc-cd">
         <name>.debug_line</name>
         <load_address>0x3275</load_address>
         <run_address>0x3275</run_address>
         <size>0xc4</size>
         <input_file_ref idref="fl-10"/>
      </object_component>
      <object_component id="oc-eb">
         <name>.debug_line</name>
         <load_address>0x3339</load_address>
         <run_address>0x3339</run_address>
         <size>0x99</size>
         <input_file_ref idref="fl-10"/>
      </object_component>
      <object_component id="oc-c1">
         <name>.debug_line</name>
         <load_address>0x33d2</load_address>
         <run_address>0x33d2</run_address>
         <size>0x99</size>
         <input_file_ref idref="fl-10"/>
      </object_component>
      <object_component id="oc-c7">
         <name>.debug_line</name>
         <load_address>0x346b</load_address>
         <run_address>0x346b</run_address>
         <size>0x99</size>
         <input_file_ref idref="fl-10"/>
      </object_component>
      <object_component id="oc-11b">
         <name>.debug_line</name>
         <load_address>0x3504</load_address>
         <run_address>0x3504</run_address>
         <size>0x92</size>
         <input_file_ref idref="fl-10"/>
      </object_component>
      <object_component id="oc-e5">
         <name>.debug_line</name>
         <load_address>0x3596</load_address>
         <run_address>0x3596</run_address>
         <size>0xa7</size>
         <input_file_ref idref="fl-10"/>
      </object_component>
      <object_component id="oc-1dc">
         <name>.debug_line</name>
         <load_address>0x363d</load_address>
         <run_address>0x363d</run_address>
         <size>0xa6</size>
         <input_file_ref idref="fl-10"/>
      </object_component>
      <object_component id="oc-df">
         <name>.debug_line</name>
         <load_address>0x36e3</load_address>
         <run_address>0x36e3</run_address>
         <size>0x95</size>
[...]
      </symbol>
      <symbol id="sm-288">
         <name>xQueueReceive</name>
         <value>0x2bbd</value>
         <object_component_ref idref="oc-11e"/>
      </symbol>
      <symbol id="sm-289">
         <name>pcQueueGetName</name>
         <value>0x33b3</value>
         <object_component_ref idref="oc-11e"/>
      </symbol>
      <symbol id="sm-28a">
         <name>ucQueueGetQueueType</name>
         <value>0x30df</value>
         <object_component_ref idref="oc-11e"/>
      </symbol>
      <symbol id="sm-4e0">
         <name>vTaskDelay</name>
         <value>0x601</value>
         <object_component_ref idref="oc-85"/>
      </symbol>
      <symbol id="sm-4e1">
         <name>vTaskSuspendAll</name>
         <value>0xc0d</value>
         <object_component_ref idref="oc-85"/>
      </symbol>
      <symbol id="sm-4e2">
         <name>vTaskPlaceOnEventList</name>
         <value>0x13f9</value>
         <object_component_ref idref="oc-85"/>
      </symbol>
      <symbol id="sm-4e3">
         <name>vTaskSetTaskNumber</name>
         <value>0x1889</value>
         <object_component_ref idref="oc-85"/>
      </symbol>
      <symbol id="sm-4e4">
         <name>uxTaskPriorityGetFromISR</name>
         <value>0x741</value>
         <object_component_ref idref="oc-85"/>
      </symbol>
      <symbol id="sm-4e5">
         <name>pcTaskGetName</name>
         <value>0xe25</value>
         <object_component_ref idref="oc-85"/>
      </symbol>
      <symbol id="sm-4e6">
         <name>xTaskCheckForTimeOut</name>
         <value>0x17ad</value>
         <object_component_ref idref="oc-85"/>
      </symbol>
      <symbol id="sm-4e7">
         <name>vTaskGenericNotifyGiveFromISR</name>
         <value>0x23bd</value>
         <object_component_ref idref="oc-85"/>
      </symbol>
      <symbol id="sm-4e8">
         <name>vTaskRemoveFromUnorderedEventList</name>
         <value>0x165d</value>
         <object_component_ref idref="oc-85"/>
      </symbol>
      <symbol id="sm-4e9">
         <name>vTaskPrioritySet</name>
         <value>0x78d</value>
         <object_component_ref idref="oc-85"/>
      </symbol>
      <symbol id="sm-4ea">
         <name>xTaskPriorityDisinherit</name>
         <value>0x1ccd</value>
         <object_component_ref idref="oc-85"/>
      </symbol>
      <symbol id="sm-4eb">
         <name>xTaskAbortDelay</name>
         <value>0x10b1</value>
         <object_component_ref idref="oc-85"/>
      </symbol>
      <symbol id="sm-4ec">
         <name>vTaskStartScheduler</name>
         <value>0xb97</value>
         <object_component_ref idref="oc-85"/>
      </symbol>
      <symbol id="sm-4ed">
         <name>vTaskInternalSetTimeOutState</name>
         <value>0x178d</value>
         <object_component_ref idref="oc-85"/>
      </symbol>
      <symbol id="sm-4ee">
         <name>pvTaskIncrementMutexHeldCount</name>
         <value>0x1ebb</value>
         <object_component_ref idref="oc-85"/>
      </symbol>
      <symbol id="sm-4ef">
         <name>uxTaskGetStackHighWaterMark</name>
         <value>0x1aff</value>
         <object_component_ref idref="oc-85"/>
      </symbol>
      <symbol id="sm-4f0">
         <name>xTaskGenericNotifyStateClear</name>
         <value>0x2525</value>
         <object_component_ref idref="oc-85"/>
      </symbol>
      <symbol id="sm-4f1">
         <name>xTaskGenericNotify</name>
         <value>0x2051</value>
         <object_component_ref idref="oc-85"/>
      </symbol>
      <symbol id="sm-4f2">
         <name>vTaskPriorityDisinheritAfterTimeout</name>
         <value>0x1da1</value>
         <object_component_ref idref="oc-85"/>
      </symbol>
      <symbol id="sm-4f3">
         <name>xTaskCreate</name>
         <value>0x26d</value>
         <object_component_ref idref="oc-85"/>
      </symbol>
      <symbol id="sm-4f4">
         <name>xTaskDelayUntil</name>
         <value>0x553</value>
         <object_component_ref idref="oc-85"/>
      </symbol>
      <symbol id="sm-4f5">
         <name>uxTaskGetTaskNumber</name>
         <value>0x1865</value>
         <object_component_ref idref="oc-85"/>
      </symbol>
      <symbol id="sm-4f6">
         <name>vTaskEndScheduler</name>
         <value>0xbf1</value>
         <object_component_ref idref="oc-85"/>
      </symbol>
      <symbol id="sm-4f7">
         <name>vTaskMissedYield</name>
         <value>0x1859</value>
         <object_component_ref idref="oc-85"/>
      </symbol>
      <symbol id="sm-4f8">
         <name>uxTaskGetNumberOfTasks</name>
         <value>0xe1b</value>
         <object_component_ref idref="oc-85"/>
      </symbol>
      <symbol id="sm-4f9">
         <name>xTaskCatchUpTicks</name>
         <value>0x1091</value>
         <object_component_ref idref="oc-85"/>
      </symbol>
      <symbol id="sm-4fa">
         <name>xTaskGenericNotifyFromISR</name>
         <value>0x21d9</value>
         <object_component_ref idref="oc-85"/>
      </symbol>
      <symbol id="sm-4fb">
         <name>vTaskGetInfo</name>
         <value>0x1975</value>
         <object_component_ref idref="oc-85"/>
      </symbol>
      <symbol id="sm-4fc">
         <name>uxTaskPriorityGet</name>
         <value>0x719</value>
         <object_component_ref idref="oc-85"/>
      </symbol>
      <symbol id="sm-4fd">
         <name>xTaskResumeAll</name>
         <value>0xc29</value>
         <object_component_ref idref="oc-85"/>
      </symbol>
      <symbol id="sm-4fe">
         <name>xTaskGetHandle</name>
         <value>0xf35</value>
         <object_component_ref idref="oc-85"/>
      </symbol>
      <symbol id="sm-4ff">
         <name>xTaskGetTickCount</name>
         <value>0xdcd</value>
         <object_component_ref idref="oc-85"/>
      </symbol>
      <symbol id="sm-500">
         <name>ulTaskGenericNotifyTake</name>
         <value>0x1ee1</value>
         <object_component_ref idref="oc-85"/>
      </symbol>
      <symbol id="sm-501">
         <name>uxTaskGetSystemState</name>
         <value>0xfb9</value>
         <object_component_ref idref="oc-85"/>
      </symbol>
      <symbol id="sm-502">
         <name>vTaskDelete</name>
         <value>0x4c7</value>
         <object_component_ref idref="oc-85"/>
      </symbol>
      <symbol id="sm-503">
         <name>ulTaskGenericNotifyValueClear</name>
         <value>0x256f</value>
         <object_component_ref idref="oc-85"/>
      </symbol>
      <symbol id="sm-504">
         <name>xTaskGenericNotifyWait</name>
         <value>0x1f87</value>
         <object_component_ref idref="oc-85"/>
      </symbol>
      <symbol id="sm-505">
         <name>pxCurrentTCB</name>
         <value>0x20005400</value>
         <object_component_ref idref="oc-7f"/>
      </symbol>
      <symbol id="sm-506">
         <name>eTaskGetState</name>
         <value>0x655</value>
         <object_component_ref idref="oc-85"/>
      </symbol>
      <symbol id="sm-507">
         <name>vTaskSuspend</name>
         <value>0x8dd</value>
         <object_component_ref idref="oc-85"/>
      </symbol>
      <symbol id="sm-508">
         <name>xTaskGetIdleTaskHandle</name>
         <value>0x108b</value>
         <object_component_ref idref="oc-85"/>
      </symbol>
      <symbol id="sm-509">
         <name>xTaskGetTickCountFromISR</name>
         <value>0xded</value>
         <object_component_ref idref="oc-85"/>
      </symbol>
      <symbol id="sm-50a">
         <name>vTaskResume</name>
         <value>0x9ef</value>
         <object_component_ref idref="oc-85"/>
      </symbol>
      <symbol id="sm-50b">
         <name>uxTopUsedPriority</name>
         <value>0x51a4</value>
         <object_component_ref idref="oc-19a"/>
      </symbol>
      <symbol id="sm-50c">
         <name>vTaskPlaceOnEventListRestricted</name>
         <value>0x1495</value>
         <object_component_ref idref="oc-85"/>
      </symbol>
      <symbol id="sm-50d">
         <name>vTaskSetTimeOutState</name>
         <value>0x176f</value>
         <object_component_ref idref="oc-85"/>
      </symbol>
      <symbol id="sm-50e">
         <name>xTaskIncrementTick</name>
         <value>0x1199</value>
         <object_component_ref idref="oc-85"/>
      </symbol>
      <symbol id="sm-50f">
         <name>vTaskSwitchContext</name>
         <value>0x1375</value>
         <object_component_ref idref="oc-85"/>
      </symbol>
      <symbol id="sm-510">
         <name>uxTaskResetEventItemValue</name>
         <value>0x1e95</value>
         <object_component_ref idref="oc-85"/>
      </symbol>
      <symbol id="sm-511">
         <name>xTaskGetSchedulerState</name>
         <value>0x1b91</value>
         <object_component_ref idref="oc-85"/>
      </symbol>
      <symbol id="sm-512">
         <name>xTaskResumeFromISR</name>
         <value>0xabd</value>
         <object_component_ref idref="oc-85"/>
      </symbol>
      <symbol id="sm-513">
         <name>xTaskGetCurrentTaskHandle</name>
         <value>0x1b6d</value>
         <object_component_ref idref="oc-85"/>
      </symbol>
      <symbol id="sm-514">
         <name>vTaskPlaceOnUnorderedEventList</name>
         <value>0x1429</value>
         <object_component_ref idref="oc-85"/>
      </symbol>
      <symbol id="sm-515">
         <name>xTaskRemoveFromEventList</name>
         <value>0x1505</value>
         <object_component_ref idref="oc-85"/>
      </symbol>
      <symbol id="sm-516">
         <name>xTaskPriorityInherit</name>
         <value>0x1bcd</value>
         <object_component_ref idref="oc-85"/>
      </symbol>
      <symbol id="sm-5bd">
         <name>vTimerSetTimerNumber</name>
         <value>0x3b17</value>
         <object_component_ref idref="oc-106"/>
      </symbol>
      <symbol id="sm-5be">
         <name>xTimerGetTimerDaemonTaskHandle</name>
         <value>0x35cb</value>
         <object_component_ref idref="oc-106"/>
      </symbol>
      <symbol id="sm-5bf">
         <name>pcTimerGetName</name>
         <value>0x365b</value>
         <object_component_ref idref="oc-106"/>
      </symbol>
      <symbol id="sm-5c0">
         <name>xTimerCreateTimerTask</name>
         <value>0x34a1</value>
         <object_component_ref idref="oc-106"/>
      </symbol>
      <symbol id="sm-5c1">
         <name>xTimerGetExpiryTime</name>
         <value>0x3641</value>
         <object_component_ref idref="oc-106"/>
      </symbol>
      <symbol id="sm-5c2">
         <name>uxTimerGetTimerNumber</name>
         <value>0x3b09</value>
         <object_component_ref idref="oc-106"/>
      </symbol>
      <symbol id="sm-5c3">
         <name>xTimerIsTimerActive</name>
         <value>0x3aa9</value>
         <object_component_ref idref="oc-106"/>
      </symbol>
      <symbol id="sm-5c4">
         <name>xTimerGetPeriod</name>
         <value>0x35d1</value>
         <object_component_ref idref="oc-106"/>
      </symbol>
      <symbol id="sm-5c5">
         <name>xTimerCreate</name>
         <value>0x34cb</value>
         <object_component_ref idref="oc-106"/>
      </symbol>
      <symbol id="sm-5c6">
         <name>vTimerSetReloadMode</name>
         <value>0x35e3</value>
         <object_component_ref idref="oc-106"/>
      </symbol>
      <symbol id="sm-5c7">
         <name>xTimerGenericCommand</name>
         <value>0x3557</value>
         <object_component_ref idref="oc-106"/>
      </symbol>
      <symbol id="sm-5c8">
         <name>uxTimerGetReloadMode</name>
         <value>0x3619</value>
         <object_component_ref idref="oc-106"/>
      </symbol>
      <symbol id="sm-5c9">
         <name>pvTimerGetTimerID</name>
         <value>0x3ad5</value>
         <object_component_ref idref="oc-106"/>
      </symbol>
      <symbol id="sm-5ca">
         <name>vTimerSetTimerID</name>
         <value>0x3aef</value>
         <object_component_ref idref="oc-106"/>
      </symbol>
      <symbol id="sm-5e6">
         <name>ResetISR</name>
         <value>0x4eb5</value>
         <object_component_ref idref="oc-27"/>
      </symbol>
      <symbol id="sm-5e7">
         <name>g_pfnVectors</name>
         <value>0x0</value>
         <object_component_ref idref="oc-12"/>
      </symbol>
      <symbol id="sm-6a6">
         <name>GPIOIntRegister</name>
         <value>0x4e0f</value>
         <object_component_ref idref="oc-d6"/>
      </symbol>
      <symbol id="sm-6a7">
         <name>GPIOPinConfigure</name>
         <value>0x4bb9</value>
         <object_component_ref idref="oc-e2"/>
      </symbol>
      <symbol id="sm-6a8">
         <name>GPIOIntEnable</name>
         <value>0x4e9d</value>
         <object_component_ref idref="oc-d0"/>
      </symbol>
      <symbol id="sm-6a9">
         <name>GPIOIntTypeSet</name>
         <value>0x4b61</value>
         <object_component_ref idref="oc-dc"/>
      </symbol>
      <symbol id="sm-6aa">
         <name>GPIOPinTypeGPIOInput</name>
         <value>0x4e41</value>
         <object_component_ref idref="oc-c4"/>
      </symbol>
      <symbol id="sm-6ab">
         <name>GPIOIntClear</name>
         <value>0x4ed5</value>
         <object_component_ref idref="oc-112"/>
      </symbol>
      <symbol id="sm-6ac">
         <name>GPIOPinTypeUART</name>
         <value>0x4e57</value>
         <object_component_ref idref="oc-e8"/>
      </symbol>
      <symbol id="sm-6ad">
         <name>GPIOIntStatus</name>
         <value>0x4e81</value>
         <object_component_ref idref="oc-100"/>
      </symbol>
      <symbol id="sm-6ae">
         <name>GPIOPinTypeGPIOOutput</name>
         <value>0x4df5</value>
         <object_component_ref idref="oc-be"/>
      </symbol>
      <symbol id="sm-6af">
         <name>GPIOPinRead</name>
         <value>0x4edb</value>
         <object_component_ref idref="oc-118"/>
      </symbol>
      <symbol id="sm-6b0">
         <name>GPIODirModeSet</name>
         <value>0x4da9</value>
         <object_component_ref idref="oc-1cf"/>
      </symbol>
      <symbol id="sm-6b1">
         <name>GPIOPinWrite</name>
         <value>0x4ee1</value>
         <object_component_ref idref="oc-10c"/>
      </symbol>
      <symbol id="sm-6b2">
         <name>GPIOPadConfigSet</name>
         <value>0x43f5</value>
         <object_component_ref idref="oc-ca"/>
      </symbol>
      <symbol id="sm-6b3">
         <name>GPIOUnlockPin</name>
         <value>0x4e29</value>
         <object_component_ref idref="oc-b8"/>
      </symbol>
      <symbol id="sm-6e4">
         <name>IntEnable</name>
         <value>0x4a91</value>
         <object_component_ref idref="oc-1e5"/>
      </symbol>
      <symbol id="sm-6e5">
         <name>IntRegister</name>
         <value>0x4d0d</value>
         <object_component_ref idref="oc-1df"/>
      </symbol>
      <symbol id="sm-6e6">
         <name>g_pfnRAMVectors</name>
         <value>0x20000000</value>
         <object_component_ref idref="oc-2db"/>
      </symbol>
      <symbol id="sm-744">
         <name>SysCtlClockSet</name>
         <value>0x47ad</value>
         <object_component_ref idref="oc-124"/>
      </symbol>
      <symbol id="sm-745">
         <name>SysCtlDelay</name>
         <value>0x4ee7</value>
         <object_component_ref idref="oc-228"/>
      </symbol>
      <symbol id="sm-746">
         <name>SysCtlPeripheralEnable</name>
         <value>0x4d41</value>
         <object_component_ref idref="oc-ac"/>
      </symbol>
      <symbol id="sm-747">
         <name>SysCtlClockGet</name>
         <value>0x4695</value>
         <object_component_ref idref="oc-ee"/>
      </symbol>
      <symbol id="sm-748">
         <name>SysCtlPeripheralReady</name>
         <value>0x4cd5</value>
         <object_component_ref idref="oc-b2"/>
      </symbol>
      <symbol id="sm-77b">
         <name>UARTConfigSetExpClk</name>
         <value>0x4c05</value>
         <object_component_ref idref="oc-f4"/>
      </symbol>
      <symbol id="sm-77c">
         <name>UARTDisable</name>
         <value>0x4dd5</value>
         <object_component_ref idref="oc-1f6"/>
      </symbol>
      <symbol id="sm-77d">
         <name>UARTCharPut</name>
         <value>0x4ecb</value>
         <object_component_ref idref="oc-a6"/>
      </symbol>
      <symbol id="sm-77e">
         <name>UARTEnable</name>
         <value>0x4e6d</value>
         <object_component_ref idref="oc-fa"/>
      </symbol>
      <symbol id="sm-77f">
         <name>UARTCharGet</name>
         <value>0x4ec1</value>
         <object_component_ref idref="oc-a0"/>
      </symbol>
      <symbol id="sm-79b">
         <name>memcpy</name>
         <value>0x497b</value>
         <object_component_ref idref="oc-4c"/>
      </symbol>
      <symbol id="sm-79c">
         <name>__aeabi_memcpy</name>
         <value>0x497b</value>
         <object_component_ref idref="oc-4c"/>
      </symbol>
      <symbol id="sm-79d">
         <name>__aeabi_memcpy8</name>
         <value>0x497b</value>
         <object_component_ref idref="oc-4c"/>
      </symbol>
      <symbol id="sm-79e">
         <name>__aeabi_memcpy4</name>
         <value>0x497b</value>
         <object_component_ref idref="oc-4c"/>
      </symbol>
      <symbol id="sm-7ad">
         <name>__aeabi_memset</name>
         <value>0x4a19</value>
         <object_component_ref idref="oc-15d"/>
      </symbol>
      <symbol id="sm-7ae">
         <name>memset</name>
         <value>0x4a1f</value>
         <object_component_ref idref="oc-15d"/>
      </symbol>
      <symbol id="sm-7af">
         <name>__aeabi_memset8</name>
         <value>0x4a19</value>
         <object_component_ref idref="oc-15d"/>
      </symbol>
      <symbol id="sm-7b0">
         <name>__aeabi_memset4</name>
         <value>0x4a19</value>
         <object_component_ref idref="oc-15d"/>
      </symbol>
      <symbol id="sm-7b1">
         <name>__aeabi_memclr8</name>
         <value>0x4a17</value>
         <object_component_ref idref="oc-15d"/>
      </symbol>
      <symbol id="sm-7b2">
         <name>__aeabi_memclr4</name>
         <value>0x4a17</value>
         <object_component_ref idref="oc-15d"/>
      </symbol>
      <symbol id="sm-7b3">
         <name>__aeabi_memclr</name>
         <value>0x4a17</value>
         <object_component_ref idref="oc-15d"/>
      </symbol>
      <symbol id="sm-7ca">
         <name>__TI_zero_init</name>
         <value>0x4ea9</value>
         <object_component_ref idref="oc-5e"/>
      </symbol>
      <symbol id="sm-7e1">
         <name>__TI_decompress_none</name>
         <value>0x4e8f</value>
         <object_component_ref idref="oc-1b"/>
      </symbol>
      <symbol id="sm-804">
         <name>__TI_decompress_lzss</name>
         <value>0x4af9</value>
         <object_component_ref idref="oc-15"/>
      </symbol>
      <symbol id="sm-817">
         <name>__stack</name>
         <value>0x20005200</value>
         <object_component_ref idref="oc-24"/>
      </symbol>
      <symbol id="sm-818">
         <name>_c_int00_noargs</name>
         <value>0x4d75</value>
         <object_component_ref idref="oc-6a"/>
      </symbol>
      <symbol id="sm-840">
         <name>__TI_auto_init_nobinit_nopinit</name>
         <value>0x4c91</value>
         <object_component_ref idref="oc-251"/>
      </symbol>
      <symbol id="sm-84a">
         <name>_system_pre_init</name>
         <value>0x4eed</value>
         <object_component_ref idref="oc-163"/>
      </symbol>
      <symbol id="sm-856">
         <name>C$$EXIT</name>
         <value>0x4ef1</value>
         <object_component_ref idref="oc-245"/>
      </symbol>
      <symbol id="sm-857">
         <name>abort</name>
         <value>0x4ef1</value>
         <object_component_ref idref="oc-245"/>
      </symbol>
      <symbol id="sm-85a">
         <name>__TI_static_base__</name>
         <value>0x0</value>
      </symbol>
      <symbol id="sm-85d">
         <name>__mpu_init</name>
         <value>0x0</value>
      </symbol>
      <symbol id="sm-85e">
         <name>_system_post_cinit</name>
         <value>0x0</value>
      </symbol>
   </symbol_table>
   <title>Link successful</title>
</link_info>
