<html>
<body>
<pre>
<h1>µVision Build Log</h1>
<h2>Project:</h2>
G:\Working Directories\Kiel\demo\Interrupt_demo\Interrupt_1\Interrupt_1.uvproj
Project File Date:  09/17/2021

<h2>Output:</h2>
Build target 'Target 1'
compiling main.c...
linking...
Program Size: Code=820 RO-data=636 RW-data=0 ZI-data=608  
".\Interrupt_1.axf" - 0 Error(s), 0 Warning(s).
Load "G:\\Working Directories\\Kiel\\demo\\Interrupt_demo\\Interrupt_1\\Interrupt_1.axf" 
Connecting: Mode=JTAG, Speed=1000000Hz
Erase Done.
Programming Done.
Verify OK.
</pre>
</body>
</html>
ting: Mode=JTAG, Speed=1000000Hz
Erase Done.
Programming Done.
Verify OK.
00Hz
Erase Done.
Programming Done.
Verify OK.
g(s).
Target not created
