******************************************************************************
                  TI ARM Linker PC v20.2.5                     
******************************************************************************
>> Linked Fri Sep 17 15:19:20 2021

OUTPUT FILE NAME:   <TivaWare_Task.out>
ENTRY POINT SYMBOL: "_c_int00_noinit_noargs"  address: 000007dd


MEMORY CONFIGURATION

         name            origin    length      used     unused   attr    fill
----------------------  --------  ---------  --------  --------  ----  --------
  FLASH                 00000000   00040000  000008fa  0003f706  R  X
  SRAM                  20000000   00008000  00000200  00007e00  RW X


SEGMENT ALLOCATION MAP

run origin  load origin   length   init length attrs members
----------  ----------- ---------- ----------- ----- -------
00000000    00000000    00000900   00000900    r-x
  00000000    00000000    0000026c   0000026c    r-- .intvecs
  00000270    00000270    00000622   00000622    r-x .text
  00000894    00000894    0000006c   0000006c    r-- .const
20000000    20000000    00000200   00000000    rw-
  20000000    20000000    00000200   00000000    rw- .stack


SECTION ALLOCATION MAP

 output                                  attributes/
section   page    origin      length       input sections
--------  ----  ----------  ----------   ----------------
.intvecs   0    00000000    0000026c     
                  00000000    0000026c     tm4c123gh6pm_startup_ccs.obj (.intvecs)

.text      0    00000270    00000622     
                  00000270    00000206     main.obj (.text)
                  00000476    00000002     --HOLE-- [fill = 0]
                  00000478    0000016c     driverlib.lib : gpio.obj (.text:GPIOPadConfigSet)
                  000005e4    00000118                   : sysctl.obj (.text:SysCtlClockGet)
                  000006fc    00000046                   : uart.obj (.text:UARTConfigSetExpClk)
                  00000742    00000002     --HOLE-- [fill = 0]
                  00000744    00000038                   : sysctl.obj (.text:SysCtlPeripheralReady)
                  0000077c    00000034                   : sysctl.obj (.text:SysCtlPeripheralEnable)
                  000007b0    0000002c                   : gpio.obj (.text:GPIODirModeSet)
                  000007dc    0000002c     rtsv7M4_T_le_v4SPD16_eabi.lib : boot_cortex_m.c.obj (.text:_c_int00_noinit_noargs:_c_int00_noinit_noargs)
                  00000808    00000020     driverlib.lib : uart.obj (.text:UARTDisable)
                  00000828    0000001a                   : gpio.obj (.text:GPIOPinTypeGPIOOutput)
                  00000842    00000006                   : gpio.obj (.text:GPIOPinWrite)
                  00000848    0000001a     tm4c123gh6pm_startup_ccs.obj (.text)
                  00000862    00000014     driverlib.lib : uart.obj (.text:UARTEnable)
                  00000876    0000000a                   : uart.obj (.text:UARTCharGet)
                  00000880    0000000a                   : uart.obj (.text:UARTCharPut)
                  0000088a    00000004     rtsv7M4_T_le_v4SPD16_eabi.lib : pre_init.c.obj (.text:_system_pre_init)
                  0000088e    00000004                                   : exit.c.obj (.text:abort:abort)

.const     0    00000894    0000006c     
                  00000894    0000006c     driverlib.lib : sysctl.obj (.const:g_pui32Xtals)

.cinit     0    00000000    00000000     UNINITIALIZED

.init_array 
*          0    00000000    00000000     UNINITIALIZED

.stack     0    20000000    00000200     UNINITIALIZED
                  20000000    00000004     rtsv7M4_T_le_v4SPD16_eabi.lib : boot_cortex_m.c.obj (.stack)
                  20000004    000001fc     --HOLE--

__llvm_prf_cnts 
*          0    20000000    00000000     UNINITIALIZED

MODULE SUMMARY

       Module                         code   ro data   rw data
       ------                         ----   -------   -------
    .\
       tm4c123gh6pm_startup_ccs.obj   26     620       0      
       main.obj                       518    0         0      
    +--+------------------------------+------+---------+---------+
       Total:                         544    620       0      
                                                              
    C:/ti/TivaWare_C_Series-2.2.0.295/driverlib/ccs/Debug/driverlib.lib
       sysctl.obj                     388    108       0      
       gpio.obj                       440    0         0      
       uart.obj                       142    0         0      
    +--+------------------------------+------+---------+---------+
       Total:                         970    108       0      
                                                              
    C:\ti\ccs1040\ccs\tools\compiler\ti-cgt-arm_20.2.5.LTS\lib\rtsv7M4_T_le_v4SPD16_eabi.lib
       boot_cortex_m.c.obj            44     0         0      
       exit.c.obj                     4      0         0      
       pre_init.c.obj                 4      0         0      
    +--+------------------------------+------+---------+---------+
       Total:                         52     0         0      
                                                              
       Stack:                         0      0         512    
    +--+------------------------------+------+---------+---------+
       Grand Total:                   1566   728       512    


GLOBAL SYMBOLS: SORTED ALPHABETICALLY BY Name 

address   name                   
-------   ----                   
0000088f  C$$EXIT                
000007b1  GPIODirModeSet         
00000479  GPIOPadConfigSet       
00000829  GPIOPinTypeGPIOOutput  
00000843  GPIOPinWrite           
000002c9  PORTF_Init             
00000849  ResetISR               
000005e5  SysCtlClockGet         
0000077d  SysCtlPeripheralEnable 
00000745  SysCtlPeripheralReady  
00000271  UART0_Init             
00000877  UARTCharGet            
00000881  UARTCharPut            
000006fd  UARTConfigSetExpClk    
00000809  UARTDisable            
00000863  UARTEnable             
00000379  UART_receiveString     
00000321  UART_recieveByte       
00000309  UART_sendByte          
00000339  UART_sendString        
20000200  __STACK_END            
00000200  __STACK_SIZE           
20000200  __STACK_TOP            
ffffffff  __TI_pprof_out_hndl    
ffffffff  __TI_prof_data_size    
ffffffff  __TI_prof_data_start   
00000000  __TI_static_base__     
ffffffff  __binit__              
ffffffff  __c_args__             
UNDEFED   __mpu_init             
20000000  __stack                
20000000  __start___llvm_prf_cnts
20000000  __stop___llvm_prf_cnts 
000007dd  _c_int00_noinit_noargs 
0000088b  _system_pre_init       
0000088f  abort                  
ffffffff  binit                  
00000000  g_pfnVectors           
000003d1  main                   


GLOBAL SYMBOLS: SORTED BY Symbol Address 

address   name                   
-------   ----                   
00000000  __TI_static_base__     
00000000  g_pfnVectors           
00000200  __STACK_SIZE           
00000271  UART0_Init             
000002c9  PORTF_Init             
00000309  UART_sendByte          
00000321  UART_recieveByte       
00000339  UART_sendString        
00000379  UART_receiveString     
000003d1  main                   
00000479  GPIOPadConfigSet       
000005e5  SysCtlClockGet         
000006fd  UARTConfigSetExpClk    
00000745  SysCtlPeripheralReady  
0000077d  SysCtlPeripheralEnable 
000007b1  GPIODirModeSet         
000007dd  _c_int00_noinit_noargs 
00000809  UARTDisable            
00000829  GPIOPinTypeGPIOOutput  
00000843  GPIOPinWrite           
00000849  ResetISR               
00000863  UARTEnable             
00000877  UARTCharGet            
00000881  UARTCharPut            
0000088b  _system_pre_init       
0000088f  C$$EXIT                
0000088f  abort                  
20000000  __stack                
20000000  __start___llvm_prf_cnts
20000000  __stop___llvm_prf_cnts 
20000200  __STACK_END            
20000200  __STACK_TOP            
ffffffff  __TI_pprof_out_hndl    
ffffffff  __TI_prof_data_size    
ffffffff  __TI_prof_data_start   
ffffffff  __binit__              
ffffffff  __c_args__             
ffffffff  binit                  
UNDEFED   __mpu_init             

[39 symbols]
