<?xml version="1.0" encoding="ISO-8859-1" ?>
<link_info>
   <banner>TI ARM Linker PC v20.2.5.LTS</banner>
   <copyright>Copyright (c) 1996-2018 Texas Instruments Incorporated</copyright>
   <link_time>0x615585ae</link_time>
   <link_errors>0x0</link_errors>
   <output_file>FreeRTOS.out</output_file>
   <entry_point>
      <name>_c_int00_noargs</name>
      <address>0x4271</address>
   </entry_point>
   <input_file_list>
      <input_file id="fl-2">
         <path>.\</path>
         <kind>object</kind>
         <file>heap_2.obj</file>
         <name>heap_2.obj</name>
      </input_file>
      <input_file id="fl-3">
         <path>.\</path>
         <kind>object</kind>
         <file>list.obj</file>
         <name>list.obj</name>
      </input_file>
      <input_file id="fl-4">
         <path>.\</path>
         <kind>object</kind>
         <file>main.obj</file>
         <name>main.obj</name>
      </input_file>
      <input_file id="fl-5">
         <path>.\</path>
         <kind>object</kind>
         <file>port.obj</file>
         <name>port.obj</name>
      </input_file>
      <input_file id="fl-6">
         <path>.\</path>
         <kind>object</kind>
         <file>portasm.obj</file>
         <name>portasm.obj</name>
      </input_file>
      <input_file id="fl-7">
         <path>.\</path>
         <kind>object</kind>
         <file>queue.obj</file>
         <name>queue.obj</name>
      </input_file>
      <input_file id="fl-8">
         <path>.\</path>
         <kind>object</kind>
         <file>tasks.obj</file>
         <name>tasks.obj</name>
      </input_file>
      <input_file id="fl-9">
         <path>.\</path>
         <kind>object</kind>
         <file>tm4c123gh6pm_startup_ccs.obj</file>
         <name>tm4c123gh6pm_startup_ccs.obj</name>
      </input_file>
      <input_file id="fl-e">
         <kind>object</kind>
         <file>&lt;internal&gt;</file>
         <name>&lt;internal&gt;</name>
      </input_file>
      <input_file id="fl-f">
         <path>C:\ti\TivaWare_C_Series-2.2.0.295\driverlib\ccs\Debug\</path>
         <kind>archive</kind>
         <file>driverlib.lib</file>
         <name>gpio.obj</name>
      </input_file>
      <input_file id="fl-10">
         <path>C:\ti\TivaWare_C_Series-2.2.0.295\driverlib\ccs\Debug\</path>
         <kind>archive</kind>
         <file>driverlib.lib</file>
         <name>interrupt.obj</name>
      </input_file>
      <input_file id="fl-11">
         <path>C:\ti\TivaWare_C_Series-2.2.0.295\driverlib\ccs\Debug\</path>
         <kind>archive</kind>
         <file>driverlib.lib</file>
         <name>sysctl.obj</name>
      </input_file>
      <input_file id="fl-12">
         <path>C:\ti\TivaWare_C_Series-2.2.0.295\driverlib\ccs\Debug\</path>
         <kind>archive</kind>
         <file>driverlib.lib</file>
         <name>uart.obj</name>
      </input_file>
      <input_file id="fl-13">
         <path>C:\ti\TivaWare_C_Series-2.2.0.295\driverlib\ccs\Debug\</path>
         <kind>archive</kind>
         <file>driverlib.lib</file>
         <name>cpu.obj</name>
      </input_file>
      <input_file id="fl-c9">
         <path>C:\ti\ccs1040\ccs\tools\compiler\ti-cgt-arm_20.2.5.LTS\lib\</path>
         <kind>archive</kind>
         <file>rtsv7M4_T_le_v4SPD16_eabi.lib</file>
         <name>memcpy_t2.asm.obj</name>
      </input_file>
      <input_file id="fl-ca">
         <path>C:\ti\ccs1040\ccs\tools\compiler\ti-cgt-arm_20.2.5.LTS\lib\</path>
         <kind>archive</kind>
         <file>rtsv7M4_T_le_v4SPD16_eabi.lib</file>
         <name>memset_t2.asm.obj</name>
      </input_file>
      <input_file id="fl-cb">
         <path>C:\ti\ccs1040\ccs\tools\compiler\ti-cgt-arm_20.2.5.LTS\lib\</path>
         <kind>archive</kind>
         <file>rtsv7M4_T_le_v4SPD16_eabi.lib</file>
         <name>copy_zero_init.c.obj</name>
      </input_file>
      <input_file id="fl-cc">
         <path>C:\ti\ccs1040\ccs\tools\compiler\ti-cgt-arm_20.2.5.LTS\lib\</path>
         <kind>archive</kind>
         <file>rtsv7M4_T_le_v4SPD16_eabi.lib</file>
         <name>copy_decompress_none.c.obj</name>
      </input_file>
      <input_file id="fl-cd">
         <path>C:\ti\ccs1040\ccs\tools\compiler\ti-cgt-arm_20.2.5.LTS\lib\</path>
         <kind>archive</kind>
         <file>rtsv7M4_T_le_v4SPD16_eabi.lib</file>
         <name>copy_decompress_lzss.c.obj</name>
      </input_file>
      <input_file id="fl-ce">
         <path>C:\ti\ccs1040\ccs\tools\compiler\ti-cgt-arm_20.2.5.LTS\lib\</path>
         <kind>archive</kind>
         <file>rtsv7M4_T_le_v4SPD16_eabi.lib</file>
         <name>boot_cortex_m.c.obj</name>
      </input_file>
      <input_file id="fl-cf">
         <path>C:\ti\ccs1040\ccs\tools\compiler\ti-cgt-arm_20.2.5.LTS\lib\</path>
         <kind>archive</kind>
         <file>rtsv7M4_T_le_v4SPD16_eabi.lib</file>
         <name>autoinit.c.obj</name>
      </input_file>
      <input_file id="fl-d0">
         <path>C:\ti\ccs1040\ccs\tools\compiler\ti-cgt-arm_20.2.5.LTS\lib\</path>
         <kind>archive</kind>
         <file>rtsv7M4_T_le_v4SPD16_eabi.lib</file>
         <name>pre_init.c.obj</name>
      </input_file>
      <input_file id="fl-d1">
         <path>C:\ti\ccs1040\ccs\tools\compiler\ti-cgt-arm_20.2.5.LTS\lib\</path>
         <kind>archive</kind>
         <file>rtsv7M4_T_le_v4SPD16_eabi.lib</file>
         <name>cpy_tbl.c.obj</name>
      </input_file>
      <input_file id="fl-d2">
         <path>C:\ti\ccs1040\ccs\tools\compiler\ti-cgt-arm_20.2.5.LTS\lib\</path>
         <kind>archive</kind>
         <file>rtsv7M4_T_le_v4SPD16_eabi.lib</file>
         <name>exit.c.obj</name>
      </input_file>
      <input_file id="fl-d3">
         <path>C:\ti\ccs1040\ccs\tools\compiler\ti-cgt-arm_20.2.5.LTS\lib\</path>
         <kind>archive</kind>
         <file>rtsv7M4_T_le_v4SPD16_eabi.lib</file>
         <name>_lock.c.obj</name>
      </input_file>
      <input_file id="fl-d4">
         <path>C:\ti\ccs1040\ccs\tools\compiler\ti-cgt-arm_20.2.5.LTS\lib\</path>
         <kind>archive</kind>
         <file>rtsv7M4_T_le_v4SPD16_eabi.lib</file>
         <name>args_main.c.obj</name>
      </input_file>
   </input_file_list>
   <object_component_list>
      <object_component id="oc-12">
         <name>.intvecs</name>
         <load_address>0x0</load_address>
         <run_address>0x0</run_address>
         <size>0x26c</size>
         <input_file_ref idref="fl-9"/>
      </object_component>
      <object_component id="oc-7f">
         <name>.text</name>
         <load_address>0x26c</load_address>
         <run_address>0x26c</run_address>
         <size>0x23d8</size>
         <input_file_ref idref="fl-8"/>
      </object_component>
      <object_component id="oc-173">
         <name>.text</name>
         <load_address>0x2644</load_address>
         <run_address>0x2644</run_address>
         <size>0xd84</size>
         <input_file_ref idref="fl-7"/>
      </object_component>
      <object_component id="oc-c2">
         <name>.text</name>
         <load_address>0x33c8</load_address>
         <run_address>0x33c8</run_address>
         <size>0x2c0</size>
         <input_file_ref idref="fl-4"/>
      </object_component>
      <object_component id="oc-de">
         <name>.text</name>
         <load_address>0x3688</load_address>
         <run_address>0x3688</run_address>
         <size>0x1d8</size>
         <input_file_ref idref="fl-2"/>
      </object_component>
      <object_component id="oc-32">
         <name>.text</name>
         <load_address>0x3860</load_address>
         <run_address>0x3860</run_address>
         <size>0x1c8</size>
         <input_file_ref idref="fl-5"/>
      </object_component>
      <object_component id="oc-218">
         <name>.text:GPIOPadConfigSet</name>
         <load_address>0x3a28</load_address>
         <run_address>0x3a28</run_address>
         <size>0x16c</size>
         <input_file_ref idref="fl-f"/>
      </object_component>
      <object_component id="oc-e4">
         <name>.text</name>
         <load_address>0x3b94</load_address>
         <run_address>0x3b94</run_address>
         <size>0x132</size>
         <input_file_ref idref="fl-3"/>
      </object_component>
      <object_component id="oc-155">
         <name>.text:SysCtlClockGet</name>
         <load_address>0x3cc8</load_address>
         <run_address>0x3cc8</run_address>
         <size>0x118</size>
         <input_file_ref idref="fl-11"/>
      </object_component>
      <object_component id="oc-17f">
         <name>.text:SysCtlClockSet</name>
         <load_address>0x3de0</load_address>
         <run_address>0x3de0</run_address>
         <size>0xf4</size>
         <input_file_ref idref="fl-11"/>
      </object_component>
      <object_component id="oc-2d">
         <name>.text</name>
         <load_address>0x3ed4</load_address>
         <run_address>0x3ed4</run_address>
         <size>0xda</size>
         <input_file_ref idref="fl-6"/>
      </object_component>
      <object_component id="oc-46">
         <name>.text</name>
         <load_address>0x3fae</load_address>
         <run_address>0x3fae</run_address>
         <size>0x9c</size>
         <input_file_ref idref="fl-c9"/>
      </object_component>
      <object_component id="oc-b6">
         <name>.text</name>
         <load_address>0x404a</load_address>
         <run_address>0x404a</run_address>
         <size>0x7a</size>
         <input_file_ref idref="fl-ca"/>
      </object_component>
      <object_component id="oc-15">
         <name>.text:decompress:lzss:__TI_decompress_lzss</name>
         <load_address>0x40c4</load_address>
         <run_address>0x40c4</run_address>
         <size>0x68</size>
         <input_file_ref idref="fl-cd"/>
      </object_component>
      <object_component id="oc-149">
         <name>.text:GPIOPinConfigure</name>
         <load_address>0x412c</load_address>
         <run_address>0x412c</run_address>
         <size>0x4c</size>
         <input_file_ref idref="fl-f"/>
      </object_component>
      <object_component id="oc-15b">
         <name>.text:UARTConfigSetExpClk</name>
         <load_address>0x4178</load_address>
         <run_address>0x4178</run_address>
         <size>0x46</size>
         <input_file_ref idref="fl-12"/>
      </object_component>
      <object_component id="oc-19b">
         <name>.text:__TI_auto_init_nobinit_nopinit:__TI_auto_init_nobinit_nopinit</name>
         <load_address>0x41c0</load_address>
         <run_address>0x41c0</run_address>
         <size>0x44</size>
         <input_file_ref idref="fl-cf"/>
      </object_component>
      <object_component id="oc-137">
         <name>.text:SysCtlPeripheralReady</name>
         <load_address>0x4204</load_address>
         <run_address>0x4204</run_address>
         <size>0x38</size>
         <input_file_ref idref="fl-11"/>
      </object_component>
      <object_component id="oc-131">
         <name>.text:SysCtlPeripheralEnable</name>
         <load_address>0x423c</load_address>
         <run_address>0x423c</run_address>
         <size>0x34</size>
         <input_file_ref idref="fl-11"/>
      </object_component>
      <object_component id="oc-64">
         <name>.text:_c_int00_noargs:_c_int00_noargs</name>
         <load_address>0x4270</load_address>
         <run_address>0x4270</run_address>
         <size>0x34</size>
         <input_file_ref idref="fl-ce"/>
      </object_component>
      <object_component id="oc-21e">
         <name>.text:GPIODirModeSet</name>
         <load_address>0x42a4</load_address>
         <run_address>0x42a4</run_address>
         <size>0x2c</size>
         <input_file_ref idref="fl-f"/>
      </object_component>
      <object_component id="oc-22e">
         <name>.text:UARTDisable</name>
         <load_address>0x42d0</load_address>
         <run_address>0x42d0</run_address>
         <size>0x20</size>
         <input_file_ref idref="fl-12"/>
      </object_component>
      <object_component id="oc-143">
         <name>.text:GPIOPinTypeGPIOOutput</name>
         <load_address>0x42f0</load_address>
         <run_address>0x42f0</run_address>
         <size>0x1a</size>
         <input_file_ref idref="fl-f"/>
      </object_component>
      <object_component id="oc-13d">
         <name>.text:GPIOUnlockPin</name>
         <load_address>0x430c</load_address>
         <run_address>0x430c</run_address>
         <size>0x18</size>
         <input_file_ref idref="fl-f"/>
      </object_component>
      <object_component id="oc-14f">
         <name>.text:GPIOPinTypeUART</name>
         <load_address>0x4324</load_address>
         <run_address>0x4324</run_address>
         <size>0x16</size>
         <input_file_ref idref="fl-f"/>
      </object_component>
      <object_component id="oc-161">
         <name>.text:UARTEnable</name>
         <load_address>0x433a</load_address>
         <run_address>0x433a</run_address>
         <size>0x14</size>
         <input_file_ref idref="fl-12"/>
      </object_component>
      <object_component id="oc-1b">
         <name>.text:decompress:none:__TI_decompress_none</name>
         <load_address>0x434e</load_address>
         <run_address>0x434e</run_address>
         <size>0xe</size>
         <input_file_ref idref="fl-cc"/>
      </object_component>
      <object_component id="oc-58">
         <name>.text:decompress:ZI:__TI_zero_init</name>
         <load_address>0x435c</load_address>
         <run_address>0x435c</run_address>
         <size>0xc</size>
         <input_file_ref idref="fl-cb"/>
      </object_component>
      <object_component id="oc-27">
         <name>.text</name>
         <load_address>0x4368</load_address>
         <run_address>0x4368</run_address>
         <size>0xc</size>
         <input_file_ref idref="fl-9"/>
      </object_component>
      <object_component id="oc-167">
         <name>.text:UARTCharGet</name>
         <load_address>0x4374</load_address>
         <run_address>0x4374</run_address>
         <size>0xa</size>
         <input_file_ref idref="fl-12"/>
      </object_component>
      <object_component id="oc-16d">
         <name>.text:UARTCharPut</name>
         <load_address>0x437e</load_address>
         <run_address>0x437e</run_address>
         <size>0xa</size>
         <input_file_ref idref="fl-12"/>
      </object_component>
      <object_component id="oc-179">
         <name>.text:GPIOPinWrite</name>
         <load_address>0x4388</load_address>
         <run_address>0x4388</run_address>
         <size>0x6</size>
         <input_file_ref idref="fl-f"/>
      </object_component>
      <object_component id="oc-243">
         <name>.text:SysCtlDelay</name>
         <load_address>0x438e</load_address>
         <run_address>0x438e</run_address>
         <size>0x6</size>
         <input_file_ref idref="fl-11"/>
      </object_component>
      <object_component id="oc-bc">
         <name>.text:_system_pre_init</name>
         <load_address>0x4394</load_address>
         <run_address>0x4394</run_address>
         <size>0x4</size>
         <input_file_ref idref="fl-d0"/>
      </object_component>
      <object_component id="oc-18f">
         <name>.text:abort:abort</name>
         <load_address>0x4398</load_address>
         <run_address>0x4398</run_address>
         <size>0x4</size>
         <input_file_ref idref="fl-d2"/>
      </object_component>
      <object_component id="oc-225">
         <name>.const:g_pui32GPIOBaseAddrs</name>
         <load_address>0x439c</load_address>
         <run_address>0x439c</run_address>
         <size>0x90</size>
         <input_file_ref idref="fl-f"/>
      </object_component>
      <object_component id="oc-22a">
         <name>.const:g_pui32Xtals</name>
         <load_address>0x442c</load_address>
         <run_address>0x442c</run_address>
         <size>0x6c</size>
         <input_file_ref idref="fl-11"/>
      </object_component>
      <object_component id="oc-7c">
         <name>.const</name>
         <load_address>0x4498</load_address>
         <run_address>0x4498</run_address>
         <size>0x8</size>
         <input_file_ref idref="fl-5"/>
      </object_component>
      <object_component id="oc-f9">
         <name>.const</name>
         <load_address>0x44a0</load_address>
         <run_address>0x44a0</run_address>
         <size>0x4</size>
         <input_file_ref idref="fl-8"/>
      </object_component>
      <object_component id="oc-2fa">
         <name>.cinit..data.load</name>
         <load_address>0x44a8</load_address>
         <run_address>0x44a8</run_address>
         <size>0x1b</size>
      </object_component>
      <object_component id="oc-2f8">
         <name>__TI_handler_table</name>
         <load_address>0x44c4</load_address>
         <run_address>0x44c4</run_address>
         <size>0xc</size>
      </object_component>
      <object_component id="oc-2fb">
         <name>.cinit..bss.load</name>
         <load_address>0x44d0</load_address>
         <run_address>0x44d0</run_address>
         <size>0x8</size>
      </object_component>
      <object_component id="oc-2f9">
         <name>__TI_cinit_table</name>
         <load_address>0x44d8</load_address>
         <run_address>0x44d8</run_address>
         <size>0x10</size>
      </object_component>
      <object_component id="oc-1e8">
         <name>.data</name>
         <load_address>0x20005190</load_address>
         <run_address>0x20005190</run_address>
         <size>0x8</size>
         <input_file_ref idref="fl-2"/>
      </object_component>
      <object_component id="oc-185">
         <name>.data</name>
         <load_address>0x20005198</load_address>
         <run_address>0x20005198</run_address>
         <size>0x4</size>
         <input_file_ref idref="fl-4"/>
      </object_component>
      <object_component id="oc-86">
         <name>.data</name>
         <load_address>0x20005184</load_address>
         <run_address>0x20005184</run_address>
         <size>0xc</size>
         <input_file_ref idref="fl-5"/>
      </object_component>
      <object_component id="oc-79">
         <name>.data</name>
         <load_address>0x20005150</load_address>
         <run_address>0x20005150</run_address>
         <size>0x34</size>
         <input_file_ref idref="fl-8"/>
      </object_component>
      <object_component id="oc-1f1">
         <name>.bss:ucHeap</name>
         <uninitialized>true</uninitialized>
         <run_address>0x20000000</run_address>
         <size>0x4e20</size>
         <input_file_ref idref="fl-2"/>
      </object_component>
      <object_component id="oc-1eb">
         <name>.bss:xStart</name>
         <uninitialized>true</uninitialized>
         <run_address>0x20004f48</run_address>
         <size>0x8</size>
         <input_file_ref idref="fl-2"/>
      </object_component>
      <object_component id="oc-1ee">
         <name>.bss:xEnd</name>
         <uninitialized>true</uninitialized>
         <run_address>0x20004f40</run_address>
         <size>0x8</size>
         <input_file_ref idref="fl-2"/>
      </object_component>
      <object_component id="oc-ea">
         <name>.bss:pxReadyTasksLists</name>
         <uninitialized>true</uninitialized>
         <run_address>0x20004e20</run_address>
         <size>0x64</size>
         <input_file_ref idref="fl-8"/>
      </object_component>
      <object_component id="oc-fc">
         <name>.bss:xDelayedTaskList1</name>
         <uninitialized>true</uninitialized>
         <run_address>0x20004ed4</run_address>
         <size>0x14</size>
         <input_file_ref idref="fl-8"/>
      </object_component>
      <object_component id="oc-ff">
         <name>.bss:xDelayedTaskList2</name>
         <uninitialized>true</uninitialized>
         <run_address>0x20004ee8</run_address>
         <size>0x14</size>
         <input_file_ref idref="fl-8"/>
      </object_component>
      <object_component id="oc-f0">
         <name>.bss</name>
         <uninitialized>true</uninitialized>
         <run_address>0x20004f38</run_address>
         <size>0x8</size>
         <input_file_ref idref="fl-8"/>
      </object_component>
      <object_component id="oc-f6">
         <name>.bss:xPendingReadyList</name>
         <uninitialized>true</uninitialized>
         <run_address>0x20004efc</run_address>
         <size>0x14</size>
         <input_file_ref idref="fl-8"/>
      </object_component>
      <object_component id="oc-ed">
         <name>.bss:xTasksWaitingTermination</name>
         <uninitialized>true</uninitialized>
         <run_address>0x20004f24</run_address>
         <size>0x14</size>
         <input_file_ref idref="fl-8"/>
      </object_component>
      <object_component id="oc-f3">
         <name>.bss:xSuspendedTaskList</name>
         <uninitialized>true</uninitialized>
         <run_address>0x20004f10</run_address>
         <size>0x14</size>
         <input_file_ref idref="fl-8"/>
      </object_component>
      <object_component id="oc-239">
         <name>.common:xQueueRegistry</name>
         <uninitialized>true</uninitialized>
         <run_address>0x20004e84</run_address>
         <size>0x50</size>
      </object_component>
      <object_component id="oc-24">
         <name>.stack</name>
         <uninitialized>true</uninitialized>
         <run_address>0x20004f50</run_address>
         <size>0x4</size>
         <input_file_ref idref="fl-ce"/>
      </object_component>
      <object_component id="oc-2fd">
         <name>.stack</name>
         <uninitialized>true</uninitialized>
         <run_address>0x20004f50</run_address>
         <size>0x0</size>
      </object_component>
      <object_component id="oc-11b">
         <name>.debug_info</name>
         <load_address>0x0</load_address>
         <run_address>0x0</run_address>
         <size>0x40c</size>
         <input_file_ref idref="fl-2"/>
      </object_component>
      <object_component id="oc-1f2">
         <name>.debug_info</name>
         <load_address>0x40c</load_address>
         <run_address>0x40c</run_address>
         <size>0xd0</size>
         <input_file_ref idref="fl-2"/>
      </object_component>
      <object_component id="oc-1ec">
         <name>.debug_info</name>
         <load_address>0x4dc</load_address>
         <run_address>0x4dc</run_address>
         <size>0xd0</size>
         <input_file_ref idref="fl-2"/>
      </object_component>
      <object_component id="oc-1ef">
         <name>.debug_info</name>
         <load_address>0x5ac</load_address>
         <run_address>0x5ac</run_address>
         <size>0xcc</size>
         <input_file_ref idref="fl-2"/>
      </object_component>
      <object_component id="oc-1e9">
         <name>.debug_info</name>
         <load_address>0x678</load_address>
         <run_address>0x678</run_address>
         <size>0xea</size>
         <input_file_ref idref="fl-2"/>
      </object_component>
      <object_component id="oc-df">
         <name>.debug_info</name>
         <load_address>0x762</load_address>
         <run_address>0x762</run_address>
         <size>0x54b</size>
         <input_file_ref idref="fl-2"/>
      </object_component>
      <object_component id="oc-10c">
         <name>.debug_info</name>
         <load_address>0xcad</load_address>
         <run_address>0xcad</run_address>
         <size>0x315</size>
         <input_file_ref idref="fl-2"/>
      </object_component>
      <object_component id="oc-1d4">
         <name>.debug_info</name>
         <load_address>0xfc2</load_address>
         <run_address>0xfc2</run_address>
         <size>0x110</size>
         <input_file_ref idref="fl-2"/>
      </object_component>
      <object_component id="oc-9c">
         <name>.debug_info</name>
         <load_address>0x10d2</load_address>
         <run_address>0x10d2</run_address>
         <size>0x26b</size>
         <input_file_ref idref="fl-2"/>
      </object_component>
      <object_component id="oc-1e3">
         <name>.debug_info</name>
         <load_address>0x133d</load_address>
         <run_address>0x133d</run_address>
         <size>0x476</size>
         <input_file_ref idref="fl-2"/>
      </object_component>
      <object_component id="oc-209">
         <name>.debug_info</name>
         <load_address>0x17b3</load_address>
         <run_address>0x17b3</run_address>
         <size>0x62</size>
         <input_file_ref idref="fl-2"/>
      </object_component>
      <object_component id="oc-41">
         <name>.debug_info</name>
         <load_address>0x1815</load_address>
         <run_address>0x1815</run_address>
         <size>0x84</size>
         <input_file_ref idref="fl-2"/>
      </object_component>
      <object_component id="oc-8b">
         <name>.debug_info</name>
         <load_address>0x1899</load_address>
         <run_address>0x1899</run_address>
         <size>0x2c</size>
         <input_file_ref idref="fl-2"/>
      </object_component>
      <object_component id="oc-11c">
         <name>.debug_info</name>
         <load_address>0x18c5</load_address>
         <run_address>0x18c5</run_address>
         <size>0x2a4</size>
         <input_file_ref idref="fl-2"/>
      </object_component>
      <object_component id="oc-95">
         <name>.debug_info</name>
         <load_address>0x1b69</load_address>
         <run_address>0x1b69</run_address>
         <size>0xbb</size>
         <input_file_ref idref="fl-2"/>
      </object_component>
      <object_component id="oc-90">
         <name>.debug_info</name>
         <load_address>0x1c24</load_address>
         <run_address>0x1c24</run_address>
         <size>0x53</size>
         <input_file_ref idref="fl-2"/>
      </object_component>
      <object_component id="oc-111">
         <name>.debug_info</name>
         <load_address>0x1c77</load_address>
         <run_address>0x1c77</run_address>
         <size>0x14c</size>
         <input_file_ref idref="fl-2"/>
      </object_component>
      <object_component id="oc-1f6">
         <name>.debug_info</name>
         <load_address>0x1dc3</load_address>
         <run_address>0x1dc3</run_address>
         <size>0x378</size>
         <input_file_ref idref="fl-3"/>
      </object_component>
      <object_component id="oc-e5">
         <name>.debug_info</name>
         <load_address>0x213b</load_address>
         <run_address>0x213b</run_address>
         <size>0x448</size>
         <input_file_ref idref="fl-3"/>
      </object_component>
      <object_component id="oc-189">
         <name>.debug_info</name>
         <load_address>0x2583</load_address>
         <run_address>0x2583</run_address>
         <size>0x740</size>
         <input_file_ref idref="fl-4"/>
      </object_component>
      <object_component id="oc-186">
         <name>.debug_info</name>
         <load_address>0x2cc3</load_address>
         <run_address>0x2cc3</run_address>
         <size>0xd1</size>
         <input_file_ref idref="fl-4"/>
      </object_component>
      <object_component id="oc-c3">
         <name>.debug_info</name>
         <load_address>0x2d94</load_address>
         <run_address>0x2d94</run_address>
         <size>0x739</size>
         <input_file_ref idref="fl-4"/>
      </object_component>
      <object_component id="oc-116">
         <name>.debug_info</name>
         <load_address>0x34cd</load_address>
         <run_address>0x34cd</run_address>
         <size>0x476</size>
         <input_file_ref idref="fl-4"/>
      </object_component>
      <object_component id="oc-247">
         <name>.debug_info</name>
         <load_address>0x3943</load_address>
         <run_address>0x3943</run_address>
         <size>0x4f</size>
         <input_file_ref idref="fl-4"/>
      </object_component>
      <object_component id="oc-18a">
         <name>.debug_info</name>
         <load_address>0x3992</load_address>
         <run_address>0x3992</run_address>
         <size>0x8b</size>
         <input_file_ref idref="fl-4"/>
      </object_component>
      <object_component id="oc-107">
         <name>.debug_info</name>
         <load_address>0x3a1d</load_address>
         <run_address>0x3a1d</run_address>
         <size>0x53</size>
         <input_file_ref idref="fl-4"/>
      </object_component>
      <object_component id="oc-8a">
         <name>.debug_info</name>
         <load_address>0x3a70</load_address>
         <run_address>0x3a70</run_address>
         <size>0x449</size>
         <input_file_ref idref="fl-5"/>
      </object_component>
      <object_component id="oc-7d">
         <name>.debug_info</name>
         <load_address>0x3eb9</load_address>
         <run_address>0x3eb9</run_address>
         <size>0x145</size>
         <input_file_ref idref="fl-5"/>
      </object_component>
      <object_component id="oc-87">
         <name>.debug_info</name>
         <load_address>0x3ffe</load_address>
         <run_address>0x3ffe</run_address>
         <size>0x150</size>
         <input_file_ref idref="fl-5"/>
      </object_component>
      <object_component id="oc-33">
         <name>.debug_info</name>
         <load_address>0x414e</load_address>
         <run_address>0x414e</run_address>
         <size>0x630</size>
         <input_file_ref idref="fl-5"/>
      </object_component>
      <object_component id="oc-2f">
         <name>.debug_info</name>
         <load_address>0x477e</load_address>
         <run_address>0x477e</run_address>
         <size>0x232</size>
         <input_file_ref idref="fl-6"/>
      </object_component>
      <object_component id="oc-23a">
         <name>.debug_info</name>
         <load_address>0x49b0</load_address>
         <run_address>0x49b0</run_address>
         <size>0x891</size>
         <input_file_ref idref="fl-7"/>
      </object_component>
      <object_component id="oc-177">
         <name>.debug_info</name>
         <load_address>0x5241</load_address>
         <run_address>0x5241</run_address>
         <size>0x330f</size>
         <input_file_ref idref="fl-7"/>
      </object_component>
      <object_component id="oc-29a">
         <name>.debug_info</name>
         <load_address>0x8550</load_address>
         <run_address>0x8550</run_address>
         <size>0x23f</size>
         <input_file_ref idref="fl-7"/>
      </object_component>
      <object_component id="oc-23d">
         <name>.debug_info</name>
         <load_address>0x878f</load_address>
         <run_address>0x878f</run_address>
         <size>0x46</size>
         <input_file_ref idref="fl-7"/>
      </object_component>
      <object_component id="oc-1d9">
         <name>.debug_info</name>
         <load_address>0x87d5</load_address>
         <run_address>0x87d5</run_address>
         <size>0x35</size>
         <input_file_ref idref="fl-7"/>
      </object_component>
      <object_component id="oc-d6">
         <name>.debug_info</name>
         <load_address>0x880a</load_address>
         <run_address>0x880a</run_address>
         <size>0x7b9</size>
         <input_file_ref idref="fl-8"/>
      </object_component>
      <object_component id="oc-7a">
         <name>.debug_info</name>
         <load_address>0x8fc3</load_address>
         <run_address>0x8fc3</run_address>
         <size>0x33d</size>
         <input_file_ref idref="fl-8"/>
      </object_component>
      <object_component id="oc-eb">
         <name>.debug_info</name>
         <load_address>0x9300</load_address>
         <run_address>0x9300</run_address>
         <size>0xe6</size>
         <input_file_ref idref="fl-8"/>
      </object_component>
      <object_component id="oc-fd">
         <name>.debug_info</name>
         <load_address>0x93e6</load_address>
         <run_address>0x93e6</run_address>
         <size>0xe6</size>
         <input_file_ref idref="fl-8"/>
      </object_component>
      <object_component id="oc-100">
         <name>.debug_info</name>
         <load_address>0x94cc</load_address>
         <run_address>0x94cc</run_address>
         <size>0xe6</size>
         <input_file_ref idref="fl-8"/>
      </object_component>
      <object_component id="oc-f1">
         <name>.debug_info</name>
         <load_address>0x95b2</load_address>
         <run_address>0x95b2</run_address>
         <size>0x129</size>
         <input_file_ref idref="fl-8"/>
      </object_component>
      <object_component id="oc-f7">
         <name>.debug_info</name>
         <load_address>0x96db</load_address>
         <run_address>0x96db</run_address>
         <size>0xe6</size>
         <input_file_ref idref="fl-8"/>
      </object_component>
      <object_component id="oc-ee">
         <name>.debug_info</name>
         <load_address>0x97c1</load_address>
         <run_address>0x97c1</run_address>
         <size>0xf4</size>
         <input_file_ref idref="fl-8"/>
      </object_component>
      <object_component id="oc-f4">
         <name>.debug_info</name>
         <load_address>0x98b5</load_address>
         <run_address>0x98b5</run_address>
         <size>0xe8</size>
         <input_file_ref idref="fl-8"/>
      </object_component>
      <object_component id="oc-fa">
         <name>.debug_info</name>
         <load_address>0x999d</load_address>
         <run_address>0x999d</run_address>
         <size>0xe7</size>
         <input_file_ref idref="fl-8"/>
      </object_component>
      <object_component id="oc-80">
         <name>.debug_info</name>
         <load_address>0x9a84</load_address>
         <run_address>0x9a84</run_address>
         <size>0x540b</size>
         <input_file_ref idref="fl-8"/>
      </object_component>
      <object_component id="oc-d7">
         <name>.debug_info</name>
         <load_address>0xee8f</load_address>
         <run_address>0xee8f</run_address>
         <size>0x30c</size>
         <input_file_ref idref="fl-8"/>
      </object_component>
      <object_component id="oc-1cf">
         <name>.debug_info</name>
         <load_address>0xf19b</load_address>
         <run_address>0xf19b</run_address>
         <size>0x4f</size>
         <input_file_ref idref="fl-8"/>
      </object_component>
      <object_component id="oc-1de">
         <name>.debug_info</name>
         <load_address>0xf1ea</load_address>
         <run_address>0xf1ea</run_address>
         <size>0x15a</size>
         <input_file_ref idref="fl-8"/>
      </object_component>
      <object_component id="oc-3a">
         <name>.debug_info</name>
         <load_address>0xf344</load_address>
         <run_address>0xf344</run_address>
         <size>0x330</size>
         <input_file_ref idref="fl-9"/>
      </object_component>
      <object_component id="oc-13">
         <name>.debug_info</name>
         <load_address>0xf674</load_address>
         <run_address>0xf674</run_address>
         <size>0xef</size>
         <input_file_ref idref="fl-9"/>
      </object_component>
      <object_component id="oc-28">
         <name>.debug_info</name>
         <load_address>0xf763</load_address>
         <run_address>0xf763</run_address>
         <size>0x26b</size>
         <input_file_ref idref="fl-9"/>
      </object_component>
      <object_component id="oc-217">
         <name>.debug_info</name>
         <load_address>0xf9ce</load_address>
         <run_address>0xf9ce</run_address>
         <size>0x3e4</size>
         <input_file_ref idref="fl-f"/>
      </object_component>
      <object_component id="oc-226">
         <name>.debug_info</name>
         <load_address>0xfdb2</load_address>
         <run_address>0xfdb2</run_address>
         <size>0x164</size>
         <input_file_ref idref="fl-f"/>
      </object_component>
      <object_component id="oc-141">
         <name>.debug_info</name>
         <load_address>0xff16</load_address>
         <run_address>0xff16</run_address>
         <size>0x284</size>
         <input_file_ref idref="fl-f"/>
      </object_component>
      <object_component id="oc-17c">
         <name>.debug_info</name>
         <load_address>0x1019a</load_address>
         <run_address>0x1019a</run_address>
         <size>0x2ac</size>
         <input_file_ref idref="fl-f"/>
      </object_component>
      <object_component id="oc-221">
         <name>.debug_info</name>
         <load_address>0x10446</load_address>
         <run_address>0x10446</run_address>
         <size>0x2bc</size>
         <input_file_ref idref="fl-f"/>
      </object_component>
      <object_component id="oc-21b">
         <name>.debug_info</name>
         <load_address>0x10702</load_address>
         <run_address>0x10702</run_address>
         <size>0x31f</size>
         <input_file_ref idref="fl-f"/>
      </object_component>
      <object_component id="oc-152">
         <name>.debug_info</name>
         <load_address>0x10a21</load_address>
         <run_address>0x10a21</run_address>
         <size>0x29b</size>
         <input_file_ref idref="fl-f"/>
      </object_component>
      <object_component id="oc-145">
         <name>.debug_info</name>
         <load_address>0x10cbc</load_address>
         <run_address>0x10cbc</run_address>
         <size>0x2c0</size>
         <input_file_ref idref="fl-f"/>
      </object_component>
      <object_component id="oc-14b">
         <name>.debug_info</name>
         <load_address>0x10f7c</load_address>
         <run_address>0x10f7c</run_address>
         <size>0x289</size>
         <input_file_ref idref="fl-f"/>
      </object_component>
      <object_component id="oc-288">
         <name>.debug_info</name>
         <load_address>0x11205</load_address>
         <run_address>0x11205</run_address>
         <size>0x26b</size>
         <input_file_ref idref="fl-f"/>
      </object_component>
      <object_component id="oc-278">
         <name>.debug_info</name>
         <load_address>0x11470</load_address>
         <run_address>0x11470</run_address>
         <size>0x297</size>
         <input_file_ref idref="fl-f"/>
      </object_component>
      <object_component id="oc-283">
         <name>.debug_info</name>
         <load_address>0x11707</load_address>
         <run_address>0x11707</run_address>
         <size>0xef</size>
         <input_file_ref idref="fl-f"/>
      </object_component>
      <object_component id="oc-20f">
         <name>.debug_info</name>
         <load_address>0x117f6</load_address>
         <run_address>0x117f6</run_address>
         <size>0xbb</size>
         <input_file_ref idref="fl-f"/>
      </object_component>
      <object_component id="oc-214">
         <name>.debug_info</name>
         <load_address>0x118b1</load_address>
         <run_address>0x118b1</run_address>
         <size>0x441</size>
         <input_file_ref idref="fl-11"/>
      </object_component>
      <object_component id="oc-22b">
         <name>.debug_info</name>
         <load_address>0x11cf2</load_address>
         <run_address>0x11cf2</run_address>
         <size>0x156</size>
         <input_file_ref idref="fl-11"/>
      </object_component>
      <object_component id="oc-138">
         <name>.debug_info</name>
         <load_address>0x11e48</load_address>
         <run_address>0x11e48</run_address>
         <size>0x288</size>
         <input_file_ref idref="fl-11"/>
      </object_component>
      <object_component id="oc-132">
         <name>.debug_info</name>
         <load_address>0x120d0</load_address>
         <run_address>0x120d0</run_address>
         <size>0x286</size>
         <input_file_ref idref="fl-11"/>
      </object_component>
      <object_component id="oc-181">
         <name>.debug_info</name>
         <load_address>0x12356</load_address>
         <run_address>0x12356</run_address>
         <size>0x2e4</size>
         <input_file_ref idref="fl-11"/>
      </object_component>
      <object_component id="oc-157">
         <name>.debug_info</name>
         <load_address>0x1263a</load_address>
         <run_address>0x1263a</run_address>
         <size>0x2be</size>
         <input_file_ref idref="fl-11"/>
      </object_component>
      <object_component id="oc-27f">
         <name>.debug_info</name>
         <load_address>0x128f8</load_address>
         <run_address>0x128f8</run_address>
         <size>0x51</size>
         <input_file_ref idref="fl-11"/>
      </object_component>
      <object_component id="oc-235">
         <name>.debug_info</name>
         <load_address>0x12949</load_address>
         <run_address>0x12949</run_address>
         <size>0x3cb</size>
         <input_file_ref idref="fl-12"/>
      </object_component>
      <object_component id="oc-163">
         <name>.debug_info</name>
         <load_address>0x12d14</load_address>
         <run_address>0x12d14</run_address>
         <size>0x250</size>
         <input_file_ref idref="fl-12"/>
      </object_component>
      <object_component id="oc-230">
         <name>.debug_info</name>
         <load_address>0x12f64</load_address>
         <run_address>0x12f64</run_address>
         <size>0x252</size>
         <input_file_ref idref="fl-12"/>
      </object_component>
      <object_component id="oc-15d">
         <name>.debug_info</name>
         <load_address>0x131b6</load_address>
         <run_address>0x131b6</run_address>
         <size>0x32f</size>
         <input_file_ref idref="fl-12"/>
      </object_component>
      <object_component id="oc-16f">
         <name>.debug_info</name>
         <load_address>0x134e5</load_address>
         <run_address>0x134e5</run_address>
         <size>0x27c</size>
         <input_file_ref idref="fl-12"/>
      </object_component>
      <object_component id="oc-16a">
         <name>.debug_info</name>
         <load_address>0x13761</load_address>
         <run_address>0x13761</run_address>
         <size>0x256</size>
         <input_file_ref idref="fl-12"/>
      </object_component>
      <object_component id="oc-47">
         <name>.debug_info</name>
         <load_address>0x139b7</load_address>
         <run_address>0x139b7</run_address>
         <size>0x119</size>
         <input_file_ref idref="fl-c9"/>
      </object_component>
      <object_component id="oc-b9">
         <name>.debug_info</name>
         <load_address>0x13ad0</load_address>
         <run_address>0x13ad0</run_address>
         <size>0x147</size>
         <input_file_ref idref="fl-ca"/>
      </object_component>
      <object_component id="oc-b5">
         <name>.debug_info</name>
         <load_address>0x13c17</load_address>
         <run_address>0x13c17</run_address>
         <size>0x2d4</size>
         <input_file_ref idref="fl-cb"/>
      </object_component>
      <object_component id="oc-59">
         <name>.debug_info</name>
         <load_address>0x13eeb</load_address>
         <run_address>0x13eeb</run_address>
         <size>0x1b5</size>
         <input_file_ref idref="fl-cb"/>
      </object_component>
      <object_component id="oc-b0">
         <name>.debug_info</name>
         <load_address>0x140a0</load_address>
         <run_address>0x140a0</run_address>
         <size>0x46</size>
         <input_file_ref idref="fl-cb"/>
      </object_component>
      <object_component id="oc-128">
         <name>.debug_info</name>
         <load_address>0x140e6</load_address>
         <run_address>0x140e6</run_address>
         <size>0x2c</size>
         <input_file_ref idref="fl-cb"/>
      </object_component>
      <object_component id="oc-51">
         <name>.debug_info</name>
         <load_address>0x14112</load_address>
         <run_address>0x14112</run_address>
         <size>0x2a8</size>
         <input_file_ref idref="fl-cc"/>
      </object_component>
      <object_component id="oc-1f">
         <name>.debug_info</name>
         <load_address>0x143ba</load_address>
         <run_address>0x143ba</run_address>
         <size>0x1ea</size>
         <input_file_ref idref="fl-cc"/>
      </object_component>
      <object_component id="oc-4c">
         <name>.debug_info</name>
         <load_address>0x145a4</load_address>
         <run_address>0x145a4</run_address>
         <size>0x46</size>
         <input_file_ref idref="fl-cc"/>
      </object_component>
      <object_component id="oc-a8">
         <name>.debug_info</name>
         <load_address>0x145ea</load_address>
         <run_address>0x145ea</run_address>
         <size>0x2c</size>
         <input_file_ref idref="fl-cc"/>
      </object_component>
      <object_component id="oc-a6">
         <name>.debug_info</name>
         <load_address>0x14616</load_address>
         <run_address>0x14616</run_address>
         <size>0x29e</size>
         <input_file_ref idref="fl-cd"/>
      </object_component>
      <object_component id="oc-18">
         <name>.debug_info</name>
         <load_address>0x148b4</load_address>
         <run_address>0x148b4</run_address>
         <size>0x250</size>
         <input_file_ref idref="fl-cd"/>
      </object_component>
      <object_component id="oc-3c">
         <name>.debug_info</name>
         <load_address>0x14b04</load_address>
         <run_address>0x14b04</run_address>
         <size>0x60</size>
         <input_file_ref idref="fl-cd"/>
      </object_component>
      <object_component id="oc-121">
         <name>.debug_info</name>
         <load_address>0x14b64</load_address>
         <run_address>0x14b64</run_address>
         <size>0x46</size>
         <input_file_ref idref="fl-cd"/>
      </object_component>
      <object_component id="oc-a1">
         <name>.debug_info</name>
         <load_address>0x14baa</load_address>
         <run_address>0x14baa</run_address>
         <size>0x39</size>
         <input_file_ref idref="fl-cd"/>
      </object_component>
      <object_component id="oc-25">
         <name>.debug_info</name>
         <load_address>0x14be3</load_address>
         <run_address>0x14be3</run_address>
         <size>0x10b</size>
         <input_file_ref idref="fl-ce"/>
      </object_component>
      <object_component id="oc-68">
         <name>.debug_info</name>
         <load_address>0x14cee</load_address>
         <run_address>0x14cee</run_address>
         <size>0x1a9</size>
         <input_file_ref idref="fl-ce"/>
      </object_component>
      <object_component id="oc-259">
         <name>.debug_info</name>
         <load_address>0x14e97</load_address>
         <run_address>0x14e97</run_address>
         <size>0x4b3</size>
         <input_file_ref idref="fl-cf"/>
      </object_component>
      <object_component id="oc-19c">
         <name>.debug_info</name>
         <load_address>0x1534a</load_address>
         <run_address>0x1534a</run_address>
         <size>0x1a6</size>
         <input_file_ref idref="fl-cf"/>
      </object_component>
      <object_component id="oc-2af">
         <name>.debug_info</name>
         <load_address>0x154f0</load_address>
         <run_address>0x154f0</run_address>
         <size>0x39</size>
         <input_file_ref idref="fl-cf"/>
      </object_component>
      <object_component id="oc-2c3">
         <name>.debug_info</name>
         <load_address>0x15529</load_address>
         <run_address>0x15529</run_address>
         <size>0x39</size>
         <input_file_ref idref="fl-cf"/>
      </object_component>
      <object_component id="oc-2b4">
         <name>.debug_info</name>
         <load_address>0x15562</load_address>
         <run_address>0x15562</run_address>
         <size>0x39</size>
         <input_file_ref idref="fl-cf"/>
      </object_component>
      <object_component id="oc-2b9">
         <name>.debug_info</name>
         <load_address>0x1559b</load_address>
         <run_address>0x1559b</run_address>
         <size>0xcd</size>
         <input_file_ref idref="fl-cf"/>
      </object_component>
      <object_component id="oc-bd">
         <name>.debug_info</name>
         <load_address>0x15668</load_address>
         <run_address>0x15668</run_address>
         <size>0x153</size>
         <input_file_ref idref="fl-d0"/>
      </object_component>
      <object_component id="oc-190">
         <name>.debug_info</name>
         <load_address>0x157bb</load_address>
         <run_address>0x157bb</run_address>
         <size>0x122</size>
         <input_file_ref idref="fl-d2"/>
      </object_component>
      <object_component id="oc-2fe">
         <name>.debug_info</name>
         <load_address>0x158dd</load_address>
         <run_address>0x158dd</run_address>
         <size>0xa2</size>
      </object_component>
      <object_component id="oc-208">
         <name>.debug_line</name>
         <load_address>0x0</load_address>
         <run_address>0x0</run_address>
         <size>0x2d</size>
         <input_file_ref idref="fl-2"/>
      </object_component>
      <object_component id="oc-275">
         <name>.debug_line</name>
         <load_address>0x2d</load_address>
         <run_address>0x2d</run_address>
         <size>0x2f</size>
         <input_file_ref idref="fl-2"/>
      </object_component>
      <object_component id="oc-271">
         <name>.debug_line</name>
         <load_address>0x5c</load_address>
         <run_address>0x5c</run_address>
         <size>0x2f</size>
         <input_file_ref idref="fl-2"/>
      </object_component>
      <object_component id="oc-273">
         <name>.debug_line</name>
         <load_address>0x8b</load_address>
         <run_address>0x8b</run_address>
         <size>0x2f</size>
         <input_file_ref idref="fl-2"/>
      </object_component>
      <object_component id="oc-26f">
         <name>.debug_line</name>
         <load_address>0xba</load_address>
         <run_address>0xba</run_address>
         <size>0x2f</size>
         <input_file_ref idref="fl-2"/>
      </object_component>
      <object_component id="oc-e3">
         <name>.debug_line</name>
         <load_address>0xe9</load_address>
         <run_address>0xe9</run_address>
         <size>0x106</size>
         <input_file_ref idref="fl-2"/>
      </object_component>
      <object_component id="oc-10f">
         <name>.debug_line</name>
         <load_address>0x1ef</load_address>
         <run_address>0x1ef</run_address>
         <size>0x2d</size>
         <input_file_ref idref="fl-2"/>
      </object_component>
      <object_component id="oc-1d7">
         <name>.debug_line</name>
         <load_address>0x21c</load_address>
         <run_address>0x21c</run_address>
         <size>0x6b</size>
         <input_file_ref idref="fl-2"/>
      </object_component>
      <object_component id="oc-9f">
         <name>.debug_line</name>
         <load_address>0x287</load_address>
         <run_address>0x287</run_address>
         <size>0x6f</size>
         <input_file_ref idref="fl-2"/>
      </object_component>
      <object_component id="oc-1e6">
         <name>.debug_line</name>
         <load_address>0x2f6</load_address>
         <run_address>0x2f6</run_address>
         <size>0x31</size>
         <input_file_ref idref="fl-2"/>
      </object_component>
      <object_component id="oc-20c">
         <name>.debug_line</name>
         <load_address>0x327</load_address>
         <run_address>0x327</run_address>
         <size>0x2f</size>
         <input_file_ref idref="fl-2"/>
      </object_component>
      <object_component id="oc-44">
         <name>.debug_line</name>
         <load_address>0x356</load_address>
         <run_address>0x356</run_address>
         <size>0x20</size>
         <input_file_ref idref="fl-2"/>
      </object_component>
      <object_component id="oc-8e">
         <name>.debug_line</name>
         <load_address>0x376</load_address>
         <run_address>0x376</run_address>
         <size>0x31</size>
         <input_file_ref idref="fl-2"/>
      </object_component>
      <object_component id="oc-11f">
         <name>.debug_line</name>
         <load_address>0x3a7</load_address>
         <run_address>0x3a7</run_address>
         <size>0x73</size>
         <input_file_ref idref="fl-2"/>
      </object_component>
      <object_component id="oc-98">
         <name>.debug_line</name>
         <load_address>0x41a</load_address>
         <run_address>0x41a</run_address>
         <size>0x70</size>
         <input_file_ref idref="fl-2"/>
      </object_component>
      <object_component id="oc-93">
         <name>.debug_line</name>
         <load_address>0x48a</load_address>
         <run_address>0x48a</run_address>
         <size>0x32</size>
         <input_file_ref idref="fl-2"/>
      </object_component>
      <object_component id="oc-114">
         <name>.debug_line</name>
         <load_address>0x4bc</load_address>
         <run_address>0x4bc</run_address>
         <size>0x2d</size>
         <input_file_ref idref="fl-2"/>
      </object_component>
      <object_component id="oc-277">
         <name>.debug_line</name>
         <load_address>0x4e9</load_address>
         <run_address>0x4e9</run_address>
         <size>0x20</size>
         <input_file_ref idref="fl-3"/>
      </object_component>
      <object_component id="oc-e8">
         <name>.debug_line</name>
         <load_address>0x509</load_address>
         <run_address>0x509</run_address>
         <size>0xe0</size>
         <input_file_ref idref="fl-3"/>
      </object_component>
      <object_component id="oc-24d">
         <name>.debug_line</name>
         <load_address>0x5e9</load_address>
         <run_address>0x5e9</run_address>
         <size>0xdf</size>
         <input_file_ref idref="fl-4"/>
      </object_component>
      <object_component id="oc-246">
         <name>.debug_line</name>
         <load_address>0x6c8</load_address>
         <run_address>0x6c8</run_address>
         <size>0x2d</size>
         <input_file_ref idref="fl-4"/>
      </object_component>
      <object_component id="oc-c6">
         <name>.debug_line</name>
         <load_address>0x6f5</load_address>
         <run_address>0x6f5</run_address>
         <size>0x165</size>
         <input_file_ref idref="fl-4"/>
      </object_component>
      <object_component id="oc-119">
         <name>.debug_line</name>
         <load_address>0x85a</load_address>
         <run_address>0x85a</run_address>
         <size>0x31</size>
         <input_file_ref idref="fl-4"/>
      </object_component>
      <object_component id="oc-24a">
         <name>.debug_line</name>
         <load_address>0x88b</load_address>
         <run_address>0x88b</run_address>
         <size>0x2e</size>
         <input_file_ref idref="fl-4"/>
      </object_component>
      <object_component id="oc-18d">
         <name>.debug_line</name>
         <load_address>0x8b9</load_address>
         <run_address>0x8b9</run_address>
         <size>0x20</size>
         <input_file_ref idref="fl-4"/>
      </object_component>
      <object_component id="oc-10a">
         <name>.debug_line</name>
         <load_address>0x8d9</load_address>
         <run_address>0x8d9</run_address>
         <size>0x6b</size>
         <input_file_ref idref="fl-4"/>
      </object_component>
      <object_component id="oc-106">
         <name>.debug_line</name>
         <load_address>0x944</load_address>
         <run_address>0x944</run_address>
         <size>0x3a</size>
         <input_file_ref idref="fl-5"/>
      </object_component>
      <object_component id="oc-dd">
         <name>.debug_line</name>
         <load_address>0x97e</load_address>
         <run_address>0x97e</run_address>
         <size>0x2d</size>
         <input_file_ref idref="fl-5"/>
      </object_component>
      <object_component id="oc-104">
         <name>.debug_line</name>
         <load_address>0x9ab</load_address>
         <run_address>0x9ab</run_address>
         <size>0x2d</size>
         <input_file_ref idref="fl-5"/>
      </object_component>
      <object_component id="oc-37">
         <name>.debug_line</name>
         <load_address>0x9d8</load_address>
         <run_address>0x9d8</run_address>
         <size>0x160</size>
         <input_file_ref idref="fl-5"/>
      </object_component>
      <object_component id="oc-2e">
         <name>.debug_line</name>
         <load_address>0xb38</load_address>
         <run_address>0xb38</run_address>
         <size>0xc2</size>
         <input_file_ref idref="fl-6"/>
      </object_component>
      <object_component id="oc-299">
         <name>.debug_line</name>
         <load_address>0xbfa</load_address>
         <run_address>0xbfa</run_address>
         <size>0x6b</size>
         <input_file_ref idref="fl-7"/>
      </object_component>
      <object_component id="oc-176">
         <name>.debug_line</name>
         <load_address>0xc65</load_address>
         <run_address>0xc65</run_address>
         <size>0x86b</size>
         <input_file_ref idref="fl-7"/>
      </object_component>
      <object_component id="oc-29d">
         <name>.debug_line</name>
         <load_address>0x14d0</load_address>
         <run_address>0x14d0</run_address>
         <size>0x2e</size>
         <input_file_ref idref="fl-7"/>
      </object_component>
      <object_component id="oc-240">
         <name>.debug_line</name>
         <load_address>0x14fe</load_address>
         <run_address>0x14fe</run_address>
         <size>0x2e</size>
         <input_file_ref idref="fl-7"/>
      </object_component>
      <object_component id="oc-1dc">
         <name>.debug_line</name>
         <load_address>0x152c</load_address>
         <run_address>0x152c</run_address>
         <size>0x74</size>
         <input_file_ref idref="fl-7"/>
      </object_component>
      <object_component id="oc-1ce">
         <name>.debug_line</name>
         <load_address>0x15a0</load_address>
         <run_address>0x15a0</run_address>
         <size>0x9b</size>
         <input_file_ref idref="fl-8"/>
      </object_component>
      <object_component id="oc-d5">
         <name>.debug_line</name>
         <load_address>0x163b</load_address>
         <run_address>0x163b</run_address>
         <size>0x2e</size>
         <input_file_ref idref="fl-8"/>
      </object_component>
      <object_component id="oc-1f8">
         <name>.debug_line</name>
         <load_address>0x1669</load_address>
         <run_address>0x1669</run_address>
         <size>0x2e</size>
         <input_file_ref idref="fl-8"/>
      </object_component>
      <object_component id="oc-204">
         <name>.debug_line</name>
         <load_address>0x1697</load_address>
         <run_address>0x1697</run_address>
         <size>0x2e</size>
         <input_file_ref idref="fl-8"/>
      </object_component>
      <object_component id="oc-206">
         <name>.debug_line</name>
         <load_address>0x16c5</load_address>
         <run_address>0x16c5</run_address>
         <size>0x2e</size>
         <input_file_ref idref="fl-8"/>
      </object_component>
      <object_component id="oc-1fc">
         <name>.debug_line</name>
         <load_address>0x16f3</load_address>
         <run_address>0x16f3</run_address>
         <size>0x2e</size>
         <input_file_ref idref="fl-8"/>
      </object_component>
      <object_component id="oc-200">
         <name>.debug_line</name>
         <load_address>0x1721</load_address>
         <run_address>0x1721</run_address>
         <size>0x2e</size>
         <input_file_ref idref="fl-8"/>
      </object_component>
      <object_component id="oc-1fa">
         <name>.debug_line</name>
         <load_address>0x174f</load_address>
         <run_address>0x174f</run_address>
         <size>0x2e</size>
         <input_file_ref idref="fl-8"/>
      </object_component>
      <object_component id="oc-1fe">
         <name>.debug_line</name>
         <load_address>0x177d</load_address>
         <run_address>0x177d</run_address>
         <size>0x2e</size>
         <input_file_ref idref="fl-8"/>
      </object_component>
      <object_component id="oc-202">
         <name>.debug_line</name>
         <load_address>0x17ab</load_address>
         <run_address>0x17ab</run_address>
         <size>0x2e</size>
         <input_file_ref idref="fl-8"/>
      </object_component>
      <object_component id="oc-84">
         <name>.debug_line</name>
         <load_address>0x17d9</load_address>
         <run_address>0x17d9</run_address>
         <size>0xe17</size>
         <input_file_ref idref="fl-8"/>
      </object_component>
      <object_component id="oc-da">
         <name>.debug_line</name>
         <load_address>0x25f0</load_address>
         <run_address>0x25f0</run_address>
         <size>0x2d</size>
         <input_file_ref idref="fl-8"/>
      </object_component>
      <object_component id="oc-1d2">
         <name>.debug_line</name>
         <load_address>0x261d</load_address>
         <run_address>0x261d</run_address>
         <size>0x2f</size>
         <input_file_ref idref="fl-8"/>
      </object_component>
      <object_component id="oc-1e1">
         <name>.debug_line</name>
         <load_address>0x264c</load_address>
         <run_address>0x264c</run_address>
         <size>0x2e</size>
         <input_file_ref idref="fl-8"/>
      </object_component>
      <object_component id="oc-9b">
         <name>.debug_line</name>
         <load_address>0x267a</load_address>
         <run_address>0x267a</run_address>
         <size>0x41</size>
         <input_file_ref idref="fl-9"/>
      </object_component>
      <object_component id="oc-39">
         <name>.debug_line</name>
         <load_address>0x26bb</load_address>
         <run_address>0x26bb</run_address>
         <size>0x41</size>
         <input_file_ref idref="fl-9"/>
      </object_component>
      <object_component id="oc-2c">
         <name>.debug_line</name>
         <load_address>0x26fc</load_address>
         <run_address>0x26fc</run_address>
         <size>0xa1</size>
         <input_file_ref idref="fl-9"/>
      </object_component>
      <object_component id="oc-28e">
         <name>.debug_line</name>
         <load_address>0x279d</load_address>
         <run_address>0x279d</run_address>
         <size>0x82</size>
         <input_file_ref idref="fl-f"/>
      </object_component>
      <object_component id="oc-292">
         <name>.debug_line</name>
         <load_address>0x281f</load_address>
         <run_address>0x281f</run_address>
         <size>0x7d</size>
         <input_file_ref idref="fl-f"/>
      </object_component>
      <object_component id="oc-13f">
         <name>.debug_line</name>
         <load_address>0x289c</load_address>
         <run_address>0x289c</run_address>
         <size>0x93</size>
         <input_file_ref idref="fl-f"/>
      </object_component>
      <object_component id="oc-17b">
         <name>.debug_line</name>
         <load_address>0x292f</load_address>
         <run_address>0x292f</run_address>
         <size>0x92</size>
         <input_file_ref idref="fl-f"/>
      </object_component>
      <object_component id="oc-220">
         <name>.debug_line</name>
         <load_address>0x29c1</load_address>
         <run_address>0x29c1</run_address>
         <size>0x95</size>
         <input_file_ref idref="fl-f"/>
      </object_component>
      <object_component id="oc-21a">
         <name>.debug_line</name>
         <load_address>0x2a56</load_address>
         <run_address>0x2a56</run_address>
         <size>0xc4</size>
         <input_file_ref idref="fl-f"/>
      </object_component>
      <object_component id="oc-151">
         <name>.debug_line</name>
         <load_address>0x2b1a</load_address>
         <run_address>0x2b1a</run_address>
         <size>0x99</size>
         <input_file_ref idref="fl-f"/>
      </object_component>
      <object_component id="oc-148">
         <name>.debug_line</name>
         <load_address>0x2bb3</load_address>
         <run_address>0x2bb3</run_address>
         <size>0x99</size>
         <input_file_ref idref="fl-f"/>
      </object_component>
      <object_component id="oc-14d">
         <name>.debug_line</name>
         <load_address>0x2c4c</load_address>
         <run_address>0x2c4c</run_address>
         <size>0xa7</size>
         <input_file_ref idref="fl-f"/>
      </object_component>
      <object_component id="oc-28b">
         <name>.debug_line</name>
         <load_address>0x2cf3</load_address>
         <run_address>0x2cf3</run_address>
         <size>0x71</size>
         <input_file_ref idref="fl-f"/>
      </object_component>
      <object_component id="oc-27b">
         <name>.debug_line</name>
         <load_address>0x2d64</load_address>
         <run_address>0x2d64</run_address>
         <size>0x75</size>
         <input_file_ref idref="fl-f"/>
      </object_component>
      <object_component id="oc-286">
         <name>.debug_line</name>
         <load_address>0x2dd9</load_address>
         <run_address>0x2dd9</run_address>
         <size>0x71</size>
         <input_file_ref idref="fl-f"/>
      </object_component>
      <object_component id="oc-212">
         <name>.debug_line</name>
         <load_address>0x2e4a</load_address>
         <run_address>0x2e4a</run_address>
         <size>0x72</size>
         <input_file_ref idref="fl-f"/>
      </object_component>
      <object_component id="oc-27e">
         <name>.debug_line</name>
         <load_address>0x2ebc</load_address>
         <run_address>0x2ebc</run_address>
         <size>0x13d</size>
         <input_file_ref idref="fl-11"/>
      </object_component>
      <object_component id="oc-294">
         <name>.debug_line</name>
         <load_address>0x2ff9</load_address>
         <run_address>0x2ff9</run_address>
         <size>0x7f</size>
         <input_file_ref idref="fl-11"/>
      </object_component>
      <object_component id="oc-13b">
         <name>.debug_line</name>
         <load_address>0x3078</load_address>
         <run_address>0x3078</run_address>
         <size>0x94</size>
         <input_file_ref idref="fl-11"/>
      </object_component>
      <object_component id="oc-135">
         <name>.debug_line</name>
         <load_address>0x310c</load_address>
         <run_address>0x310c</run_address>
         <size>0x94</size>
         <input_file_ref idref="fl-11"/>
      </object_component>
      <object_component id="oc-184">
         <name>.debug_line</name>
         <load_address>0x31a0</load_address>
         <run_address>0x31a0</run_address>
         <size>0xee</size>
         <input_file_ref idref="fl-11"/>
      </object_component>
      <object_component id="oc-15a">
         <name>.debug_line</name>
         <load_address>0x328e</load_address>
         <run_address>0x328e</run_address>
         <size>0x118</size>
         <input_file_ref idref="fl-11"/>
      </object_component>
      <object_component id="oc-281">
         <name>.debug_line</name>
         <load_address>0x33a6</load_address>
         <run_address>0x33a6</run_address>
         <size>0x7f</size>
         <input_file_ref idref="fl-11"/>
      </object_component>
      <object_component id="oc-297">
         <name>.debug_line</name>
         <load_address>0x3425</load_address>
         <run_address>0x3425</run_address>
         <size>0x82</size>
         <input_file_ref idref="fl-12"/>
      </object_component>
      <object_component id="oc-165">
         <name>.debug_line</name>
         <load_address>0x34a7</load_address>
         <run_address>0x34a7</run_address>
         <size>0x93</size>
         <input_file_ref idref="fl-12"/>
      </object_component>
      <object_component id="oc-232">
         <name>.debug_line</name>
         <load_address>0x353a</load_address>
         <run_address>0x353a</run_address>
         <size>0x96</size>
         <input_file_ref idref="fl-12"/>
      </object_component>
      <object_component id="oc-15f">
         <name>.debug_line</name>
         <load_address>0x35d0</load_address>
         <run_address>0x35d0</run_address>
         <size>0xb3</size>
         <input_file_ref idref="fl-12"/>
      </object_component>
      <object_component id="oc-171">
         <name>.debug_line</name>
         <load_address>0x3683</load_address>
         <run_address>0x3683</run_address>
         <size>0x93</size>
         <input_file_ref idref="fl-12"/>
      </object_component>
      <object_component id="oc-169">
         <name>.debug_line</name>
         <load_address>0x3716</load_address>
         <run_address>0x3716</run_address>
         <size>0x93</size>
         <input_file_ref idref="fl-12"/>
      </object_component>
      <object_component id="oc-4a">
         <name>.debug_line</name>
         <load_address>0x37a9</load_address>
         <run_address>0x37a9</run_address>
         <size>0x88</size>
         <input_file_ref idref="fl-c9"/>
      </object_component>
      <object_component id="oc-b7">
         <name>.debug_line</name>
         <load_address>0x3831</load_address>
         <run_address>0x3831</run_address>
         <size>0x79</size>
         <input_file_ref idref="fl-ca"/>
      </object_component>
      <object_component id="oc-12e">
         <name>.debug_line</name>
         <load_address>0x38aa</load_address>
         <run_address>0x38aa</run_address>
         <size>0x92</size>
         <input_file_ref idref="fl-cb"/>
      </object_component>
      <object_component id="oc-5d">
         <name>.debug_line</name>
         <load_address>0x393c</load_address>
         <run_address>0x393c</run_address>
         <size>0x53</size>
         <input_file_ref idref="fl-cb"/>
      </object_component>
      <object_component id="oc-b3">
         <name>.debug_line</name>
         <load_address>0x398f</load_address>
         <run_address>0x398f</run_address>
         <size>0x34</size>
         <input_file_ref idref="fl-cb"/>
      </object_component>
      <object_component id="oc-12b">
         <name>.debug_line</name>
         <load_address>0x39c3</load_address>
         <run_address>0x39c3</run_address>
         <size>0x92</size>
         <input_file_ref idref="fl-cb"/>
      </object_component>
      <object_component id="oc-ae">
         <name>.debug_line</name>
         <load_address>0x3a55</load_address>
         <run_address>0x3a55</run_address>
         <size>0x20</size>
         <input_file_ref idref="fl-cc"/>
      </object_component>
      <object_component id="oc-1d">
         <name>.debug_line</name>
         <load_address>0x3a75</load_address>
         <run_address>0x3a75</run_address>
         <size>0x55</size>
         <input_file_ref idref="fl-cc"/>
      </object_component>
      <object_component id="oc-4f">
         <name>.debug_line</name>
         <load_address>0x3aca</load_address>
         <run_address>0x3aca</run_address>
         <size>0x3a</size>
         <input_file_ref idref="fl-cc"/>
      </object_component>
      <object_component id="oc-ab">
         <name>.debug_line</name>
         <load_address>0x3b04</load_address>
         <run_address>0x3b04</run_address>
         <size>0x92</size>
         <input_file_ref idref="fl-cc"/>
      </object_component>
      <object_component id="oc-127">
         <name>.debug_line</name>
         <load_address>0x3b96</load_address>
         <run_address>0x3b96</run_address>
         <size>0x20</size>
         <input_file_ref idref="fl-cd"/>
      </object_component>
      <object_component id="oc-1a">
         <name>.debug_line</name>
         <load_address>0x3bb6</load_address>
         <run_address>0x3bb6</run_address>
         <size>0xa9</size>
         <input_file_ref idref="fl-cd"/>
      </object_component>
      <object_component id="oc-3f">
         <name>.debug_line</name>
         <load_address>0x3c5f</load_address>
         <run_address>0x3c5f</run_address>
         <size>0x3a</size>
         <input_file_ref idref="fl-cd"/>
      </object_component>
      <object_component id="oc-124">
         <name>.debug_line</name>
         <load_address>0x3c99</load_address>
         <run_address>0x3c99</run_address>
         <size>0x9a</size>
         <input_file_ref idref="fl-cd"/>
      </object_component>
      <object_component id="oc-a4">
         <name>.debug_line</name>
         <load_address>0x3d33</load_address>
         <run_address>0x3d33</run_address>
         <size>0x96</size>
         <input_file_ref idref="fl-cd"/>
      </object_component>
      <object_component id="oc-77">
         <name>.debug_line</name>
         <load_address>0x3dc9</load_address>
         <run_address>0x3dc9</run_address>
         <size>0x33</size>
         <input_file_ref idref="fl-ce"/>
      </object_component>
      <object_component id="oc-65">
         <name>.debug_line</name>
         <load_address>0x3dfc</load_address>
         <run_address>0x3dfc</run_address>
         <size>0x45</size>
         <input_file_ref idref="fl-ce"/>
      </object_component>
      <object_component id="oc-2ae">
         <name>.debug_line</name>
         <load_address>0x3e41</load_address>
         <run_address>0x3e41</run_address>
         <size>0xbf</size>
         <input_file_ref idref="fl-cf"/>
      </object_component>
      <object_component id="oc-19f">
         <name>.debug_line</name>
         <load_address>0x3f00</load_address>
         <run_address>0x3f00</run_address>
         <size>0x6f</size>
         <input_file_ref idref="fl-cf"/>
      </object_component>
      <object_component id="oc-2b2">
         <name>.debug_line</name>
         <load_address>0x3f6f</load_address>
         <run_address>0x3f6f</run_address>
         <size>0x2e</size>
         <input_file_ref idref="fl-cf"/>
      </object_component>
      <object_component id="oc-2c6">
         <name>.debug_line</name>
         <load_address>0x3f9d</load_address>
         <run_address>0x3f9d</run_address>
         <size>0x9a</size>
         <input_file_ref idref="fl-cf"/>
      </object_component>
      <object_component id="oc-2b7">
         <name>.debug_line</name>
         <load_address>0x4037</load_address>
         <run_address>0x4037</run_address>
         <size>0x97</size>
         <input_file_ref idref="fl-cf"/>
      </object_component>
      <object_component id="oc-2bc">
         <name>.debug_line</name>
         <load_address>0x40ce</load_address>
         <run_address>0x40ce</run_address>
         <size>0x93</size>
         <input_file_ref idref="fl-cf"/>
      </object_component>
      <object_component id="oc-c0">
         <name>.debug_line</name>
         <load_address>0x4161</load_address>
         <run_address>0x4161</run_address>
         <size>0x40</size>
         <input_file_ref idref="fl-d0"/>
      </object_component>
      <object_component id="oc-193">
         <name>.debug_line</name>
         <load_address>0x41a1</load_address>
         <run_address>0x41a1</run_address>
         <size>0x3c</size>
         <input_file_ref idref="fl-d2"/>
      </object_component>
      <object_component id="oc-e2">
         <name>.debug_frame</name>
         <load_address>0x0</load_address>
         <run_address>0x0</run_address>
         <size>0xbc</size>
         <input_file_ref idref="fl-2"/>
      </object_component>
      <object_component id="oc-e9">
         <name>.debug_frame</name>
         <load_address>0xbc</load_address>
         <run_address>0xbc</run_address>
         <size>0xb8</size>
         <input_file_ref idref="fl-3"/>
      </object_component>
      <object_component id="oc-c7">
         <name>.debug_frame</name>
         <load_address>0x174</load_address>
         <run_address>0x174</run_address>
         <size>0x10c</size>
         <input_file_ref idref="fl-4"/>
      </object_component>
      <object_component id="oc-36">
         <name>.debug_frame</name>
         <load_address>0x280</load_address>
         <run_address>0x280</run_address>
         <size>0x110</size>
         <input_file_ref idref="fl-5"/>
      </object_component>
      <object_component id="oc-174">
         <name>.debug_frame</name>
         <load_address>0x390</load_address>
         <run_address>0x390</run_address>
         <size>0x3f4</size>
         <input_file_ref idref="fl-7"/>
      </object_component>
      <object_component id="oc-83">
         <name>.debug_frame</name>
         <load_address>0x784</load_address>
         <run_address>0x784</run_address>
         <size>0x728</size>
         <input_file_ref idref="fl-8"/>
      </object_component>
      <object_component id="oc-2b">
         <name>.debug_frame</name>
         <load_address>0xeac</load_address>
         <run_address>0xeac</run_address>
         <size>0x90</size>
         <input_file_ref idref="fl-9"/>
      </object_component>
      <object_component id="oc-140">
         <name>.debug_frame</name>
         <load_address>0xf3c</load_address>
         <run_address>0xf3c</run_address>
         <size>0x54</size>
         <input_file_ref idref="fl-f"/>
      </object_component>
      <object_component id="oc-17e">
         <name>.debug_frame</name>
         <load_address>0xf90</load_address>
         <run_address>0xf90</run_address>
         <size>0x54</size>
         <input_file_ref idref="fl-f"/>
      </object_component>
      <object_component id="oc-223">
         <name>.debug_frame</name>
         <load_address>0xfe4</load_address>
         <run_address>0xfe4</run_address>
         <size>0x54</size>
         <input_file_ref idref="fl-f"/>
      </object_component>
      <object_component id="oc-21d">
         <name>.debug_frame</name>
         <load_address>0x1038</load_address>
         <run_address>0x1038</run_address>
         <size>0x68</size>
         <input_file_ref idref="fl-f"/>
      </object_component>
      <object_component id="oc-154">
         <name>.debug_frame</name>
         <load_address>0x10a0</load_address>
         <run_address>0x10a0</run_address>
         <size>0x58</size>
         <input_file_ref idref="fl-f"/>
      </object_component>
      <object_component id="oc-147">
         <name>.debug_frame</name>
         <load_address>0x10f8</load_address>
         <run_address>0x10f8</run_address>
         <size>0x5c</size>
         <input_file_ref idref="fl-f"/>
      </object_component>
      <object_component id="oc-14e">
         <name>.debug_frame</name>
         <load_address>0x1154</load_address>
         <run_address>0x1154</run_address>
         <size>0x58</size>
         <input_file_ref idref="fl-f"/>
      </object_component>
      <object_component id="oc-13c">
         <name>.debug_frame</name>
         <load_address>0x11ac</load_address>
         <run_address>0x11ac</run_address>
         <size>0x54</size>
         <input_file_ref idref="fl-11"/>
      </object_component>
      <object_component id="oc-136">
         <name>.debug_frame</name>
         <load_address>0x1200</load_address>
         <run_address>0x1200</run_address>
         <size>0x54</size>
         <input_file_ref idref="fl-11"/>
      </object_component>
      <object_component id="oc-180">
         <name>.debug_frame</name>
         <load_address>0x1254</load_address>
         <run_address>0x1254</run_address>
         <size>0x68</size>
         <input_file_ref idref="fl-11"/>
      </object_component>
      <object_component id="oc-156">
         <name>.debug_frame</name>
         <load_address>0x12bc</load_address>
         <run_address>0x12bc</run_address>
         <size>0x60</size>
         <input_file_ref idref="fl-11"/>
      </object_component>
      <object_component id="oc-166">
         <name>.debug_frame</name>
         <load_address>0x131c</load_address>
         <run_address>0x131c</run_address>
         <size>0x54</size>
         <input_file_ref idref="fl-12"/>
      </object_component>
      <object_component id="oc-233">
         <name>.debug_frame</name>
         <load_address>0x1370</load_address>
         <run_address>0x1370</run_address>
         <size>0x54</size>
         <input_file_ref idref="fl-12"/>
      </object_component>
      <object_component id="oc-160">
         <name>.debug_frame</name>
         <load_address>0x13c4</load_address>
         <run_address>0x13c4</run_address>
         <size>0x5c</size>
         <input_file_ref idref="fl-12"/>
      </object_component>
      <object_component id="oc-172">
         <name>.debug_frame</name>
         <load_address>0x1420</load_address>
         <run_address>0x1420</run_address>
         <size>0x54</size>
         <input_file_ref idref="fl-12"/>
      </object_component>
      <object_component id="oc-16c">
         <name>.debug_frame</name>
         <load_address>0x1474</load_address>
         <run_address>0x1474</run_address>
         <size>0x54</size>
         <input_file_ref idref="fl-12"/>
      </object_component>
[...]
      </symbol>
      <symbol id="sm-16a">
         <name>vPortSVCHandler</name>
         <value>0x3f5d</value>
         <object_component_ref idref="oc-2d"/>
      </symbol>
      <symbol id="sm-23a">
         <name>xQueueRegistry</name>
         <value>0x20004e84</value>
      </symbol>
      <symbol id="sm-23b">
         <name>xQueuePeekFromISR</name>
         <value>0x2f8f</value>
         <object_component_ref idref="oc-173"/>
      </symbol>
      <symbol id="sm-23c">
         <name>xQueueIsQueueEmptyFromISR</name>
         <value>0x3261</value>
         <object_component_ref idref="oc-173"/>
      </symbol>
      <symbol id="sm-23d">
         <name>xQueueGenericSendFromISR</name>
         <value>0x2a07</value>
         <object_component_ref idref="oc-173"/>
      </symbol>
      <symbol id="sm-23e">
         <name>uxQueueMessagesWaiting</name>
         <value>0x2fe5</value>
         <object_component_ref idref="oc-173"/>
      </symbol>
      <symbol id="sm-23f">
         <name>vQueueAddToRegistry</name>
         <value>0x32cd</value>
         <object_component_ref idref="oc-173"/>
      </symbol>
      <symbol id="sm-240">
         <name>xQueueIsQueueFullFromISR</name>
         <value>0x32a7</value>
         <object_component_ref idref="oc-173"/>
      </symbol>
      <symbol id="sm-241">
         <name>xQueueGenericCreate</name>
         <value>0x2717</value>
         <object_component_ref idref="oc-173"/>
      </symbol>
      <symbol id="sm-242">
         <name>xQueueCreateMutex</name>
         <value>0x27f1</value>
         <object_component_ref idref="oc-173"/>
      </symbol>
      <symbol id="sm-243">
         <name>vQueueSetQueueNumber</name>
         <value>0x3055</value>
         <object_component_ref idref="oc-173"/>
      </symbol>
      <symbol id="sm-244">
         <name>xQueueGenericSend</name>
         <value>0x28d1</value>
         <object_component_ref idref="oc-173"/>
      </symbol>
      <symbol id="sm-245">
         <name>xQueueGenericReset</name>
         <value>0x2645</value>
         <object_component_ref idref="oc-173"/>
      </symbol>
      <symbol id="sm-246">
         <name>xQueueReceiveFromISR</name>
         <value>0x2ef1</value>
         <object_component_ref idref="oc-173"/>
      </symbol>
      <symbol id="sm-247">
         <name>uxQueueSpacesAvailable</name>
         <value>0x2ffb</value>
         <object_component_ref idref="oc-173"/>
      </symbol>
      <symbol id="sm-248">
         <name>xQueueGiveMutexRecursive</name>
         <value>0x281d</value>
         <object_component_ref idref="oc-173"/>
      </symbol>
      <symbol id="sm-249">
         <name>xQueueSemaphoreTake</name>
         <value>0x2c69</value>
         <object_component_ref idref="oc-173"/>
      </symbol>
      <symbol id="sm-24a">
         <name>vQueueUnregisterQueue</name>
         <value>0x337b</value>
         <object_component_ref idref="oc-173"/>
      </symbol>
      <symbol id="sm-24b">
         <name>xQueueGiveFromISR</name>
         <value>0x2aad</value>
         <object_component_ref idref="oc-173"/>
      </symbol>
      <symbol id="sm-24c">
         <name>uxQueueMessagesWaitingFromISR</name>
         <value>0x301b</value>
         <object_component_ref idref="oc-173"/>
      </symbol>
      <symbol id="sm-24d">
         <name>uxQueueGetQueueNumber</name>
         <value>0x3047</value>
         <object_component_ref idref="oc-173"/>
      </symbol>
      <symbol id="sm-24e">
         <name>xQueueTakeMutexRecursive</name>
         <value>0x2859</value>
         <object_component_ref idref="oc-173"/>
      </symbol>
      <symbol id="sm-24f">
         <name>xQueueCreateCountingSemaphore</name>
         <value>0x28a1</value>
         <object_component_ref idref="oc-173"/>
      </symbol>
      <symbol id="sm-250">
         <name>vQueueDelete</name>
         <value>0x3031</value>
         <object_component_ref idref="oc-173"/>
      </symbol>
      <symbol id="sm-251">
         <name>xQueuePeek</name>
         <value>0x2dc9</value>
         <object_component_ref idref="oc-173"/>
      </symbol>
      <symbol id="sm-252">
         <name>xQueueReceive</name>
         <value>0x2b45</value>
         <object_component_ref idref="oc-173"/>
      </symbol>
      <symbol id="sm-253">
         <name>pcQueueGetName</name>
         <value>0x333b</value>
         <object_component_ref idref="oc-173"/>
      </symbol>
      <symbol id="sm-254">
         <name>ucQueueGetQueueType</name>
         <value>0x3067</value>
         <object_component_ref idref="oc-173"/>
      </symbol>
      <symbol id="sm-4af">
         <name>vTaskDelay</name>
         <value>0x601</value>
         <object_component_ref idref="oc-7f"/>
      </symbol>
      <symbol id="sm-4b0">
         <name>vTaskSuspendAll</name>
         <value>0xbfd</value>
         <object_component_ref idref="oc-7f"/>
      </symbol>
      <symbol id="sm-4b1">
         <name>vTaskPlaceOnEventList</name>
         <value>0x13e9</value>
         <object_component_ref idref="oc-7f"/>
      </symbol>
      <symbol id="sm-4b2">
         <name>vTaskSetTaskNumber</name>
         <value>0x1811</value>
         <object_component_ref idref="oc-7f"/>
      </symbol>
      <symbol id="sm-4b3">
         <name>uxTaskPriorityGetFromISR</name>
         <value>0x741</value>
         <object_component_ref idref="oc-7f"/>
      </symbol>
      <symbol id="sm-4b4">
         <name>pcTaskGetName</name>
         <value>0xe19</value>
         <object_component_ref idref="oc-7f"/>
      </symbol>
      <symbol id="sm-4b5">
         <name>xTaskCheckForTimeOut</name>
         <value>0x1739</value>
         <object_component_ref idref="oc-7f"/>
      </symbol>
      <symbol id="sm-4b6">
         <name>vTaskGenericNotifyGiveFromISR</name>
         <value>0x2345</value>
         <object_component_ref idref="oc-7f"/>
      </symbol>
      <symbol id="sm-4b7">
         <name>vTaskRemoveFromUnorderedEventList</name>
         <value>0x15dd</value>
         <object_component_ref idref="oc-7f"/>
      </symbol>
      <symbol id="sm-4b8">
         <name>vTaskPrioritySet</name>
         <value>0x78d</value>
         <object_component_ref idref="oc-7f"/>
      </symbol>
      <symbol id="sm-4b9">
         <name>xTaskPriorityDisinherit</name>
         <value>0x1c55</value>
         <object_component_ref idref="oc-7f"/>
      </symbol>
      <symbol id="sm-4ba">
         <name>xTaskAbortDelay</name>
         <value>0x10a1</value>
         <object_component_ref idref="oc-7f"/>
      </symbol>
      <symbol id="sm-4bb">
         <name>vTaskStartScheduler</name>
         <value>0xb97</value>
         <object_component_ref idref="oc-7f"/>
      </symbol>
      <symbol id="sm-4bc">
         <name>vTaskInternalSetTimeOutState</name>
         <value>0x1719</value>
         <object_component_ref idref="oc-7f"/>
      </symbol>
      <symbol id="sm-4bd">
         <name>pvTaskIncrementMutexHeldCount</name>
         <value>0x1e43</value>
         <object_component_ref idref="oc-7f"/>
      </symbol>
      <symbol id="sm-4be">
         <name>uxTaskGetStackHighWaterMark</name>
         <value>0x1a89</value>
         <object_component_ref idref="oc-7f"/>
      </symbol>
      <symbol id="sm-4bf">
         <name>xTaskGenericNotifyStateClear</name>
         <value>0x24ad</value>
         <object_component_ref idref="oc-7f"/>
      </symbol>
      <symbol id="sm-4c0">
         <name>xTaskGenericNotify</name>
         <value>0x1fd9</value>
         <object_component_ref idref="oc-7f"/>
      </symbol>
      <symbol id="sm-4c1">
         <name>vTaskPriorityDisinheritAfterTimeout</name>
         <value>0x1d29</value>
         <object_component_ref idref="oc-7f"/>
      </symbol>
      <symbol id="sm-4c2">
         <name>xTaskCreate</name>
         <value>0x26d</value>
         <object_component_ref idref="oc-7f"/>
      </symbol>
      <symbol id="sm-4c3">
         <name>xTaskDelayUntil</name>
         <value>0x553</value>
         <object_component_ref idref="oc-7f"/>
      </symbol>
      <symbol id="sm-4c4">
         <name>uxTaskGetTaskNumber</name>
         <value>0x17f1</value>
         <object_component_ref idref="oc-7f"/>
      </symbol>
      <symbol id="sm-4c5">
         <name>vTaskEndScheduler</name>
         <value>0xbe1</value>
         <object_component_ref idref="oc-7f"/>
      </symbol>
      <symbol id="sm-4c6">
         <name>vTaskMissedYield</name>
         <value>0x17e5</value>
         <object_component_ref idref="oc-7f"/>
      </symbol>
      <symbol id="sm-4c7">
         <name>uxTaskGetNumberOfTasks</name>
         <value>0xe0d</value>
         <object_component_ref idref="oc-7f"/>
      </symbol>
      <symbol id="sm-4c8">
         <name>xTaskCatchUpTicks</name>
         <value>0x1081</value>
         <object_component_ref idref="oc-7f"/>
      </symbol>
      <symbol id="sm-4c9">
         <name>xTaskGenericNotifyFromISR</name>
         <value>0x2161</value>
         <object_component_ref idref="oc-7f"/>
      </symbol>
      <symbol id="sm-4ca">
         <name>vTaskGetInfo</name>
         <value>0x18f9</value>
         <object_component_ref idref="oc-7f"/>
      </symbol>
      <symbol id="sm-4cb">
         <name>uxTaskPriorityGet</name>
         <value>0x719</value>
         <object_component_ref idref="oc-7f"/>
      </symbol>
      <symbol id="sm-4cc">
         <name>xTaskResumeAll</name>
         <value>0xc19</value>
         <object_component_ref idref="oc-7f"/>
      </symbol>
      <symbol id="sm-4cd">
         <name>xTaskGetHandle</name>
         <value>0xf25</value>
         <object_component_ref idref="oc-7f"/>
      </symbol>
      <symbol id="sm-4ce">
         <name>xTaskGetTickCount</name>
         <value>0xdb9</value>
         <object_component_ref idref="oc-7f"/>
      </symbol>
      <symbol id="sm-4cf">
         <name>ulTaskGenericNotifyTake</name>
         <value>0x1e69</value>
         <object_component_ref idref="oc-7f"/>
      </symbol>
      <symbol id="sm-4d0">
         <name>uxTaskGetSystemState</name>
         <value>0xfa9</value>
         <object_component_ref idref="oc-7f"/>
      </symbol>
      <symbol id="sm-4d1">
         <name>vTaskDelete</name>
         <value>0x4c7</value>
         <object_component_ref idref="oc-7f"/>
      </symbol>
      <symbol id="sm-4d2">
         <name>ulTaskGenericNotifyValueClear</name>
         <value>0x24f7</value>
         <object_component_ref idref="oc-7f"/>
      </symbol>
      <symbol id="sm-4d3">
         <name>xTaskGenericNotifyWait</name>
         <value>0x1f0f</value>
         <object_component_ref idref="oc-7f"/>
      </symbol>
      <symbol id="sm-4d4">
         <name>pxCurrentTCB</name>
         <value>0x20005150</value>
         <object_component_ref idref="oc-79"/>
      </symbol>
      <symbol id="sm-4d5">
         <name>eTaskGetState</name>
         <value>0x655</value>
         <object_component_ref idref="oc-7f"/>
      </symbol>
      <symbol id="sm-4d6">
         <name>vTaskSuspend</name>
         <value>0x8dd</value>
         <object_component_ref idref="oc-7f"/>
      </symbol>
      <symbol id="sm-4d7">
         <name>xTaskGetIdleTaskHandle</name>
         <value>0x107b</value>
         <object_component_ref idref="oc-7f"/>
      </symbol>
      <symbol id="sm-4d8">
         <name>xTaskGetTickCountFromISR</name>
         <value>0xdd9</value>
         <object_component_ref idref="oc-7f"/>
      </symbol>
      <symbol id="sm-4d9">
         <name>vTaskResume</name>
         <value>0x9ef</value>
         <object_component_ref idref="oc-7f"/>
      </symbol>
      <symbol id="sm-4da">
         <name>uxTopUsedPriority</name>
         <value>0x44a0</value>
         <object_component_ref idref="oc-f9"/>
      </symbol>
      <symbol id="sm-4db">
         <name>vTaskSetTimeOutState</name>
         <value>0x16fb</value>
         <object_component_ref idref="oc-7f"/>
      </symbol>
      <symbol id="sm-4dc">
         <name>xTaskIncrementTick</name>
         <value>0x1189</value>
         <object_component_ref idref="oc-7f"/>
      </symbol>
      <symbol id="sm-4dd">
         <name>vTaskSwitchContext</name>
         <value>0x1365</value>
         <object_component_ref idref="oc-7f"/>
      </symbol>
      <symbol id="sm-4de">
         <name>uxTaskResetEventItemValue</name>
         <value>0x1e1d</value>
         <object_component_ref idref="oc-7f"/>
      </symbol>
      <symbol id="sm-4df">
         <name>xTaskGetSchedulerState</name>
         <value>0x1b19</value>
         <object_component_ref idref="oc-7f"/>
      </symbol>
      <symbol id="sm-4e0">
         <name>xTaskResumeFromISR</name>
         <value>0xabd</value>
         <object_component_ref idref="oc-7f"/>
      </symbol>
      <symbol id="sm-4e1">
         <name>xTaskGetCurrentTaskHandle</name>
         <value>0x1af5</value>
         <object_component_ref idref="oc-7f"/>
      </symbol>
      <symbol id="sm-4e2">
         <name>vTaskPlaceOnUnorderedEventList</name>
         <value>0x1419</value>
         <object_component_ref idref="oc-7f"/>
      </symbol>
      <symbol id="sm-4e3">
         <name>xTaskRemoveFromEventList</name>
         <value>0x1485</value>
         <object_component_ref idref="oc-7f"/>
      </symbol>
      <symbol id="sm-4e4">
         <name>xTaskPriorityInherit</name>
         <value>0x1b55</value>
         <object_component_ref idref="oc-7f"/>
      </symbol>
      <symbol id="sm-500">
         <name>ResetISR</name>
         <value>0x4369</value>
         <object_component_ref idref="oc-27"/>
      </symbol>
      <symbol id="sm-501">
         <name>g_pfnVectors</name>
         <value>0x0</value>
         <object_component_ref idref="oc-12"/>
      </symbol>
      <symbol id="sm-569">
         <name>GPIOPinConfigure</name>
         <value>0x412d</value>
         <object_component_ref idref="oc-149"/>
      </symbol>
      <symbol id="sm-56a">
         <name>GPIOPinTypeUART</name>
         <value>0x4325</value>
         <object_component_ref idref="oc-14f"/>
      </symbol>
      <symbol id="sm-56b">
         <name>GPIOPinTypeGPIOOutput</name>
         <value>0x42f1</value>
         <object_component_ref idref="oc-143"/>
      </symbol>
      <symbol id="sm-56c">
         <name>GPIODirModeSet</name>
         <value>0x42a5</value>
         <object_component_ref idref="oc-21e"/>
      </symbol>
      <symbol id="sm-56d">
         <name>GPIOPinWrite</name>
         <value>0x4389</value>
         <object_component_ref idref="oc-179"/>
      </symbol>
      <symbol id="sm-56e">
         <name>GPIOPadConfigSet</name>
         <value>0x3a29</value>
         <object_component_ref idref="oc-218"/>
      </symbol>
      <symbol id="sm-56f">
         <name>GPIOUnlockPin</name>
         <value>0x430d</value>
         <object_component_ref idref="oc-13d"/>
      </symbol>
      <symbol id="sm-5ce">
         <name>SysCtlClockSet</name>
         <value>0x3de1</value>
         <object_component_ref idref="oc-17f"/>
      </symbol>
      <symbol id="sm-5cf">
         <name>SysCtlDelay</name>
         <value>0x438f</value>
         <object_component_ref idref="oc-243"/>
      </symbol>
      <symbol id="sm-5d0">
         <name>SysCtlPeripheralEnable</name>
         <value>0x423d</value>
         <object_component_ref idref="oc-131"/>
      </symbol>
      <symbol id="sm-5d1">
         <name>SysCtlClockGet</name>
         <value>0x3cc9</value>
         <object_component_ref idref="oc-155"/>
      </symbol>
      <symbol id="sm-5d2">
         <name>SysCtlPeripheralReady</name>
         <value>0x4205</value>
         <object_component_ref idref="oc-137"/>
      </symbol>
      <symbol id="sm-605">
         <name>UARTConfigSetExpClk</name>
         <value>0x4179</value>
         <object_component_ref idref="oc-15b"/>
      </symbol>
      <symbol id="sm-606">
         <name>UARTDisable</name>
         <value>0x42d1</value>
         <object_component_ref idref="oc-22e"/>
      </symbol>
      <symbol id="sm-607">
         <name>UARTCharPut</name>
         <value>0x437f</value>
         <object_component_ref idref="oc-16d"/>
      </symbol>
      <symbol id="sm-608">
         <name>UARTEnable</name>
         <value>0x433b</value>
         <object_component_ref idref="oc-161"/>
      </symbol>
      <symbol id="sm-609">
         <name>UARTCharGet</name>
         <value>0x4375</value>
         <object_component_ref idref="oc-167"/>
      </symbol>
      <symbol id="sm-625">
         <name>memcpy</name>
         <value>0x3faf</value>
         <object_component_ref idref="oc-46"/>
      </symbol>
      <symbol id="sm-626">
         <name>__aeabi_memcpy</name>
         <value>0x3faf</value>
         <object_component_ref idref="oc-46"/>
      </symbol>
      <symbol id="sm-627">
         <name>__aeabi_memcpy8</name>
         <value>0x3faf</value>
         <object_component_ref idref="oc-46"/>
      </symbol>
      <symbol id="sm-628">
         <name>__aeabi_memcpy4</name>
         <value>0x3faf</value>
         <object_component_ref idref="oc-46"/>
      </symbol>
      <symbol id="sm-637">
         <name>__aeabi_memset</name>
         <value>0x404d</value>
         <object_component_ref idref="oc-b6"/>
      </symbol>
      <symbol id="sm-638">
         <name>memset</name>
         <value>0x4053</value>
         <object_component_ref idref="oc-b6"/>
      </symbol>
      <symbol id="sm-639">
         <name>__aeabi_memset8</name>
         <value>0x404d</value>
         <object_component_ref idref="oc-b6"/>
      </symbol>
      <symbol id="sm-63a">
         <name>__aeabi_memset4</name>
         <value>0x404d</value>
         <object_component_ref idref="oc-b6"/>
      </symbol>
      <symbol id="sm-63b">
         <name>__aeabi_memclr8</name>
         <value>0x404b</value>
         <object_component_ref idref="oc-b6"/>
      </symbol>
      <symbol id="sm-63c">
         <name>__aeabi_memclr4</name>
         <value>0x404b</value>
         <object_component_ref idref="oc-b6"/>
      </symbol>
      <symbol id="sm-63d">
         <name>__aeabi_memclr</name>
         <value>0x404b</value>
         <object_component_ref idref="oc-b6"/>
      </symbol>
      <symbol id="sm-654">
         <name>__TI_zero_init</name>
         <value>0x435d</value>
         <object_component_ref idref="oc-58"/>
      </symbol>
      <symbol id="sm-66b">
         <name>__TI_decompress_none</name>
         <value>0x434f</value>
         <object_component_ref idref="oc-1b"/>
      </symbol>
      <symbol id="sm-68e">
         <name>__TI_decompress_lzss</name>
         <value>0x40c5</value>
         <object_component_ref idref="oc-15"/>
      </symbol>
      <symbol id="sm-6a1">
         <name>__stack</name>
         <value>0x20004f50</value>
         <object_component_ref idref="oc-24"/>
      </symbol>
      <symbol id="sm-6a2">
         <name>_c_int00_noargs</name>
         <value>0x4271</value>
         <object_component_ref idref="oc-64"/>
      </symbol>
      <symbol id="sm-6ca">
         <name>__TI_auto_init_nobinit_nopinit</name>
         <value>0x41c1</value>
         <object_component_ref idref="oc-19b"/>
      </symbol>
      <symbol id="sm-6d4">
         <name>_system_pre_init</name>
         <value>0x4395</value>
         <object_component_ref idref="oc-bc"/>
      </symbol>
      <symbol id="sm-6e0">
         <name>C$$EXIT</name>
         <value>0x4399</value>
         <object_component_ref idref="oc-18f"/>
      </symbol>
      <symbol id="sm-6e1">
         <name>abort</name>
         <value>0x4399</value>
         <object_component_ref idref="oc-18f"/>
      </symbol>
      <symbol id="sm-6e4">
         <name>__TI_static_base__</name>
         <value>0x0</value>
      </symbol>
      <symbol id="sm-6e7">
         <name>__mpu_init</name>
         <value>0x0</value>
      </symbol>
      <symbol id="sm-6e8">
         <name>_system_post_cinit</name>
         <value>0x0</value>
      </symbol>
   </symbol_table>
   <title>Link successful</title>
</link_info>
